     VMA      LMA     Size Align Out     In      Symbol
       0        0        0     1 __DYNAMIC = 0
       0        0        0     1 _min_stack = 0x4000
       0        0        0     1 _stack_len = LENGTH(stack)
       0        0        0     1 _stack_start = ORIGIN(stack) + LENGTH(stack)
    8000     8000       8c     1 .vectors
    8000     8000        0     1         . = ALIGN(4)
    8000     8000       8c     1         crt0.riscv.o:(.vectors)
    8000     8000        0     1                 $x
    8000     8000        0     1                 .L0 
    8004     8004        0     1                 .L0 
    8008     8008        0     1                 .L0 
    800c     800c        0     1                 .L0 
    8010     8010        0     1                 .L0 
    8014     8014        0     1                 .L0 
    8018     8018        0     1                 .L0 
    801c     801c        0     1                 .L0 
    8020     8020        0     1                 .L0 
    8024     8024        0     1                 .L0 
    8028     8028        0     1                 .L0 
    802c     802c        0     1                 .L0 
    8030     8030        0     1                 .L0 
    8034     8034        0     1                 .L0 
    8038     8038        0     1                 .L0 
    803c     803c        0     1                 .L0 
    8040     8040        0     1                 .L0 
    8044     8044        0     1                 .L0 
    8048     8048        0     1                 .L0 
    804c     804c        0     1                 .L0 
    8050     8050        0     1                 .L0 
    8054     8054        0     1                 .L0 
    8058     8058        0     1                 .L0 
    805c     805c        0     1                 .L0 
    8060     8060        0     1                 .L0 
    8064     8064        0     1                 .L0 
    8068     8068        0     1                 .L0 
    806c     806c        0     1                 .L0 
    8070     8070        0     1                 .L0 
    8074     8074        0     1                 .L0 
    8078     8078        0     1                 .L0 
    807c     807c        0     1                 .L0 
    8080     8080        0     1                 .L0 
    8084     8084        0     1                 .L0 
    8088     8088        0     1                 .L0 
    808c     808c        0     1                 .L0 
    808c     808c      1d2     2 .text
    808c     808c        0     1         . = ALIGN(4)
    808c     808c        0     1         _stext = .
    808c     808c        0     2         include/exceptions.o:(.text)
    808c     808c        0     2         include/int.o:(.text)
    808c     808c        0     2         include/tcutils.o:(.text)
    808c     808c        0     2         include/utils.o:(.text)
    808c     808c        0     2         software_sol.o:(.text)
    808c     808c      1c2     2         crt0.riscv.o:(.text)
    808c     808c        0     1                 reset_handler
    808c     808c        0     1                 .L0 
    808c     808c        0     1                 $x
    808c     808c        0     1                 .L0 
    808e     808e        0     1                 .L0 
    8090     8090        0     1                 .L0 
    8092     8092        0     1                 .L0 
    8094     8094        0     1                 .L0 
    8096     8096        0     1                 .L0 
    8098     8098        0     1                 .L0 
    809a     809a        0     1                 .L0 
    809c     809c        0     1                 .L0 
    809e     809e        0     1                 .L0 
    80a0     80a0        0     1                 .L0 
    80a2     80a2        0     1                 .L0 
    80a4     80a4        0     1                 .L0 
    80a6     80a6        0     1                 .L0 
    80a8     80a8        0     1                 .L0 
    80aa     80aa        0     1                 .L0 
    80ac     80ac        0     1                 .L0 
    80ae     80ae        0     1                 .L0 
    80b0     80b0        0     1                 .L0 
    80b2     80b2        0     1                 .L0 
    80b4     80b4        0     1                 .L0 
    80b6     80b6        0     1                 .L0 
    80b8     80b8        0     1                 .L0 
    80ba     80ba        0     1                 .L0 
    80bc     80bc        0     1                 .L0 
    80be     80be        0     1                 .L0 
    80c0     80c0        0     1                 .L0 
    80c2     80c2        0     1                 .L0 
    80c4     80c4        0     1                 .L0 
    80c6     80c6        0     1                 .L0 
    80c8     80c8        0     1                 .L0 
    80ca     80ca        0     1                 .Lpcrel_hi0
    80ca     80ca        0     1                 .L0 
    80d2     80d2        0     1                 .L0 
    80d2     80d2        0     1                 .L0 
    80d2     80d2        0     1                 _start
    80d6     80d6        0     1                 zero_loop
    80d6     80d6        0     1                 .L0 
    80d6     80d6        0     1                 .L0 
    80da     80da        0     1                 .L0 
    80dc     80dc        0     1                 .L0 
    80e0     80e0        0     1                 zero_loop_end
    80e0     80e0        0     1                 .L0 
    80e0     80e0        0     1                 .L0 
    80e2     80e2        0     1                 .L0 
    80e4     80e4        0     1                 .L0 
    80e8     80e8        0     1                 .L0 
    80ea     80ea        0     1                 .L0 
    80ec     80ec        0     1                 .L0 
    80f0     80f0        0     1                 ISR_I2C_ASM
    80f0     80f0        0     1                 .L0 
    80f0     80f0        0     1                 .L0 
    80f2     80f2        0     1                 .L0 
    80f4     80f4        0     1                 .L0 
    80f6     80f6        0     1                 .Lpcrel_hi1
    80f6     80f6        0     1                 .L0 
    80fe     80fe        0     1                 .L0 
    8102     8102        0     1                 ISR_UART_ASM
    8102     8102        0     1                 .L0 
    8102     8102        0     1                 .L0 
    8104     8104        0     1                 .L0 
    8106     8106        0     1                 .L0 
    8108     8108        0     1                 .Lpcrel_hi2
    8108     8108        0     1                 .L0 
    8110     8110        0     1                 .L0 
    8114     8114        0     1                 ISR_GPIO_ASM
    8114     8114        0     1                 .L0 
    8114     8114        0     1                 .L0 
    8116     8116        0     1                 .L0 
    8118     8118        0     1                 .L0 
    811a     811a        0     1                 .Lpcrel_hi3
    811a     811a        0     1                 .L0 
    8122     8122        0     1                 .L0 
    8126     8126        0     1                 ISR_SPIM0_ASM
    8126     8126        0     1                 .L0 
    8126     8126        0     1                 .L0 
    8128     8128        0     1                 .L0 
    812a     812a        0     1                 .L0 
    812c     812c        0     1                 .Lpcrel_hi4
    812c     812c        0     1                 .L0 
    8134     8134        0     1                 .L0 
    8138     8138        0     1                 ISR_SPIM1_ASM
    8138     8138        0     1                 .L0 
    8138     8138        0     1                 .L0 
    813a     813a        0     1                 .L0 
    813c     813c        0     1                 .L0 
    813e     813e        0     1                 .Lpcrel_hi5
    813e     813e        0     1                 .L0 
    8146     8146        0     1                 .L0 
    814a     814a        0     1                 ISR_TA_CMP_ASM
    814a     814a        0     1                 .L0 
    814a     814a        0     1                 .L0 
    814c     814c        0     1                 .L0 
    814e     814e        0     1                 .L0 
    8150     8150        0     1                 .Lpcrel_hi6
    8150     8150        0     1                 .L0 
    8158     8158        0     1                 .L0 
    815c     815c        0     1                 ISR_TA_OVF_ASM
    815c     815c        0     1                 .L0 
    815c     815c        0     1                 .L0 
    815e     815e        0     1                 .L0 
    8160     8160        0     1                 .L0 
    8162     8162        0     1                 .Lpcrel_hi7
    8162     8162        0     1                 .L0 
    816a     816a        0     1                 .L0 
    816e     816e        0     1                 ISR_TB_CMP_ASM
    816e     816e        0     1                 .L0 
    816e     816e        0     1                 .L0 
    8170     8170        0     1                 .L0 
    8172     8172        0     1                 .L0 
    8174     8174        0     1                 .Lpcrel_hi8
    8174     8174        0     1                 .L0 
    817c     817c        0     1                 .L0 
    8180     8180        0     1                 ISR_TB_OVF_ASM
    8180     8180        0     1                 .L0 
    8180     8180        0     1                 .L0 
    8182     8182        0     1                 .L0 
    8184     8184        0     1                 .L0 
    8186     8186        0     1                 .Lpcrel_hi9
    8186     8186        0     1                 .L0 
    818e     818e        0     1                 .L0 
    8192     8192        0     1                 illegal_insn_handler
    8192     8192        0     1                 .L0 
    8192     8192        0     1                 .L0 
    8194     8194        0     1                 .L0 
    8196     8196        0     1                 .L0 
    8198     8198        0     1                 .Lpcrel_hi10
    8198     8198        0     1                 .L0 
    81a0     81a0        0     1                 .L0 
    81a4     81a4        0     1                 ecall_insn_handler
    81a4     81a4        0     1                 .L0 
    81a4     81a4        0     1                 .L0 
    81a6     81a6        0     1                 .L0 
    81a8     81a8        0     1                 .L0 
    81aa     81aa        0     1                 .Lpcrel_hi11
    81aa     81aa        0     1                 .L0 
    81b2     81b2        0     1                 .L0 
    81b6     81b6        0     1                 store_regs
    81b6     81b6        0     1                 .L0 
    81b6     81b6        0     1                 .L0 
    81b8     81b8        0     1                 .L0 
    81ba     81ba        0     1                 .L0 
    81bc     81bc        0     1                 .L0 
    81be     81be        0     1                 .L0 
    81c0     81c0        0     1                 .L0 
    81c2     81c2        0     1                 .L0 
    81c4     81c4        0     1                 .L0 
    81c6     81c6        0     1                 .L0 
    81c8     81c8        0     1                 .L0 
    81ca     81ca        0     1                 .L0 
    81cc     81cc        0     1                 .L0 
    81ce     81ce        0     1                 .L0 
    81d0     81d0        0     1                 .L0 
    81d2     81d2        0     1                 .L0 
    81d4     81d4        0     1                 .L0 
    81d6     81d6        0     1                 .L0 
    81d8     81d8        0     1                 .L0 
    81dc     81dc        0     1                 .L0 
    81e0     81e0        0     1                 .L0 
    81e4     81e4        0     1                 .L0 
    81e6     81e6        0     1                 .L0 
    81e8     81e8        0     1                 .L0 
    81ea     81ea        0     1                 .L0 
    81ee     81ee        0     1                 .L0 
    81f2     81f2        0     1                 .L0 
    81f6     81f6        0     1                 .L0 
    81f8     81f8        0     1                 .L0 
    81fa     81fa        0     1                 .L0 
    81fc     81fc        0     1                 .L0 
    81fe     81fe        0     1                 end_except
    81fe     81fe        0     1                 .L0 
    81fe     81fe        0     1                 .L0 
    8200     8200        0     1                 .L0 
    8202     8202        0     1                 .L0 
    8204     8204        0     1                 .L0 
    8208     8208        0     1                 .L0 
    820c     820c        0     1                 .L0 
    8210     8210        0     1                 .L0 
    8212     8212        0     1                 .L0 
    8214     8214        0     1                 .L0 
    8216     8216        0     1                 .L0 
    821a     821a        0     1                 .L0 
    821e     821e        0     1                 .L0 
    8222     8222        0     1                 .L0 
    8224     8224        0     1                 .L0 
    8226     8226        0     1                 .L0 
    8228     8228        0     1                 .L0 
    822a     822a        0     1                 .L0 
    822c     822c        0     1                 .L0 
    822e     822e        0     1                 .L0 
    8230     8230        0     1                 .L0 
    8232     8232        0     1                 .L0 
    8234     8234        0     1                 .L0 
    8236     8236        0     1                 .L0 
    8238     8238        0     1                 .L0 
    823a     823a        0     1                 .L0 
    823c     823c        0     1                 .L0 
    823e     823e        0     1                 .L0 
    8240     8240        0     1                 .L0 
    8242     8242        0     1                 .L0 
    8244     8244        0     1                 .L0 
    8246     8246        0     1                 .L0 
    8248     8248        0     1                 .L0 
    824c     824c        0     1                 .L0 
    824c     824c        0     1                 .L0 
    824c     824c        0     1                 .L0 
    824c     824c        0     1                 _init
    824c     824c        0     1                 _fini
    824e     824e        0     1                 .L0 
    824e     824e        0     1         _etext = .
    824e     824e        0     1         __CTOR_LIST__ = .
    824e     824e        4     1         LONG((__CTOR_END__ - __CTOR_LIST__) / 4 - 2)
    8252     8252        4     1         LONG(0)
    8256     8256        0     1         __CTOR_END__ = .
    8256     8256        0     1         __DTOR_LIST__ = .
    8256     8256        4     1         LONG((__DTOR_END__ - __DTOR_LIST__) / 4 - 2)
    825a     825a        4     1         LONG(0)
    825e     825e        0     1         __DTOR_END__ = .
    825e     825e        0     1         _endtext = .
    825e     825e        2     2 .text.default_exception_handler_c
    825e     825e        2     2         include/exceptions.o:(.text.default_exception_handler_c)
    825e     825e        0     1                 .L0 
    825e     825e        0     1                 .L0 
    825e     825e        0     1                 .L0 
    825e     825e        0     1                 $x
    825e     825e        0     1                 .L0 
    825e     825e        2     1                 default_exception_handler_c
    8260     8260        0     1                 .L0 
    8260     8260        0     1                 .L0 
    8260     8260        2     2 .text.illegal_insn_handler_c
    8260     8260        2     2         include/exceptions.o:(.text.illegal_insn_handler_c)
    8260     8260        0     1                 .L0 
    8260     8260        0     1                 .L0 
    8260     8260        0     1                 .L0 
    8260     8260        0     1                 $x
    8260     8260        0     1                 .L0 
    8260     8260        2     1                 illegal_insn_handler_c
    8262     8262        0     1                 .L0 
    8262     8262        0     1                 .L0 
    8262     8262        2     2 .text.ecall_insn_handler_c
    8262     8262        2     2         include/exceptions.o:(.text.ecall_insn_handler_c)
    8262     8262        0     1                 .L0 
    8262     8262        0     1                 .L0 
    8262     8262        0     1                 .L0 
    8262     8262        0     1                 $x
    8262     8262        0     1                 .L0 
    8262     8262        2     1                 ecall_insn_handler_c
    8264     8264        0     1                 .L0 
    8264     8264        0     1                 .L0 
    8264     8264        2     2 .text.ISR_I2C
    8264     8264        2     2         include/int.o:(.text.ISR_I2C)
    8264     8264        0     1                 .L0 
    8264     8264        0     1                 .L0 
    8264     8264        0     1                 .L0 
    8264     8264        0     1                 $x
    8264     8264        0     1                 .L0 
    8264     8264        2     1                 ISR_I2C
    8266     8266        0     1                 .L0 
    8266     8266        0     1                 .L0 
    8266     8266        2     2 .text.ISR_UART
    8266     8266        2     2         include/int.o:(.text.ISR_UART)
    8266     8266        0     1                 .L0 
    8266     8266        0     1                 .L0 
    8266     8266        0     1                 .L0 
    8266     8266        0     1                 $x
    8266     8266        0     1                 .L0 
    8266     8266        2     1                 ISR_UART
    8268     8268        0     1                 .L0 
    8268     8268        0     1                 .L0 
    8268     8268        2     2 .text.ISR_GPIO
    8268     8268        2     2         include/int.o:(.text.ISR_GPIO)
    8268     8268        0     1                 .L0 
    8268     8268        0     1                 .L0 
    8268     8268        0     1                 .L0 
    8268     8268        0     1                 $x
    8268     8268        0     1                 .L0 
    8268     8268        2     1                 ISR_GPIO
    826a     826a        0     1                 .L0 
    826a     826a        0     1                 .L0 
    826a     826a        2     2 .text.ISR_SPIM0
    826a     826a        2     2         include/int.o:(.text.ISR_SPIM0)
    826a     826a        0     1                 .L0 
    826a     826a        0     1                 .L0 
    826a     826a        0     1                 .L0 
    826a     826a        0     1                 $x
    826a     826a        0     1                 .L0 
    826a     826a        2     1                 ISR_SPIM0
    826c     826c        0     1                 .L0 
    826c     826c        0     1                 .L0 
    826c     826c        2     2 .text.ISR_SPIM1
    826c     826c        2     2         include/int.o:(.text.ISR_SPIM1)
    826c     826c        0     1                 .L0 
    826c     826c        0     1                 .L0 
    826c     826c        0     1                 .L0 
    826c     826c        0     1                 $x
    826c     826c        0     1                 .L0 
    826c     826c        2     1                 ISR_SPIM1
    826e     826e        0     1                 .L0 
    826e     826e        0     1                 .L0 
    826e     826e        2     2 .text.ISR_TA_OVF
    826e     826e        2     2         include/int.o:(.text.ISR_TA_OVF)
    826e     826e        0     1                 .L0 
    826e     826e        0     1                 .L0 
    826e     826e        0     1                 .L0 
    826e     826e        0     1                 $x
    826e     826e        0     1                 .L0 
    826e     826e        2     1                 ISR_TA_OVF
    8270     8270        0     1                 .L0 
    8270     8270        0     1                 .L0 
    8270     8270        2     2 .text.ISR_TA_CMP
    8270     8270        2     2         include/int.o:(.text.ISR_TA_CMP)
    8270     8270        0     1                 .L0 
    8270     8270        0     1                 .L0 
    8270     8270        0     1                 .L0 
    8270     8270        0     1                 $x
    8270     8270        0     1                 .L0 
    8270     8270        2     1                 ISR_TA_CMP
    8272     8272        0     1                 .L0 
    8272     8272        0     1                 .L0 
    8272     8272        2     2 .text.ISR_TB_OVF
    8272     8272        2     2         include/int.o:(.text.ISR_TB_OVF)
    8272     8272        0     1                 .L0 
    8272     8272        0     1                 .L0 
    8272     8272        0     1                 .L0 
    8272     8272        0     1                 $x
    8272     8272        0     1                 .L0 
    8272     8272        2     1                 ISR_TB_OVF
    8274     8274        0     1                 .L0 
    8274     8274        0     1                 .L0 
    8274     8274        2     2 .text.ISR_TB_CMP
    8274     8274        2     2         include/int.o:(.text.ISR_TB_CMP)
    8274     8274        0     1                 .L0 
    8274     8274        0     1                 .L0 
    8274     8274        0     1                 .L0 
    8274     8274        0     1                 $x
    8274     8274        0     1                 .L0 
    8274     8274        2     1                 ISR_TB_CMP
    8276     8276        0     1                 .L0 
    8276     8276        0     1                 .L0 
    8276     8276       20     2 .text._copy
    8276     8276       20     2         include/tcutils.o:(.text._copy)
    8276     8276        0     1                 .L0 
    8276     8276        0     1                 .L0 
    8276     8276        0     1                 $x
    8276     8276        0     1                 .L0 
    8276     8276       20     1                 _copy
    827c     827c        0     1                 .L0 
    827c     827c        0     1                 .L0 
    8280     8280        0     1                 .L0 
    8282     8282        0     1                 .L0 
    8284     8284        0     1                 .L0 
    8284     8284        0     1                 .L0 
    8286     8286        0     1                 .L0 
    8286     8286        0     1                 .L0 
    8288     8288        0     1                 .L0 
    828a     828a        0     1                 .L0 
    828c     828c        0     1                 .L0 
    828c     828c        0     1                 .L0 
    828c     828c        0     1                 .L0 
    828e     828e        0     1                 .L0 
    8292     8292        0     1                 .L0 
    8296     8296        0     1                 .L0 
    8296     8296        0     1                 .L0 
    8296     8296        2     2 .text._set
    8296     8296        2     2         include/tcutils.o:(.text._set)
    8296     8296        0     1                 .L0 
    8296     8296        0     1                 .L0 
    8296     8296        0     1                 $x
    8296     8296        0     1                 .L0 
    8296     8296        2     1                 _set
    8298     8298        0     1                 .L0 
    8298     8298        0     1                 .L0 
    8298     8298       12     2 .text._double_byte
    8298     8298       12     2         include/tcutils.o:(.text._double_byte)
    8298     8298        0     1                 .L0 
    8298     8298        0     1                 .L0 
    8298     8298        0     1                 $x
    8298     8298        0     1                 .L0 
    8298     8298       12     1                 _double_byte
    829c     829c        0     1                 .L0 
    829e     829e        0     1                 .L0 
    82a2     82a2        0     1                 .L0 
    82a4     82a4        0     1                 .L0 
    82aa     82aa        0     1                 .L0 
    82aa     82aa       24     2 .text._compare
    82aa     82aa       24     2         include/tcutils.o:(.text._compare)
    82aa     82aa        0     1                 .L0 
    82aa     82aa        0     1                 .L0 
    82aa     82aa        0     1                 $x
    82aa     82aa        0     1                 .L0 
    82aa     82aa       24     1                 _compare
    82ac     82ac        0     1                 .L0 
    82ae     82ae        0     1                 .L0 
    82b0     82b0        0     1                 .L0 
    82b0     82b0        0     1                 .L0 
    82b0     82b0        0     1                 .L0 
    82b4     82b4        0     1                 .L0 
    82b8     82b8        0     1                 .L0 
    82ba     82ba        0     1                 .L0 
    82bc     82bc        0     1                 .L0 
    82be     82be        0     1                 .L0 
    82c0     82c0        0     1                 .L0 
    82c4     82c4        0     1                 .L0 
    82c4     82c4        0     1                 .L0 
    82c8     82c8        0     1                 .L0 
    82ca     82ca        0     1                 .L0 
    82ca     82ca        0     1                 .L0 
    82ca     82ca        0     1                 .L0 
    82cc     82cc        0     1                 .L0 
    82cc     82cc        0     1                 .L0 
    82ce     82ce        0     1                 .L0 
    82ce     82ce        0     1                 .L0 
    82ce     82ce       16     2 .text.memset
    82ce     82ce       16     2         include/tcutils.o:(.text.memset)
    82ce     82ce        0     1                 .L0 
    82ce     82ce        0     1                 .L0 
    82ce     82ce        0     1                 $x
    82ce     82ce        0     1                 .L0 
    82ce     82ce       16     1                 memset
    82d2     82d2        0     1                 .L0 
    82d2     82d2        0     1                 .L0 
    82d4     82d4        0     1                 .L0 
    82d4     82d4        0     1                 .L0 
    82d4     82d4        0     1                 .L0 
    82d8     82d8        0     1                 .L0 
    82d8     82d8        0     1                 .L0 
    82de     82de        0     1                 .L0 
    82de     82de        0     1                 .L0 
    82e2     82e2        0     1                 .L0 
    82e2     82e2        0     1                 .L0 
    82e2     82e2        0     1                 .L0 
    82e4     82e4        0     1                 .L0 
    82e4     82e4        0     1                 .L0 
    82e4     82e4       1c     2 .text.memcpy
    82e4     82e4       1c     2         include/tcutils.o:(.text.memcpy)
    82e4     82e4        0     1                 .L0 
    82e4     82e4        0     1                 .L0 
    82e4     82e4        0     1                 $x
    82e4     82e4        0     1                 .L0 
    82e4     82e4       1c     1                 memcpy
    82e8     82e8        0     1                 .L0 
    82e8     82e8        0     1                 .L0 
    82ea     82ea        0     1                 .L0 
    82ea     82ea        0     1                 .L0 
    82ea     82ea        0     1                 .L0 
    82ee     82ee        0     1                 .L0 
    82f0     82f0        0     1                 .L0 
    82f4     82f4        0     1                 .L0 
    82f4     82f4        0     1                 .L0 
    82fa     82fa        0     1                 .L0 
    82fa     82fa        0     1                 .L0 
    82fe     82fe        0     1                 .L0 
    82fe     82fe        0     1                 .L0 
    82fe     82fe        0     1                 .L0 
    8300     8300        0     1                 .L0 
    8300     8300        0     1                 .L0 
    8300     8300        2     2 .text.exit
    8300     8300        2     2         include/utils.o:(.text.exit)
    8300     8300        0     1                 .L0 
    8300     8300        0     1                 .L0 
    8300     8300        0     1                 .L0 
    8300     8300        0     1                 $x
    8300     8300        0     1                 .L0 
    8300     8300        2     1                 exit
    8302     8302        0     1                 .L0 
    8302     8302        0     1                 .L0 
    8302     8302        0     1                 .L0 
    8302     8302        2     2 .text.eoc
    8302     8302        2     2         include/utils.o:(.text.eoc)
    8302     8302        0     1                 .L0 
    8302     8302        0     1                 .L0 
    8302     8302        0     1                 .L0 
    8302     8302        0     1                 $x
    8302     8302        0     1                 .L0 
    8302     8302        2     1                 eoc
    8304     8304        0     1                 .L0 
    8304     8304        0     1                 .L0 
    8304     8304       1a     2 .text.sleep_busy
    8304     8304       1a     2         include/utils.o:(.text.sleep_busy)
    8304     8304        0     1                 .L0 
    8304     8304        0     1                 .L0 
    8304     8304        0     1                 $x
    8304     8304        0     1                 .L0 
    8304     8304       1a     1                 sleep_busy
    8306     8306        0     1                 .L0 
    8308     8308        0     1                 .L0 
    8308     8308        0     1                 .L0 
    830a     830a        0     1                 .L0 
    830e     830e        0     1                 .L0 
    8310     8310        0     1                 .L0 
    8310     8310        0     1                 .L0 
    8310     8310        0     1                 .L0 
    8312     8312        0     1                 .L0 
    8314     8314        0     1                 .L0 
    8316     8316        0     1                 .L0 
    831a     831a        0     1                 .L0 
    831a     831a        0     1                 .L0 
    831a     831a        0     1                 .L0 
    831c     831c        0     1                 .L0 
    831e     831e        0     1                 .L0 
    831e     831e        0     1                 .L0 
    831e     831e       26     2 .text.gf_mult
    831e     831e       26     2         software_sol.o:(.text.gf_mult)
    831e     831e        0     1                 .L0 
    831e     831e        0     1                 .L0 
    831e     831e        0     1                 $x
    831e     831e        0     1                 .L0 
    831e     831e       26     1                 gf_mult
    8322     8322        0     1                 .L0 
    8322     8322        0     1                 .L0 
    8322     8322        0     1                 .L0 
    832e     832e        0     1                 .L0 
    8330     8330        0     1                 .L0 
    8332     8332        0     1                 .L0 
    8336     8336        0     1                 .L0 
    8338     8338        0     1                 .L0 
    833a     833a        0     1                 .L0 
    833c     833c        0     1                 .L0 
    833e     833e        0     1                 .L0 
    833e     833e        0     1                 .L0 
    8342     8342        0     1                 .L0 
    8344     8344        0     1                 .L0 
    8344     8344        0     1                 .L0 
    8344     8344       b0     2 .text.expand_key
    8344     8344       b0     2         software_sol.o:(.text.expand_key)
    8344     8344        0     1                 .L0 
    8344     8344        0     1                 .L0 
    8344     8344        0     1                 $x
    8344     8344        0     1                 .L0 
    8344     8344       b0     1                 expand_key
    8348     8348        0     1                 .L0 
    8348     8348        0     1                 .L0 
    834e     834e        0     1                 .L0 
    834e     834e        0     1                 .L0 
    8352     8352        0     1                 .L0 
    8356     8356        0     1                 .L0 
    835a     835a        0     1                 .L0 
    835e     835e        0     1                 .L0 
    8374     8374        0     1                 .L0 
    8374     8374        0     1                 .L0 
    8374     8374        0     1                 .L0 
    837c     837c        0     1                 .L0 
    8380     8380        0     1                 .L0 
    8384     8384        0     1                 .L0 
    8388     8388        0     1                 .L0 
    838a     838a        0     1                 .L0 
    838a     838a        0     1                 .L0 
    838e     838e        0     1                 .L0 
    8390     8390        0     1                 .L0 
    8390     8390        0     1                 .L0 
    8394     8394        0     1                 .L0 
    8398     8398        0     1                 .L0 
    839a     839a        0     1                 .L0 
    839c     839c        0     1                 .L0 
    839c     839c        0     1                 .L0 
    83a0     83a0        0     1                 .L0 
    83a2     83a2        0     1                 .L0 
    83a6     83a6        0     1                 .L0 
    83aa     83aa        0     1                 .L0 
    83aa     83aa        0     1                 .L0 
    83ae     83ae        0     1                 .L0 
    83b2     83b2        0     1                 .L0 
    83b6     83b6        0     1                 .L0 
    83ba     83ba        0     1                 .L0 
    83ba     83ba        0     1                 .L0 
    83ba     83ba        0     1                 .L0 
    83be     83be        0     1                 .L0 
    83c2     83c2        0     1                 .L0 
    83c6     83c6        0     1                 .L0 
    83ca     83ca        0     1                 .L0 
    83ce     83ce        0     1                 .L0 
    83d2     83d2        0     1                 .L0 
    83d6     83d6        0     1                 .L0 
    83da     83da        0     1                 .L0 
    83de     83de        0     1                 .L0 
    83e2     83e2        0     1                 .L0 
    83e6     83e6        0     1                 .L0 
    83ea     83ea        0     1                 .L0 
    83ea     83ea        0     1                 .L0 
    83ee     83ee        0     1                 .L0 
    83ee     83ee        0     1                 .L0 
    83f0     83f0        0     1                 .L0 
    83f4     83f4        0     1                 .L0 
    83f4     83f4        0     1                 .L0 
    83f4     83f4       22     2 .text.sub_bytes
    83f4     83f4       22     2         software_sol.o:(.text.sub_bytes)
    83f4     83f4        0     1                 .L0 
    83f4     83f4        0     1                 .L0 
    83f4     83f4        0     1                 $x
    83f4     83f4        0     1                 .L0 
    83f4     83f4       22     1                 sub_bytes
    8400     8400        0     1                 .L0 
    8400     8400        0     1                 .L0 
    8400     8400        0     1                 .L0 
    8404     8404        0     1                 .L0 
    840a     840a        0     1                 .L0 
    840e     840e        0     1                 .L0 
    8410     8410        0     1                 .L0 
    8414     8414        0     1                 .L0 
    8414     8414        0     1                 .L0 
    8416     8416        0     1                 .L0 
    8416     8416        0     1                 .L0 
    8416     8416       22     2 .text.sub_bytes_inv
    8416     8416       22     2         software_sol.o:(.text.sub_bytes_inv)
    8416     8416        0     1                 .L0 
    8416     8416        0     1                 .L0 
    8416     8416        0     1                 $x
    8416     8416        0     1                 .L0 
    8416     8416       22     1                 sub_bytes_inv
    8422     8422        0     1                 .L0 
    8422     8422        0     1                 .L0 
    8422     8422        0     1                 .L0 
    8426     8426        0     1                 .L0 
    842c     842c        0     1                 .L0 
    8430     8430        0     1                 .L0 
    8432     8432        0     1                 .L0 
    8436     8436        0     1                 .L0 
    8436     8436        0     1                 .L0 
    8438     8438        0     1                 .L0 
    8438     8438        0     1                 .L0 
    8438     8438       62     2 .text.shift_rows
    8438     8438       62     2         software_sol.o:(.text.shift_rows)
    8438     8438        0     1                 .L0 
    8438     8438        0     1                 .L0 
    8438     8438        0     1                 $x
    8438     8438        0     1                 .L0 
    8438     8438       62     1                 shift_rows
    843c     843c        0     1                 .L0 
    8440     8440        0     1                 .L0 
    8444     8444        0     1                 .L0 
    8448     8448        0     1                 .L0 
    844c     844c        0     1                 .L0 
    8450     8450        0     1                 .L0 
    8454     8454        0     1                 .L0 
    8458     8458        0     1                 .L0 
    845c     845c        0     1                 .L0 
    8460     8460        0     1                 .L0 
    8464     8464        0     1                 .L0 
    8468     8468        0     1                 .L0 
    846c     846c        0     1                 .L0 
    8470     8470        0     1                 .L0 
    8474     8474        0     1                 .L0 
    8478     8478        0     1                 .L0 
    847c     847c        0     1                 .L0 
    8480     8480        0     1                 .L0 
    8484     8484        0     1                 .L0 
    8488     8488        0     1                 .L0 
    848c     848c        0     1                 .L0 
    8490     8490        0     1                 .L0 
    8494     8494        0     1                 .L0 
    8498     8498        0     1                 .L0 
    849a     849a        0     1                 .L0 
    849a     849a       62     2 .text.shift_rows_inv
    849a     849a       62     2         software_sol.o:(.text.shift_rows_inv)
    849a     849a        0     1                 .L0 
    849a     849a        0     1                 .L0 
    849a     849a        0     1                 $x
    849a     849a        0     1                 .L0 
    849a     849a       62     1                 shift_rows_inv
    849e     849e        0     1                 .L0 
    84a2     84a2        0     1                 .L0 
    84a6     84a6        0     1                 .L0 
    84aa     84aa        0     1                 .L0 
    84ae     84ae        0     1                 .L0 
    84b2     84b2        0     1                 .L0 
    84b6     84b6        0     1                 .L0 
    84ba     84ba        0     1                 .L0 
    84be     84be        0     1                 .L0 
    84c2     84c2        0     1                 .L0 
    84c6     84c6        0     1                 .L0 
    84ca     84ca        0     1                 .L0 
    84ce     84ce        0     1                 .L0 
    84d2     84d2        0     1                 .L0 
    84d6     84d6        0     1                 .L0 
    84da     84da        0     1                 .L0 
    84de     84de        0     1                 .L0 
    84e2     84e2        0     1                 .L0 
    84e6     84e6        0     1                 .L0 
    84ea     84ea        0     1                 .L0 
    84ee     84ee        0     1                 .L0 
    84f2     84f2        0     1                 .L0 
    84f6     84f6        0     1                 .L0 
    84fa     84fa        0     1                 .L0 
    84fc     84fc        0     1                 .L0 
    84fc     84fc      1c0     2 .text.mix_columns
    84fc     84fc      1c0     2         software_sol.o:(.text.mix_columns)
    84fc     84fc        0     1                 .L0 
    84fc     84fc        0     1                 .L0 
    84fc     84fc        0     1                 $x
    84fc     84fc        0     1                 .L0 
    84fc     84fc      1c0     1                 mix_columns
    8508     8508        0     1                 .L0 
    8510     8510        0     1                 .L0 
    8512     8512        0     1                 .L0 
    8512     8512        0     1                 .L0 
    8516     8516        0     1                 .L0 
    8524     8524        0     1                 .L0 
    8524     8524        0     1                 .L0 
    8524     8524        0     1                 .L0 
    8530     8530        0     1                 .L0 
    8532     8532        0     1                 .L0 
    8534     8534        0     1                 .L0 
    8536     8536        0     1                 .L0 
    853a     853a        0     1                 .L0 
    853c     853c        0     1                 .L0 
    853e     853e        0     1                 .L0 
    8540     8540        0     1                 .L0 
    8542     8542        0     1                 .L0 
    8542     8542        0     1                 .L0 
    8544     8544        0     1                 .L0 
    8548     8548        0     1                 .L0 
    8556     8556        0     1                 .L0 
    8556     8556        0     1                 .L0 
    8556     8556        0     1                 .L0 
    8562     8562        0     1                 .L0 
    8564     8564        0     1                 .L0 
    8566     8566        0     1                 .L0 
    8566     8566        0     1                 .L0 
    8568     8568        0     1                 .L0 
    8568     8568        0     1                 .L0 
    856c     856c        0     1                 .L0 
    856e     856e        0     1                 .L0 
    8570     8570        0     1                 .L0 
    8572     8572        0     1                 .L0 
    8572     8572        0     1                 .L0 
    8574     8574        0     1                 .L0 
    8574     8574        0     1                 .L0 
    8576     8576        0     1                 .L0 
    857a     857a        0     1                 .L0 
    857e     857e        0     1                 .L0 
    8582     8582        0     1                 .L0 
    8586     8586        0     1                 .L0 
    858a     858a        0     1                 .L0 
    858e     858e        0     1                 .L0 
    8590     8590        0     1                 .L0 
    8590     8590        0     1                 .L0 
    8592     8592        0     1                 .L0 
    8596     8596        0     1                 .L0 
    859a     859a        0     1                 .L0 
    85a2     85a2        0     1                 .L0 
    85a2     85a2        0     1                 .L0 
    85a2     85a2        0     1                 .L0 
    85ae     85ae        0     1                 .L0 
    85b0     85b0        0     1                 .L0 
    85b2     85b2        0     1                 .L0 
    85b2     85b2        0     1                 .L0 
    85b4     85b4        0     1                 .L0 
    85b4     85b4        0     1                 .L0 
    85b8     85b8        0     1                 .L0 
    85ba     85ba        0     1                 .L0 
    85bc     85bc        0     1                 .L0 
    85be     85be        0     1                 .L0 
    85be     85be        0     1                 .L0 
    85c0     85c0        0     1                 .L0 
    85c0     85c0        0     1                 .L0 
    85c6     85c6        0     1                 .L0 
    85c6     85c6        0     1                 .L0 
    85c6     85c6        0     1                 .L0 
    85d2     85d2        0     1                 .L0 
    85d4     85d4        0     1                 .L0 
    85d6     85d6        0     1                 .L0 
    85d6     85d6        0     1                 .L0 
    85d8     85d8        0     1                 .L0 
    85d8     85d8        0     1                 .L0 
    85dc     85dc        0     1                 .L0 
    85de     85de        0     1                 .L0 
    85e0     85e0        0     1                 .L0 
    85e2     85e2        0     1                 .L0 
    85e2     85e2        0     1                 .L0 
    85e4     85e4        0     1                 .L0 
    85e4     85e4        0     1                 .L0 
    85e8     85e8        0     1                 .L0 
    85ea     85ea        0     1                 .L0 
    85ec     85ec        0     1                 .L0 
    85f0     85f0        0     1                 .L0 
    85f8     85f8        0     1                 .L0 
    85f8     85f8        0     1                 .L0 
    85f8     85f8        0     1                 .L0 
    8604     8604        0     1                 .L0 
    8606     8606        0     1                 .L0 
    8608     8608        0     1                 .L0 
    8608     8608        0     1                 .L0 
    860a     860a        0     1                 .L0 
    860a     860a        0     1                 .L0 
    860e     860e        0     1                 .L0 
    8610     8610        0     1                 .L0 
    8612     8612        0     1                 .L0 
    8614     8614        0     1                 .L0 
    8614     8614        0     1                 .L0 
    8616     8616        0     1                 .L0 
    8616     8616        0     1                 .L0 
    8618     8618        0     1                 .L0 
    8622     8622        0     1                 .L0 
    8622     8622        0     1                 .L0 
    8622     8622        0     1                 .L0 
    862e     862e        0     1                 .L0 
    8630     8630        0     1                 .L0 
    8632     8632        0     1                 .L0 
    8632     8632        0     1                 .L0 
    8634     8634        0     1                 .L0 
    8634     8634        0     1                 .L0 
    8638     8638        0     1                 .L0 
    863a     863a        0     1                 .L0 
    863c     863c        0     1                 .L0 
    863e     863e        0     1                 .L0 
    863e     863e        0     1                 .L0 
    8640     8640        0     1                 .L0 
    8640     8640        0     1                 .L0 
    8644     8644        0     1                 .L0 
    8646     8646        0     1                 .L0 
    864a     864a        0     1                 .L0 
    8650     8650        0     1                 .L0 
    8650     8650        0     1                 .L0 
    8650     8650        0     1                 .L0 
    865c     865c        0     1                 .L0 
    865e     865e        0     1                 .L0 
    8660     8660        0     1                 .L0 
    8660     8660        0     1                 .L0 
    8662     8662        0     1                 .L0 
    8662     8662        0     1                 .L0 
    8666     8666        0     1                 .L0 
    8668     8668        0     1                 .L0 
    866a     866a        0     1                 .L0 
    866e     866e        0     1                 .L0 
    866e     866e        0     1                 .L0 
    8670     8670        0     1                 .L0 
    8670     8670        0     1                 .L0 
    8674     8674        0     1                 .L0 
    8674     8674        0     1                 .L0 
    8674     8674        0     1                 .L0 
    8680     8680        0     1                 .L0 
    8682     8682        0     1                 .L0 
    8684     8684        0     1                 .L0 
    8684     8684        0     1                 .L0 
    8686     8686        0     1                 .L0 
    8686     8686        0     1                 .L0 
    868a     868a        0     1                 .L0 
    868c     868c        0     1                 .L0 
    868e     868e        0     1                 .L0 
    8692     8692        0     1                 .L0 
    8692     8692        0     1                 .L0 
    8694     8694        0     1                 .L0 
    8694     8694        0     1                 .L0 
    8698     8698        0     1                 .L0 
    869a     869a        0     1                 .L0 
    869c     869c        0     1                 .L0 
    869e     869e        0     1                 .L0 
    869e     869e        0     1                 .L0 
    86a0     86a0        0     1                 .L0 
    86a0     86a0        0     1                 .L0 
    86a4     86a4        0     1                 .L0 
    86a4     86a4        0     1                 .L0 
    86a8     86a8        0     1                 .L0 
    86a8     86a8        0     1                 .L0 
    86ae     86ae        0     1                 .L0 
    86ae     86ae        0     1                 .L0 
    86b8     86b8        0     1                 .L0 
    86bc     86bc        0     1                 .L0 
    86bc     86bc        0     1                 .L0 
    86bc     86bc      2da     2 .text.mix_columns_inv
    86bc     86bc      2da     2         software_sol.o:(.text.mix_columns_inv)
    86bc     86bc        0     1                 .L0 
    86bc     86bc        0     1                 .L0 
    86bc     86bc        0     1                 $x
    86bc     86bc        0     1                 .L0 
    86bc     86bc      2da     1                 mix_columns_inv
    86cc     86cc        0     1                 .L0 
    86d4     86d4        0     1                 .L0 
    86d6     86d6        0     1                 .L0 
    86d6     86d6        0     1                 .L0 
    86da     86da        0     1                 .L0 
    86e8     86e8        0     1                 .L0 
    86e8     86e8        0     1                 .L0 
    86e8     86e8        0     1                 .L0 
    86f4     86f4        0     1                 .L0 
    86f6     86f6        0     1                 .L0 
    86f8     86f8        0     1                 .L0 
    86fc     86fc        0     1                 .L0 
    8700     8700        0     1                 .L0 
    8702     8702        0     1                 .L0 
    8704     8704        0     1                 .L0 
    8706     8706        0     1                 .L0 
    8706     8706        0     1                 .L0 
    8708     8708        0     1                 .L0 
    870c     870c        0     1                 .L0 
    871a     871a        0     1                 .L0 
    871a     871a        0     1                 .L0 
    871a     871a        0     1                 .L0 
    8726     8726        0     1                 .L0 
    8728     8728        0     1                 .L0 
    872a     872a        0     1                 .L0 
    872a     872a        0     1                 .L0 
    872e     872e        0     1                 .L0 
    8730     8730        0     1                 .L0 
    8732     8732        0     1                 .L0 
    8734     8734        0     1                 .L0 
    8734     8734        0     1                 .L0 
    8736     8736        0     1                 .L0 
    8736     8736        0     1                 .L0 
    8738     8738        0     1                 .L0 
    873c     873c        0     1                 .L0 
    874a     874a        0     1                 .L0 
    874a     874a        0     1                 .L0 
    874a     874a        0     1                 .L0 
    8756     8756        0     1                 .L0 
    8758     8758        0     1                 .L0 
    875a     875a        0     1                 .L0 
    875a     875a        0     1                 .L0 
    875e     875e        0     1                 .L0 
    8760     8760        0     1                 .L0 
    8762     8762        0     1                 .L0 
    8764     8764        0     1                 .L0 
    8764     8764        0     1                 .L0 
    8766     8766        0     1                 .L0 
    8766     8766        0     1                 .L0 
    8768     8768        0     1                 .L0 
    876c     876c        0     1                 .L0 
    8774     8774        0     1                 .L0 
    877e     877e        0     1                 .L0 
    877e     877e        0     1                 .L0 
    877e     877e        0     1                 .L0 
    878a     878a        0     1                 .L0 
    878c     878c        0     1                 .L0 
    878e     878e        0     1                 .L0 
    878e     878e        0     1                 .L0 
    8792     8792        0     1                 .L0 
    8794     8794        0     1                 .L0 
    8796     8796        0     1                 .L0 
    8798     8798        0     1                 .L0 
    8798     8798        0     1                 .L0 
    879a     879a        0     1                 .L0 
    879a     879a        0     1                 .L0 
    879c     879c        0     1                 .L0 
    87a0     87a0        0     1                 .L0 
    87a2     87a2        0     1                 .L0 
    87a2     87a2        0     1                 .L0 
    87a6     87a6        0     1                 .L0 
    87ae     87ae        0     1                 .L0 
    87ae     87ae        0     1                 .L0 
    87ae     87ae        0     1                 .L0 
    87ba     87ba        0     1                 .L0 
    87bc     87bc        0     1                 .L0 
    87be     87be        0     1                 .L0 
    87be     87be        0     1                 .L0 
    87c2     87c2        0     1                 .L0 
    87c6     87c6        0     1                 .L0 
    87c8     87c8        0     1                 .L0 
    87ca     87ca        0     1                 .L0 
    87ca     87ca        0     1                 .L0 
    87cc     87cc        0     1                 .L0 
    87cc     87cc        0     1                 .L0 
    87d4     87d4        0     1                 .L0 
    87d4     87d4        0     1                 .L0 
    87d4     87d4        0     1                 .L0 
    87e0     87e0        0     1                 .L0 
    87e2     87e2        0     1                 .L0 
    87e4     87e4        0     1                 .L0 
    87e4     87e4        0     1                 .L0 
    87e8     87e8        0     1                 .L0 
    87ea     87ea        0     1                 .L0 
    87ec     87ec        0     1                 .L0 
    87ee     87ee        0     1                 .L0 
    87ee     87ee        0     1                 .L0 
    87f0     87f0        0     1                 .L0 
    87f0     87f0        0     1                 .L0 
    87f6     87f6        0     1                 .L0 
    87f6     87f6        0     1                 .L0 
    87f6     87f6        0     1                 .L0 
    8802     8802        0     1                 .L0 
    8804     8804        0     1                 .L0 
    8806     8806        0     1                 .L0 
    8806     8806        0     1                 .L0 
    880a     880a        0     1                 .L0 
    880c     880c        0     1                 .L0 
    880e     880e        0     1                 .L0 
    8810     8810        0     1                 .L0 
    8810     8810        0     1                 .L0 
    8812     8812        0     1                 .L0 
    8812     8812        0     1                 .L0 
    881c     881c        0     1                 .L0 
    881c     881c        0     1                 .L0 
    881c     881c        0     1                 .L0 
    8828     8828        0     1                 .L0 
    882a     882a        0     1                 .L0 
    882c     882c        0     1                 .L0 
    882c     882c        0     1                 .L0 
    8830     8830        0     1                 .L0 
    8832     8832        0     1                 .L0 
    8834     8834        0     1                 .L0 
    8836     8836        0     1                 .L0 
    8836     8836        0     1                 .L0 
    8838     8838        0     1                 .L0 
    8838     8838        0     1                 .L0 
    883a     883a        0     1                 .L0 
    883e     883e        0     1                 .L0 
    8840     8840        0     1                 .L0 
    8844     8844        0     1                 .L0 
    884c     884c        0     1                 .L0 
    884c     884c        0     1                 .L0 
    884c     884c        0     1                 .L0 
    8858     8858        0     1                 .L0 
    885a     885a        0     1                 .L0 
    885c     885c        0     1                 .L0 
    885c     885c        0     1                 .L0 
    8860     8860        0     1                 .L0 
    8864     8864        0     1                 .L0 
    8866     8866        0     1                 .L0 
    8868     8868        0     1                 .L0 
    8868     8868        0     1                 .L0 
    886a     886a        0     1                 .L0 
    886a     886a        0     1                 .L0 
    8872     8872        0     1                 .L0 
    8872     8872        0     1                 .L0 
    8872     8872        0     1                 .L0 
    887e     887e        0     1                 .L0 
    8880     8880        0     1                 .L0 
    8882     8882        0     1                 .L0 
    8882     8882        0     1                 .L0 
    8886     8886        0     1                 .L0 
    8888     8888        0     1                 .L0 
    888a     888a        0     1                 .L0 
    888c     888c        0     1                 .L0 
    888c     888c        0     1                 .L0 
    888e     888e        0     1                 .L0 
    888e     888e        0     1                 .L0 
    8894     8894        0     1                 .L0 
    8894     8894        0     1                 .L0 
    8894     8894        0     1                 .L0 
    88a0     88a0        0     1                 .L0 
    88a2     88a2        0     1                 .L0 
    88a4     88a4        0     1                 .L0 
    88a4     88a4        0     1                 .L0 
    88a8     88a8        0     1                 .L0 
    88aa     88aa        0     1                 .L0 
    88ac     88ac        0     1                 .L0 
    88ae     88ae        0     1                 .L0 
    88ae     88ae        0     1                 .L0 
    88b0     88b0        0     1                 .L0 
    88b0     88b0        0     1                 .L0 
    88ba     88ba        0     1                 .L0 
    88ba     88ba        0     1                 .L0 
    88ba     88ba        0     1                 .L0 
    88c6     88c6        0     1                 .L0 
    88c8     88c8        0     1                 .L0 
    88ca     88ca        0     1                 .L0 
    88ca     88ca        0     1                 .L0 
    88ce     88ce        0     1                 .L0 
    88d0     88d0        0     1                 .L0 
    88d2     88d2        0     1                 .L0 
    88d4     88d4        0     1                 .L0 
    88d4     88d4        0     1                 .L0 
    88d6     88d6        0     1                 .L0 
    88d6     88d6        0     1                 .L0 
    88da     88da        0     1                 .L0 
    88dc     88dc        0     1                 .L0 
    88e0     88e0        0     1                 .L0 
    88e6     88e6        0     1                 .L0 
    88e6     88e6        0     1                 .L0 
    88e6     88e6        0     1                 .L0 
    88f2     88f2        0     1                 .L0 
    88f4     88f4        0     1                 .L0 
    88f6     88f6        0     1                 .L0 
    88f6     88f6        0     1                 .L0 
    88fa     88fa        0     1                 .L0 
    88fc     88fc        0     1                 .L0 
    88fe     88fe        0     1                 .L0 
    8902     8902        0     1                 .L0 
    8902     8902        0     1                 .L0 
    8904     8904        0     1                 .L0 
    8904     8904        0     1                 .L0 
    8908     8908        0     1                 .L0 
    8908     8908        0     1                 .L0 
    8908     8908        0     1                 .L0 
    8914     8914        0     1                 .L0 
    8916     8916        0     1                 .L0 
    8918     8918        0     1                 .L0 
    8918     8918        0     1                 .L0 
    891c     891c        0     1                 .L0 
    891e     891e        0     1                 .L0 
    8920     8920        0     1                 .L0 
    8924     8924        0     1                 .L0 
    8924     8924        0     1                 .L0 
    8926     8926        0     1                 .L0 
    8926     8926        0     1                 .L0 
    892a     892a        0     1                 .L0 
    892a     892a        0     1                 .L0 
    892a     892a        0     1                 .L0 
    8936     8936        0     1                 .L0 
    8938     8938        0     1                 .L0 
    893a     893a        0     1                 .L0 
    893a     893a        0     1                 .L0 
    893e     893e        0     1                 .L0 
    8940     8940        0     1                 .L0 
    8942     8942        0     1                 .L0 
    8946     8946        0     1                 .L0 
    8946     8946        0     1                 .L0 
    8948     8948        0     1                 .L0 
    8948     8948        0     1                 .L0 
    894a     894a        0     1                 .L0 
    8950     8950        0     1                 .L0 
    8950     8950        0     1                 .L0 
    8950     8950        0     1                 .L0 
    895c     895c        0     1                 .L0 
    895e     895e        0     1                 .L0 
    8960     8960        0     1                 .L0 
    8960     8960        0     1                 .L0 
    8964     8964        0     1                 .L0 
    8966     8966        0     1                 .L0 
    8968     8968        0     1                 .L0 
    896c     896c        0     1                 .L0 
    896c     896c        0     1                 .L0 
    896e     896e        0     1                 .L0 
    896e     896e        0     1                 .L0 
    8970     8970        0     1                 .L0 
    8972     8972        0     1                 .L0 
    8974     8974        0     1                 .L0 
    8974     8974        0     1                 .L0 
    8976     8976        0     1                 .L0 
    8976     8976        0     1                 .L0 
    897a     897a        0     1                 .L0 
    897a     897a        0     1                 .L0 
    897e     897e        0     1                 .L0 
    897e     897e        0     1                 .L0 
    8984     8984        0     1                 .L0 
    8984     8984        0     1                 .L0 
    8992     8992        0     1                 .L0 
    8996     8996        0     1                 .L0 
    8996     8996        0     1                 .L0 
    8996     8996       1c     2 .text.add_round_key
    8996     8996       1c     2         software_sol.o:(.text.add_round_key)
    8996     8996        0     1                 .L0 
    8996     8996        0     1                 .L0 
    8996     8996        0     1                 $x
    8996     8996        0     1                 .L0 
    8996     8996       1c     1                 add_round_key
    899a     899a        0     1                 .L0 
    899a     899a        0     1                 .L0 
    899e     899e        0     1                 .L0 
    89a8     89a8        0     1                 .L0 
    89ac     89ac        0     1                 .L0 
    89b0     89b0        0     1                 .L0 
    89b0     89b0        0     1                 .L0 
    89b2     89b2        0     1                 .L0 
    89b2     89b2        0     1                 .L0 
    89b2     89b2      210     2 .text.aes128_encrypt_block
    89b2     89b2      210     2         software_sol.o:(.text.aes128_encrypt_block)
    89b2     89b2        0     1                 .L0 
    89b2     89b2        0     1                 .L0 
    89b2     89b2        0     1                 $x
    89b2     89b2        0     1                 .L0 
    89b2     89b2      210     1                 aes128_encrypt_block
    89c6     89c6        0     1                 .L0 
    89ca     89ca        0     1                 .L0 
    8a4a     8a4a        0     1                 .L0 
    8a4a     8a4a        0     1                 .L0 
    8a4e     8a4e        0     1                 .L0 
    8a4e     8a4e        0     1                 .L0 
    8a52     8a52        0     1                 .L0 
    8a5c     8a5c        0     1                 .L0 
    8a60     8a60        0     1                 .L0 
    8a64     8a64        0     1                 .L0 
    8a64     8a64        0     1                 .L0 
    8a74     8a74        0     1                 .L0 
    8a74     8a74        0     1                 .L0 
    8a74     8a74        0     1                 .L0 
    8a76     8a76        0     1                 .L0 
    8a76     8a76        0     1                 .L0 
    8a76     8a76        0     1                 .L0 
    8a7a     8a7a        0     1                 .L0 
    8a80     8a80        0     1                 .L0 
    8a84     8a84        0     1                 .L0 
    8a8a     8a8a        0     1                 .L0 
    8a8a     8a8a        0     1                 .L0 
    8a8e     8a8e        0     1                 .L0 
    8a92     8a92        0     1                 .L0 
    8a92     8a92        0     1                 .L0 
    8a96     8a96        0     1                 .L0 
    8a9a     8a9a        0     1                 .L0 
    8a9e     8a9e        0     1                 .L0 
    8aa2     8aa2        0     1                 .L0 
    8aa6     8aa6        0     1                 .L0 
    8aaa     8aaa        0     1                 .L0 
    8aae     8aae        0     1                 .L0 
    8aae     8aae        0     1                 .L0 
    8ab2     8ab2        0     1                 .L0 
    8ab2     8ab2        0     1                 .L0 
    8ab6     8ab6        0     1                 .L0 
    8ab6     8ab6        0     1                 .L0 
    8aba     8aba        0     1                 .L0 
    8abe     8abe        0     1                 .L0 
    8ac2     8ac2        0     1                 .L0 
    8ac6     8ac6        0     1                 .L0 
    8aca     8aca        0     1                 .L0 
    8ace     8ace        0     1                 .L0 
    8ad2     8ad2        0     1                 .L0 
    8ad6     8ad6        0     1                 .L0 
    8ada     8ada        0     1                 .L0 
    8ade     8ade        0     1                 .L0 
    8ae2     8ae2        0     1                 .L0 
    8ae6     8ae6        0     1                 .L0 
    8aea     8aea        0     1                 .L0 
    8af0     8af0        0     1                 .L0 
    8af0     8af0        0     1                 .L0 
    8af2     8af2        0     1                 .L0 
    8af2     8af2        0     1                 .L0 
    8af2     8af2        0     1                 .L0 
    8af6     8af6        0     1                 .L0 
    8b00     8b00        0     1                 .L0 
    8b08     8b08        0     1                 .L0 
    8b08     8b08        0     1                 .L0 
    8b0a     8b0a        0     1                 .L0 
    8b10     8b10        0     1                 .L0 
    8b10     8b10        0     1                 .L0 
    8b12     8b12        0     1                 .L0 
    8b12     8b12        0     1                 .L0 
    8b12     8b12        0     1                 .L0 
    8b16     8b16        0     1                 .L0 
    8b1c     8b1c        0     1                 .L0 
    8b20     8b20        0     1                 .L0 
    8b22     8b22        0     1                 .L0 
    8b26     8b26        0     1                 .L0 
    8b26     8b26        0     1                 .L0 
    8b2a     8b2a        0     1                 .L0 
    8b2e     8b2e        0     1                 .L0 
    8b2e     8b2e        0     1                 .L0 
    8b32     8b32        0     1                 .L0 
    8b36     8b36        0     1                 .L0 
    8b3a     8b3a        0     1                 .L0 
    8b3e     8b3e        0     1                 .L0 
    8b42     8b42        0     1                 .L0 
    8b46     8b46        0     1                 .L0 
    8b4a     8b4a        0     1                 .L0 
    8b4a     8b4a        0     1                 .L0 
    8b4e     8b4e        0     1                 .L0 
    8b4e     8b4e        0     1                 .L0 
    8b52     8b52        0     1                 .L0 
    8b52     8b52        0     1                 .L0 
    8b56     8b56        0     1                 .L0 
    8b5a     8b5a        0     1                 .L0 
    8b5e     8b5e        0     1                 .L0 
    8b62     8b62        0     1                 .L0 
    8b66     8b66        0     1                 .L0 
    8b6a     8b6a        0     1                 .L0 
    8b6e     8b6e        0     1                 .L0 
    8b72     8b72        0     1                 .L0 
    8b76     8b76        0     1                 .L0 
    8b76     8b76        0     1                 .L0 
    8b7a     8b7a        0     1                 .L0 
    8b7a     8b7a        0     1                 .L0 
    8b7e     8b7e        0     1                 .L0 
    8b82     8b82        0     1                 .L0 
    8b86     8b86        0     1                 .L0 
    8b8c     8b8c        0     1                 .L0 
    8b8c     8b8c        0     1                 .L0 
    8b8c     8b8c        0     1                 .L0 
    8b90     8b90        0     1                 .L0 
    8b9a     8b9a        0     1                 .L0 
    8b9e     8b9e        0     1                 .L0 
    8ba2     8ba2        0     1                 .L0 
    8ba2     8ba2        0     1                 .L0 
    8bac     8bac        0     1                 .L0 
    8bb4     8bb4        0     1                 .L0 
    8bb6     8bb6        0     1                 .L0 
    8bbe     8bbe        0     1                 .L0 
    8bc2     8bc2        0     1                 .L0 
    8bc2     8bc2        0     1                 .L0 
    8bc2     8bc2       42     2 .text.aes128_ecb_encrypt
    8bc2     8bc2       42     2         software_sol.o:(.text.aes128_ecb_encrypt)
    8bc2     8bc2        0     1                 .L0 
    8bc2     8bc2        0     1                 .L0 
    8bc2     8bc2        0     1                 $x
    8bc2     8bc2        0     1                 .L0 
    8bc2     8bc2       42     1                 aes128_ecb_encrypt
    8bce     8bce        0     1                 .L0 
    8bd0     8bd0        0     1                 .L0 
    8bd2     8bd2        0     1                 .L0 
    8bd4     8bd4        0     1                 .L0 
    8bd6     8bd6        0     1                 .L0 
    8bd8     8bd8        0     1                 .L0 
    8bd8     8bd8        0     1                 .L0 
    8be0     8be0        0     1                 .L0 
    8be0     8be0        0     1                 .L0 
    8be2     8be2        0     1                 .L0 
    8be4     8be4        0     1                 .L0 
    8be4     8be4        0     1                 .L0 
    8be4     8be4        0     1                 .L0 
    8be8     8be8        0     1                 .L0 
    8bec     8bec        0     1                 .L0 
    8bf0     8bf0        0     1                 .L0 
    8bf0     8bf0        0     1                 .L0 
    8bf2     8bf2        0     1                 .L0 
    8bf6     8bf6        0     1                 .L0 
    8bf6     8bf6        0     1                 .L0 
    8bf6     8bf6        0     1                 .L0 
    8bfc     8bfc        0     1                 .L0 
    8c00     8c00        0     1                 .L0 
    8c04     8c04        0     1                 .L0 
    8c04     8c04        0     1                 .L0 
    8c04     8c04      20e     2 .text.aes128_decrypt_block
    8c04     8c04      20e     2         software_sol.o:(.text.aes128_decrypt_block)
    8c04     8c04        0     1                 .L0 
    8c04     8c04        0     1                 .L0 
    8c04     8c04        0     1                 $x
    8c04     8c04        0     1                 .L0 
    8c04     8c04      20e     1                 aes128_decrypt_block
    8c16     8c16        0     1                 .L0 
    8c1a     8c1a        0     1                 .L0 
    8c8e     8c8e        0     1                 .L0 
    8c92     8c92        0     1                 .L0 
    8c9e     8c9e        0     1                 .L0 
    8c9e     8c9e        0     1                 .L0 
    8ca0     8ca0        0     1                 .L0 
    8ca0     8ca0        0     1                 .L0 
    8ca4     8ca4        0     1                 .L0 
    8cae     8cae        0     1                 .L0 
    8cb2     8cb2        0     1                 .L0 
    8cb6     8cb6        0     1                 .L0 
    8cb6     8cb6        0     1                 .L0 
    8cc6     8cc6        0     1                 .L0 
    8cc6     8cc6        0     1                 .L0 
    8cc6     8cc6        0     1                 .L0 
    8cc8     8cc8        0     1                 .L0 
    8cca     8cca        0     1                 .L0 
    8cca     8cca        0     1                 .L0 
    8cca     8cca        0     1                 .L0 
    8cce     8cce        0     1                 .L0 
    8cd4     8cd4        0     1                 .L0 
    8cd8     8cd8        0     1                 .L0 
    8cde     8cde        0     1                 .L0 
    8cde     8cde        0     1                 .L0 
    8ce2     8ce2        0     1                 .L0 
    8ce6     8ce6        0     1                 .L0 
    8cea     8cea        0     1                 .L0 
    8cea     8cea        0     1                 .L0 
    8cee     8cee        0     1                 .L0 
    8cee     8cee        0     1                 .L0 
    8cf2     8cf2        0     1                 .L0 
    8cf6     8cf6        0     1                 .L0 
    8cfa     8cfa        0     1                 .L0 
    8cfa     8cfa        0     1                 .L0 
    8cfe     8cfe        0     1                 .L0 
    8d02     8d02        0     1                 .L0 
    8d06     8d06        0     1                 .L0 
    8d0a     8d0a        0     1                 .L0 
    8d0e     8d0e        0     1                 .L0 
    8d0e     8d0e        0     1                 .L0 
    8d12     8d12        0     1                 .L0 
    8d16     8d16        0     1                 .L0 
    8d1a     8d1a        0     1                 .L0 
    8d1e     8d1e        0     1                 .L0 
    8d22     8d22        0     1                 .L0 
    8d26     8d26        0     1                 .L0 
    8d2a     8d2a        0     1                 .L0 
    8d2e     8d2e        0     1                 .L0 
    8d32     8d32        0     1                 .L0 
    8d36     8d36        0     1                 .L0 
    8d3a     8d3a        0     1                 .L0 
    8d42     8d42        0     1                 .L0 
    8d42     8d42        0     1                 .L0 
    8d42     8d42        0     1                 .L0 
    8d46     8d46        0     1                 .L0 
    8d50     8d50        0     1                 .L0 
    8d58     8d58        0     1                 .L0 
    8d58     8d58        0     1                 .L0 
    8d5c     8d5c        0     1                 .L0 
    8d5c     8d5c        0     1                 .L0 
    8d60     8d60        0     1                 .L0 
    8d60     8d60        0     1                 .L0 
    8d66     8d66        0     1                 .L0 
    8d66     8d66        0     1                 .L0 
    8d68     8d68        0     1                 .L0 
    8d68     8d68        0     1                 .L0 
    8d68     8d68        0     1                 .L0 
    8d6c     8d6c        0     1                 .L0 
    8d72     8d72        0     1                 .L0 
    8d76     8d76        0     1                 .L0 
    8d78     8d78        0     1                 .L0 
    8d7c     8d7c        0     1                 .L0 
    8d7c     8d7c        0     1                 .L0 
    8d80     8d80        0     1                 .L0 
    8d84     8d84        0     1                 .L0 
    8d88     8d88        0     1                 .L0 
    8d88     8d88        0     1                 .L0 
    8d8c     8d8c        0     1                 .L0 
    8d8c     8d8c        0     1                 .L0 
    8d90     8d90        0     1                 .L0 
    8d94     8d94        0     1                 .L0 
    8d98     8d98        0     1                 .L0 
    8d98     8d98        0     1                 .L0 
    8d9c     8d9c        0     1                 .L0 
    8da0     8da0        0     1                 .L0 
    8da4     8da4        0     1                 .L0 
    8da8     8da8        0     1                 .L0 
    8dac     8dac        0     1                 .L0 
    8dac     8dac        0     1                 .L0 
    8db0     8db0        0     1                 .L0 
    8db4     8db4        0     1                 .L0 
    8db8     8db8        0     1                 .L0 
    8dbc     8dbc        0     1                 .L0 
    8dc0     8dc0        0     1                 .L0 
    8dc4     8dc4        0     1                 .L0 
    8dc8     8dc8        0     1                 .L0 
    8dcc     8dcc        0     1                 .L0 
    8dd0     8dd0        0     1                 .L0 
    8dd4     8dd4        0     1                 .L0 
    8dd8     8dd8        0     1                 .L0 
    8dde     8dde        0     1                 .L0 
    8dde     8dde        0     1                 .L0 
    8dde     8dde        0     1                 .L0 
    8de2     8de2        0     1                 .L0 
    8dec     8dec        0     1                 .L0 
    8df0     8df0        0     1                 .L0 
    8df4     8df4        0     1                 .L0 
    8df4     8df4        0     1                 .L0 
    8dfe     8dfe        0     1                 .L0 
    8e06     8e06        0     1                 .L0 
    8e0e     8e0e        0     1                 .L0 
    8e12     8e12        0     1                 .L0 
    8e12     8e12        0     1                 .L0 
    8e12     8e12       42     2 .text.aes128_ecb_decrypt
    8e12     8e12       42     2         software_sol.o:(.text.aes128_ecb_decrypt)
    8e12     8e12        0     1                 .L0 
    8e12     8e12        0     1                 .L0 
    8e12     8e12        0     1                 $x
    8e12     8e12        0     1                 .L0 
    8e12     8e12       42     1                 aes128_ecb_decrypt
    8e1e     8e1e        0     1                 .L0 
    8e20     8e20        0     1                 .L0 
    8e22     8e22        0     1                 .L0 
    8e24     8e24        0     1                 .L0 
    8e26     8e26        0     1                 .L0 
    8e28     8e28        0     1                 .L0 
    8e28     8e28        0     1                 .L0 
    8e30     8e30        0     1                 .L0 
    8e30     8e30        0     1                 .L0 
    8e32     8e32        0     1                 .L0 
    8e34     8e34        0     1                 .L0 
    8e34     8e34        0     1                 .L0 
    8e34     8e34        0     1                 .L0 
    8e38     8e38        0     1                 .L0 
    8e3c     8e3c        0     1                 .L0 
    8e40     8e40        0     1                 .L0 
    8e40     8e40        0     1                 .L0 
    8e42     8e42        0     1                 .L0 
    8e46     8e46        0     1                 .L0 
    8e46     8e46        0     1                 .L0 
    8e46     8e46        0     1                 .L0 
    8e4c     8e4c        0     1                 .L0 
    8e50     8e50        0     1                 .L0 
    8e54     8e54        0     1                 .L0 
    8e54     8e54        0     1                 .L0 
    8e54     8e54        4     2 .text.write_to_address
    8e54     8e54        4     2         software_sol.o:(.text.write_to_address)
    8e54     8e54        0     1                 .L0 
    8e54     8e54        0     1                 .L0 
    8e54     8e54        0     1                 $x
    8e54     8e54        0     1                 .L0 
    8e54     8e54        4     1                 write_to_address
    8e56     8e56        0     1                 .L0 
    8e58     8e58        0     1                 .L0 
    8e58     8e58       12     2 .text.write_v_to_address
    8e58     8e58       12     2         software_sol.o:(.text.write_v_to_address)
    8e58     8e58        0     1                 .L0 
    8e58     8e58        0     1                 .L0 
    8e58     8e58        0     1                 $x
    8e58     8e58        0     1                 .L0 
    8e58     8e58       12     1                 write_v_to_address
    8e5c     8e5c        0     1                 .L0 
    8e5c     8e5c        0     1                 .L0 
    8e5e     8e5e        0     1                 .L0 
    8e5e     8e5e        0     1                 .L0 
    8e60     8e60        0     1                 .L0 
    8e64     8e64        0     1                 .L0 
    8e68     8e68        0     1                 .L0 
    8e68     8e68        0     1                 .L0 
    8e6a     8e6a        0     1                 .L0 
    8e6a     8e6a        0     1                 .L0 
    8e6a     8e6a       be     2 .text.main
    8e6a     8e6a       be     2         software_sol.o:(.text.main)
    8e6a     8e6a        0     1                 .L0 
    8e6a     8e6a        0     1                 .L0 
    8e6a     8e6a        0     1                 $x
    8e6a     8e6a        0     1                 .L0 
    8e6a     8e6a       be     1                 main
    8e74     8e74        0     1                 .L0 
    8e78     8e78        0     1                 .L0 
    8e92     8e92        0     1                 .L0 
    8e92     8e92        0     1                 .L0 
    8ea2     8ea2        0     1                 .L0 
    8ea2     8ea2        0     1                 .L0 
    8eae     8eae        0     1                 .L0 
    8eae     8eae        0     1                 .L0 
    8eb2     8eb2        0     1                 .L0 
    8eb6     8eb6        0     1                 .L0 
    8eb6     8eb6        0     1                 .L0 
    8ec2     8ec2        0     1                 .L0 
    8ec2     8ec2        0     1                 .L0 
    8ec4     8ec4        0     1                 .L0 
    8ec4     8ec4        0     1                 .L0 
    8ec8     8ec8        0     1                 .L0 
    8ec8     8ec8        0     1                 .L0 
    8eca     8eca        0     1                 .L0 
    8eca     8eca        0     1                 .L0 
    8ece     8ece        0     1                 .L0 
    8ece     8ece        0     1                 .L0 
    8ed0     8ed0        0     1                 .L0 
    8ed0     8ed0        0     1                 .L0 
    8ed4     8ed4        0     1                 .L0 
    8ed4     8ed4        0     1                 .L0 
    8ed6     8ed6        0     1                 .L0 
    8ed6     8ed6        0     1                 .L0 
    8ede     8ede        0     1                 .L0 
    8ee2     8ee2        0     1                 .L0 
    8ee2     8ee2        0     1                 .L0 
    8eee     8eee        0     1                 .L0 
    8eee     8eee        0     1                 .L0 
    8ef2     8ef2        0     1                 .L0 
    8ef2     8ef2        0     1                 .L0 
    8ef2     8ef2        0     1                 .L0 
    8ef6     8ef6        0     1                 .L0 
    8efa     8efa        0     1                 .L0 
    8efa     8efa        0     1                 .L0 
    8efe     8efe        0     1                 .L0 
    8efe     8efe        0     1                 .L0 
    8f00     8f00        0     1                 .L0 
    8f04     8f04        0     1                 .L0 
    8f06     8f06        0     1                 .L0 
    8f06     8f06        0     1                 .L0 
    8f08     8f08        0     1                 .L0 
    8f08     8f08        0     1                 .L0 
    8f08     8f08        0     1                 .L0 
    8f10     8f10        0     1                 .L0 
    8f10     8f10        0     1                 .L0 
    8f18     8f18        0     1                 .L0 
    8f18     8f18        0     1                 .L0 
    8f1a     8f1a        0     1                 .L0 
    8f1c     8f1c        0     1                 .L0 
    8f24     8f24        0     1                 .L0 
    8f28     8f28        0     1                 .L0 
    8f28     8f28        0     1                 .L0 
  100000   100000      23a     1 .rodata
  100000   100000        0     1         . = ALIGN(4)
  100000   100000      100     1         software_sol.o:(.rodata.sbox)
  100000   100000      100     1                 sbox
  100000   100000        0     1                 $d
  100100   100100        a     1         software_sol.o:(.rodata.rcon)
  100100   100100        a     1                 rcon
  100100   100100        0     1                 $d
  10010a   10010a      100     1         software_sol.o:(.rodata.inv_sbox)
  10010a   10010a      100     1                 inv_sbox
  10010a   10010a        0     1                 $d
  10020a   10020a       30     1         <internal>:(.rodata.cst16)
  10023a   10023a        2     1 .shbss
  10023a   10023a        2     1         . = ALIGN(4)
  10023c   10023c        0     1 .data
  10023c   10023c        0     1         . = ALIGN(4)
  10023c   10023c        0     1         sdata = .
  10023c   10023c        0     1         _sdata = .
  10023c   10023c        0     1         edata = .
  10023c   10023c        0     1         _edata = .
  10023c   10023c        0     1 .bss
  10023c   10023c        0     1         . = ALIGN(4)
  10023c   10023c        0     1         _bss_start = .
  10023c   10023c        0     1         _bss_end = .
  104000   104000     4000     1 .stack
  104000   104000        0     1         . = ALIGN(4)
  104000   104000     4000     1         . = . + _min_stack 
  108000   108000        0     1         . = ALIGN(4)
  108000   108000        0     1         stack = . 
  108000   108000        0     1         _stack = . 
  10023c   10023c        0     1 .bss
  10023c   10023c        0     1         . = ALIGN(4)
  10023c   10023c        0     1         _end = .
       0        0      47b     1 .debug_abbrev
       0        0       31     1         include/exceptions.o:(.debug_abbrev)
       0        0        0     1                 $d
      31       31       31     1         include/int.o:(.debug_abbrev)
      31       31        0     1                 $d
      62       62       c2     1         include/tcutils.o:(.debug_abbrev)
      62       62        0     1                 $d
     124      124       cf     1         include/utils.o:(.debug_abbrev)
     124      124        0     1                 $d
     1f3      1f3      269     1         software_sol.o:(.debug_abbrev)
     1f3      1f3        0     1                 $d
     45c      45c       1f     1         crt0.riscv.o:(.debug_abbrev)
     45c      45c        0     1                 .L0 
     45c      45c        0     1                 $d
       0        0     1218     1 .debug_info
       0        0       49     1         include/exceptions.o:(.debug_info)
       0        0        0     1                 $d
      49       49       8b     1         include/int.o:(.debug_info)
      49       49        0     1                 $d
      d4       d4      1c8     1         include/tcutils.o:(.debug_info)
      d4       d4        0     1                 $d
     29c      29c       a8     1         include/utils.o:(.debug_info)
     29c      29c        0     1                 $d
     344      344      c3f     1         software_sol.o:(.debug_info)
     344      344        0     1                 $d
     f83      f83      295     1         crt0.riscv.o:(.debug_info)
     f83      f83        0     1                 .L0 
     f83      f83        0     1                 $d
       0        0      137     1 .debug_rnglists
       0        0       1a     1         include/exceptions.o:(.debug_rnglists)
       0        0        0     1                 $d
       c        c        0     1                 .L0 
      1a       1a       2c     1         include/int.o:(.debug_rnglists)
      1a       1a        0     1                 $d
      26       26        0     1                 .L0 
      46       46       23     1         include/tcutils.o:(.debug_rnglists)
      46       46        0     1                 $d
      52       52        0     1                 .L0 
      69       69       1a     1         include/utils.o:(.debug_rnglists)
      69       69        0     1                 $d
      75       75        0     1                 .L0 
      83       83       99     1         software_sol.o:(.debug_rnglists)
      83       83        0     1                 $d
      8f       8f        0     1                 .L0 
     11c      11c       1b     1         crt0.riscv.o:(.debug_rnglists)
     11c      11c        0     1                 $d
     128      128        0     1                 .L0 
       0        0      1fc     1 .debug_str_offsets
       0        0       20     1         include/exceptions.o:(.debug_str_offsets)
       0        0        0     1                 $d
       8        8        0     1                 .L0 
      20       20       38     1         include/int.o:(.debug_str_offsets)
      20       20        0     1                 $d
      28       28        0     1                 .L0 
      58       58       94     1         include/tcutils.o:(.debug_str_offsets)
      58       58        0     1                 $d
      60       60        0     1                 .L0 
      ec       ec       2c     1         include/utils.o:(.debug_str_offsets)
      ec       ec        0     1                 $d
      f4       f4        0     1                 .L0 
     118      118       e4     1         software_sol.o:(.debug_str_offsets)
     118      118        0     1                 $d
     120      120        0     1                 .L0 
       0        0      40f     1 .debug_str
       0        0      40f     1         <internal>:(.debug_str)
       0        0      1b8     1 .debug_addr
       0        0       14     1         include/exceptions.o:(.debug_addr)
       0        0        0     1                 $d
       8        8        0     1                 .L0 
      14       14       2c     1         include/int.o:(.debug_addr)
      14       14        0     1                 $d
      1c       1c        0     1                 .L0 
      40       40       20     1         include/tcutils.o:(.debug_addr)
      40       40        0     1                 $d
      48       48        0     1                 .L0 
      60       60       18     1         include/utils.o:(.debug_addr)
      60       60        0     1                 $d
      68       68        0     1                 .L0 
      78       78      140     1         software_sol.o:(.debug_addr)
      78       78        0     1                 $d
      80       80        0     1                 .L0 
       0        0       71     1 .comment
       0        0       71     1         <internal>:(.comment)
       0        0       60     1 .riscv.attributes
       0        0       60     1         <internal>:(.riscv.attributes)
       0        0      3a8     4 .debug_frame
       0        0       44     4         include/exceptions.o:(.debug_frame)
       0        0        0     1                 .L0 
       0        0        0     1                 $d
      44       44       a4     4         include/int.o:(.debug_frame)
      44       44        0     1                 .L0 
      44       44        0     1                 $d
      e8       e8       84     4         include/tcutils.o:(.debug_frame)
      e8       e8        0     1                 .L0 
      e8       e8        0     1                 $d
     16c      16c       4c     4         include/utils.o:(.debug_frame)
     16c      16c        0     1                 .L0 
     16c      16c        0     1                 $d
     1b8      1b8      1f0     4         software_sol.o:(.debug_frame)
     1b8      1b8        0     1                 .L0 
     1b8      1b8        0     1                 $d
       0        0     1e36     1 .debug_line
       0        0       82     1         include/exceptions.o:(.debug_line)
       0        0        0     1                 .Lline_table_start0
       0        0        0     1                 $d
      82       82      100     1         include/int.o:(.debug_line)
      82       82        0     1                 .Lline_table_start0
      82       82        0     1                 $d
     182      182      247     1         include/tcutils.o:(.debug_line)
     182      182        0     1                 .Lline_table_start0
     182      182        0     1                 $d
     3c9      3c9       c3     1         include/utils.o:(.debug_line)
     3c9      3c9        0     1                 .Lline_table_start0
     3c9      3c9        0     1                 $d
     48c      48c     14ce     1         software_sol.o:(.debug_line)
     48c      48c        0     1                 .Lline_table_start0
     48c      48c        0     1                 $d
    195a     195a      4dc     1         crt0.riscv.o:(.debug_line)
    195a     195a        0     1                 .Lline_table_start0
    195a     195a        0     1                 $d
       0        0      141     1 .debug_line_str
       0        0      141     1         <internal>:(.debug_line_str)
       0        0      a3c     1 .debug_loclists
       0        0      115     1         include/tcutils.o:(.debug_loclists)
       0        0        0     1                 $d
       c        c        0     1                 .L0 
     115      115       1f     1         include/utils.o:(.debug_loclists)
     115      115        0     1                 $d
     121      121        0     1                 .L0 
     134      134      908     1         software_sol.o:(.debug_loclists)
     134      134        0     1                 $d
     140      140        0     1                 .L0 
       0        0       28     1 .debug_aranges
       0        0       28     1         crt0.riscv.o:(.debug_aranges)
       0        0        0     1                 $d
       0        0      c10     4 .symtab
       0        0      c10     4         <internal>:(.symtab)
       0        0      3ad     1 .shstrtab
       0        0      3ad     1         <internal>:(.shstrtab)
       0        0      508     1 .strtab
       0        0      508     1         <internal>:(.strtab)
