
Discarded input sections

 .llvm_addrsig  0x00000000        0x0 include/exceptions.o
 .llvm_addrsig  0x00000000        0x0 include/int.o
 .llvm_addrsig  0x00000000        0x0 include/tcutils.o
 .llvm_addrsig  0x00000000        0x0 include/utils.o
 .llvm_addrsig  0x00000000        0x0 main_decrypt2.o

Memory Configuration

Name             Origin             Length             Attributes
instrram         0x00008000         0x00004000
dataram          0x00100000         0x00003000
stack            0x00104000         0x00004000
*default*        0x00000000         0xffffffff

Linker script and memory map

                0x00000000                        __DYNAMIC = 0x0
                0x00004000                        _min_stack = 0x4000
                0x00004000                        _stack_len = LENGTH (stack)
                0x00108000                        _stack_start = (ORIGIN (stack) + LENGTH (stack))

.vectors        0x00008000       0x8c
                0x00008000                        . = ALIGN (0x4)
 *(.vectors)
 .vectors       0x00008000       0x8c crt0.riscv.o

.text           0x0000808c      0x1d2
                0x0000808c                        . = ALIGN (0x4)
                0x0000808c                        _stext = .
 *(.text)
 .text          0x0000808c        0x0 include/exceptions.o
 .text          0x0000808c        0x0 include/int.o
 .text          0x0000808c        0x0 include/tcutils.o
 .text          0x0000808c        0x0 include/utils.o
 .text          0x0000808c        0x0 main_decrypt2.o
 .text          0x0000808c      0x1c2 crt0.riscv.o
                0x000080d2                _start
                0x0000824c                _init
                0x0000824c                _fini
                0x0000824e                        _etext = .
                0x0000824e                        __CTOR_LIST__ = .
                0x0000824e        0x4 LONG 0x0 (((__CTOR_END__ - __CTOR_LIST__) / 0x4) - 0x2)
 *(.ctors)
                0x00008252        0x4 LONG 0x0
                0x00008256                        __CTOR_END__ = .
                0x00008256                        __DTOR_LIST__ = .
                0x00008256        0x4 LONG 0x0 (((__DTOR_END__ - __DTOR_LIST__) / 0x4) - 0x2)
 *(.dtors)
                0x0000825a        0x4 LONG 0x0
                0x0000825e                        __DTOR_END__ = .
 *(.lit)
 *(.shdata)
                0x0000825e                        _endtext = .

.text.default_exception_handler_c
                0x0000825e        0x2
 .text.default_exception_handler_c
                0x0000825e        0x2 include/exceptions.o
                0x0000825e                default_exception_handler_c

.text.illegal_insn_handler_c
                0x00008260        0x2
 .text.illegal_insn_handler_c
                0x00008260        0x2 include/exceptions.o
                0x00008260                illegal_insn_handler_c

.text.ecall_insn_handler_c
                0x00008262        0x2
 .text.ecall_insn_handler_c
                0x00008262        0x2 include/exceptions.o
                0x00008262                ecall_insn_handler_c

.text.ISR_I2C   0x00008264        0x2
 .text.ISR_I2C  0x00008264        0x2 include/int.o
                0x00008264                ISR_I2C

.text.ISR_UART  0x00008266        0x2
 .text.ISR_UART
                0x00008266        0x2 include/int.o
                0x00008266                ISR_UART

.text.ISR_GPIO  0x00008268        0x2
 .text.ISR_GPIO
                0x00008268        0x2 include/int.o
                0x00008268                ISR_GPIO

.text.ISR_SPIM0
                0x0000826a        0x2
 .text.ISR_SPIM0
                0x0000826a        0x2 include/int.o
                0x0000826a                ISR_SPIM0

.text.ISR_SPIM1
                0x0000826c        0x2
 .text.ISR_SPIM1
                0x0000826c        0x2 include/int.o
                0x0000826c                ISR_SPIM1

.text.ISR_TA_OVF
                0x0000826e        0x2
 .text.ISR_TA_OVF
                0x0000826e        0x2 include/int.o
                0x0000826e                ISR_TA_OVF

.text.ISR_TA_CMP
                0x00008270        0x2
 .text.ISR_TA_CMP
                0x00008270        0x2 include/int.o
                0x00008270                ISR_TA_CMP

.text.ISR_TB_OVF
                0x00008272        0x2
 .text.ISR_TB_OVF
                0x00008272        0x2 include/int.o
                0x00008272                ISR_TB_OVF

.text.ISR_TB_CMP
                0x00008274        0x2
 .text.ISR_TB_CMP
                0x00008274        0x2 include/int.o
                0x00008274                ISR_TB_CMP

.text._copy     0x00008276       0x20
 .text._copy    0x00008276       0x20 include/tcutils.o
                0x00008276                _copy

.text._set      0x00008296        0x2
 .text._set     0x00008296        0x2 include/tcutils.o
                0x00008296                _set

.text._double_byte
                0x00008298       0x12
 .text._double_byte
                0x00008298       0x12 include/tcutils.o
                0x00008298                _double_byte

.text._compare  0x000082aa       0x24
 .text._compare
                0x000082aa       0x24 include/tcutils.o
                0x000082aa                _compare

.text.memset    0x000082ce       0x16
 .text.memset   0x000082ce       0x16 include/tcutils.o
                0x000082ce                memset

.text.memcpy    0x000082e4       0x1c
 .text.memcpy   0x000082e4       0x1c include/tcutils.o
                0x000082e4                memcpy

.text.exit      0x00008300        0x2
 .text.exit     0x00008300        0x2 include/utils.o
                0x00008300                exit

.text.eoc       0x00008302        0x2
 .text.eoc      0x00008302        0x2 include/utils.o
                0x00008302                eoc

.text.sleep_busy
                0x00008304       0x1a
 .text.sleep_busy
                0x00008304       0x1a include/utils.o
                0x00008304                sleep_busy

.text.main      0x0000831e       0xea
 .text.main     0x0000831e       0xea main_decrypt2.o
                0x0000831e                main

.preinit_array  0x00100000        0x0
                [!provide]                        PROVIDE (__preinit_array_start = .)
 *(.preinit_array)
                [!provide]                        PROVIDE (__preinit_array_end = .)

.init_array     0x00100000        0x0
                [!provide]                        PROVIDE (__init_array_start = .)
 *(SORT_BY_NAME(.init_array.*))
 *(.init_array)
                [!provide]                        PROVIDE (__init_array_end = .)

.fini_array     0x00100000        0x0
                [!provide]                        PROVIDE (__fini_array_start = .)
 *(SORT_BY_NAME(.fini_array.*))
 *(.fini_array)
                [!provide]                        PROVIDE (__fini_array_end = .)

.rodata         0x00100000       0x20
                0x00100000                        . = ALIGN (0x4)
 *(.rodata)
 *(.rodata.*)
 .rodata.cst16  0x00100000       0x20 main_decrypt2.o

.rela.dyn       0x00100020        0x0
 .rela.text     0x00100020        0x0 include/tcutils.o

.shbss          0x00100020        0x0
                0x00100020                        . = ALIGN (0x4)
 *(.shbss)

.data           0x00100020        0x0
                0x00100020                        . = ALIGN (0x4)
                0x00100020                        sdata = .
                0x00100020                        _sdata = .
 *(.data)
 *(.data.*)
                0x00100020                        edata = .
                0x00100020                        _edata = .

.bss            0x00100020        0x0
                0x00100020                        . = ALIGN (0x4)
                0x00100020                        _bss_start = .
 *(.bss)
 *(.bss.*)
 *(.sbss)
 *(.sbss.*)
 *(COMMON)
                0x00100020                        _bss_end = .

.stack          0x00104000     0x4000
                0x00104000                        . = ALIGN (0x4)
                0x00108000                        . = (. + _min_stack)
 *fill*         0x00104000     0x4000 
                0x00108000                        . = ALIGN (0x4)
                0x00108000                        stack = .
                0x00108000                        _stack = .

.stab
 *(.stab)

.stabstr
 *(.stabstr)

.bss            0x00100020        0x0
                0x00100020                        . = ALIGN (0x4)
                0x00100020                        _end = .
LOAD /usr/lib/picolibc/riscv64-unknown-elf/lib/libc.a
LOAD include/exceptions.o
LOAD include/int.o
LOAD include/tcutils.o
LOAD include/utils.o
LOAD main_decrypt2.o
LOAD crt0.riscv.o
OUTPUT(output/soft.elf elf32-littleriscv)

.debug_abbrev   0x00000000      0x31c
 .debug_abbrev  0x00000000       0x31 include/exceptions.o
 .debug_abbrev  0x00000031       0x31 include/int.o
 .debug_abbrev  0x00000062       0xc2 include/tcutils.o
 .debug_abbrev  0x00000124       0xcf include/utils.o
 .debug_abbrev  0x000001f3      0x10a main_decrypt2.o
 .debug_abbrev  0x000002fd       0x1f crt0.riscv.o

.debug_info     0x00000000      0x7e7
 .debug_info    0x00000000       0x49 include/exceptions.o
 .debug_info    0x00000049       0x8b include/int.o
 .debug_info    0x000000d4      0x1c8 include/tcutils.o
 .debug_info    0x0000029c       0xa8 include/utils.o
 .debug_info    0x00000344      0x1f8 main_decrypt2.o
 .debug_info    0x0000053c      0x2ab crt0.riscv.o

.debug_rnglists
                0x00000000       0xe0
 .debug_rnglists
                0x00000000       0x1a include/exceptions.o
 .debug_rnglists
                0x0000001a       0x2c include/int.o
 .debug_rnglists
                0x00000046       0x23 include/tcutils.o
 .debug_rnglists
                0x00000069       0x1a include/utils.o
 .debug_rnglists
                0x00000083       0x42 main_decrypt2.o
 .debug_rnglists
                0x000000c5       0x1b crt0.riscv.o

.debug_str_offsets
                0x00000000      0x194
 .debug_str_offsets
                0x00000000       0x20 include/exceptions.o
 .debug_str_offsets
                0x00000020       0x38 include/int.o
 .debug_str_offsets
                0x00000058       0x94 include/tcutils.o
 .debug_str_offsets
                0x000000ec       0x2c include/utils.o
 .debug_str_offsets
                0x00000118       0x7c main_decrypt2.o

.debug_str      0x00000000      0x2de
 .debug_str     0x00000000      0x2de include/exceptions.o
                                 0xfa (size before relaxing)
 .debug_str     0x000002de        0x0 include/int.o
                                0x105 (size before relaxing)
 .debug_str     0x000002de        0x0 include/tcutils.o
                                0x173 (size before relaxing)
 .debug_str     0x000002de        0x0 include/utils.o
                                 0xcc (size before relaxing)
 .debug_str     0x000002de        0x0 main_decrypt2.o
                                0x193 (size before relaxing)

.debug_addr     0x00000000       0x90
 .debug_addr    0x00000000       0x14 include/exceptions.o
 .debug_addr    0x00000014       0x2c include/int.o
 .debug_addr    0x00000040       0x20 include/tcutils.o
 .debug_addr    0x00000060       0x18 include/utils.o
 .debug_addr    0x00000078       0x18 main_decrypt2.o

.comment        0x00000000       0x6c
 .comment       0x00000000       0x6c include/exceptions.o
                                 0x6d (size before relaxing)
 .comment       0x0000006c        0x0 include/int.o
                                 0x6d (size before relaxing)
 .comment       0x0000006c        0x0 include/tcutils.o
                                 0x6d (size before relaxing)
 .comment       0x0000006c        0x0 include/utils.o
                                 0x6d (size before relaxing)
 .comment       0x0000006c        0x0 main_decrypt2.o
                                 0x6d (size before relaxing)

.note.GNU-stack
                0x00000000        0x0
 .note.GNU-stack
                0x00000000        0x0 include/exceptions.o
 .note.GNU-stack
                0x00000000        0x0 include/int.o
 .note.GNU-stack
                0x00000000        0x0 include/tcutils.o
 .note.GNU-stack
                0x00000000        0x0 include/utils.o
 .note.GNU-stack
                0x00000000        0x0 main_decrypt2.o

.riscv.attributes
                0x00000000       0x5f
 .riscv.attributes
                0x00000000       0x5f include/exceptions.o
 .riscv.attributes
                0x0000005f       0x5f include/int.o
 .riscv.attributes
                0x000000be       0x5f include/tcutils.o
 .riscv.attributes
                0x0000011d       0x5f include/utils.o
 .riscv.attributes
                0x0000017c       0x5f main_decrypt2.o
 .riscv.attributes
                0x000001db       0x5d crt0.riscv.o

.debug_frame    0x00000000      0x1e4
 .debug_frame   0x00000000       0x44 include/exceptions.o
 .debug_frame   0x00000044       0xa4 include/int.o
 .debug_frame   0x000000e8       0x84 include/tcutils.o
 .debug_frame   0x0000016c       0x4c include/utils.o
 .debug_frame   0x000001b8       0x2c main_decrypt2.o

.debug_line     0x00000000      0x6df
 .debug_line    0x00000000       0x82 include/exceptions.o
 .debug_line    0x00000082      0x100 include/int.o
 .debug_line    0x00000182      0x1c6 include/tcutils.o
 .debug_line    0x00000348       0xa6 include/utils.o
 .debug_line    0x000003ee       0xe6 main_decrypt2.o
 .debug_line    0x000004d4      0x20b crt0.riscv.o

.debug_line_str
                0x00000000      0x139
 .debug_line_str
                0x00000000      0x139 include/exceptions.o
                                 0x46 (size before relaxing)
 .debug_line_str
                0x00000139        0x0 include/int.o
                                 0x3f (size before relaxing)
 .debug_line_str
                0x00000139        0x0 include/tcutils.o
                                 0xf2 (size before relaxing)
 .debug_line_str
                0x00000139        0x0 include/utils.o
                                 0x41 (size before relaxing)
 .debug_line_str
                0x00000139        0x0 main_decrypt2.o
                                 0xb6 (size before relaxing)
 .debug_line_str
                0x00000139        0x0 crt0.riscv.o
                                 0x3e (size before relaxing)

.debug_loclists
                0x00000000      0x30c
 .debug_loclists
                0x00000000      0x15d include/tcutils.o
 .debug_loclists
                0x0000015d       0x1f include/utils.o
 .debug_loclists
                0x0000017c      0x190 main_decrypt2.o

.debug_aranges  0x00000000       0x28
 .debug_aranges
                0x00000000       0x28 crt0.riscv.o
