     VMA      LMA     Size Align Out     In      Symbol
       0        0        0     1 __DYNAMIC = 0
       0        0        0     1 _min_stack = 0x4000
       0        0        0     1 _stack_len = LENGTH(stack)
       0        0        0     1 _stack_start = ORIGIN(stack) + LENGTH(stack)
    8000     8000       8c     1 .vectors
    8000     8000        0     1         . = ALIGN(4)
    8000     8000       8c     1         crt0.riscv.o:(.vectors)
    8000     8000        0     1                 $x
    8000     8000        0     1                 .L0 
    8004     8004        0     1                 .L0 
    8008     8008        0     1                 .L0 
    800c     800c        0     1                 .L0 
    8010     8010        0     1                 .L0 
    8014     8014        0     1                 .L0 
    8018     8018        0     1                 .L0 
    801c     801c        0     1                 .L0 
    8020     8020        0     1                 .L0 
    8024     8024        0     1                 .L0 
    8028     8028        0     1                 .L0 
    802c     802c        0     1                 .L0 
    8030     8030        0     1                 .L0 
    8034     8034        0     1                 .L0 
    8038     8038        0     1                 .L0 
    803c     803c        0     1                 .L0 
    8040     8040        0     1                 .L0 
    8044     8044        0     1                 .L0 
    8048     8048        0     1                 .L0 
    804c     804c        0     1                 .L0 
    8050     8050        0     1                 .L0 
    8054     8054        0     1                 .L0 
    8058     8058        0     1                 .L0 
    805c     805c        0     1                 .L0 
    8060     8060        0     1                 .L0 
    8064     8064        0     1                 .L0 
    8068     8068        0     1                 .L0 
    806c     806c        0     1                 .L0 
    8070     8070        0     1                 .L0 
    8074     8074        0     1                 .L0 
    8078     8078        0     1                 .L0 
    807c     807c        0     1                 .L0 
    8080     8080        0     1                 .L0 
    8084     8084        0     1                 .L0 
    8088     8088        0     1                 .L0 
    808c     808c        0     1                 .L0 
    808c     808c      1d2     2 .text
    808c     808c        0     1         . = ALIGN(4)
    808c     808c        0     1         _stext = .
    808c     808c        0     2         include/exceptions.o:(.text)
    808c     808c        0     2         include/int.o:(.text)
    808c     808c        0     2         include/tcutils.o:(.text)
    808c     808c        0     2         include/utils.o:(.text)
    808c     808c        0     2         main.o:(.text)
    808c     808c      1c2     2         crt0.riscv.o:(.text)
    808c     808c        0     1                 reset_handler
    808c     808c        0     1                 .L0 
    808c     808c        0     1                 $x
    808c     808c        0     1                 .L0 
    808e     808e        0     1                 .L0 
    8090     8090        0     1                 .L0 
    8092     8092        0     1                 .L0 
    8094     8094        0     1                 .L0 
    8096     8096        0     1                 .L0 
    8098     8098        0     1                 .L0 
    809a     809a        0     1                 .L0 
    809c     809c        0     1                 .L0 
    809e     809e        0     1                 .L0 
    80a0     80a0        0     1                 .L0 
    80a2     80a2        0     1                 .L0 
    80a4     80a4        0     1                 .L0 
    80a6     80a6        0     1                 .L0 
    80a8     80a8        0     1                 .L0 
    80aa     80aa        0     1                 .L0 
    80ac     80ac        0     1                 .L0 
    80ae     80ae        0     1                 .L0 
    80b0     80b0        0     1                 .L0 
    80b2     80b2        0     1                 .L0 
    80b4     80b4        0     1                 .L0 
    80b6     80b6        0     1                 .L0 
    80b8     80b8        0     1                 .L0 
    80ba     80ba        0     1                 .L0 
    80bc     80bc        0     1                 .L0 
    80be     80be        0     1                 .L0 
    80c0     80c0        0     1                 .L0 
    80c2     80c2        0     1                 .L0 
    80c4     80c4        0     1                 .L0 
    80c6     80c6        0     1                 .L0 
    80c8     80c8        0     1                 .L0 
    80ca     80ca        0     1                 .Lpcrel_hi0
    80ca     80ca        0     1                 .L0 
    80d2     80d2        0     1                 .L0 
    80d2     80d2        0     1                 .L0 
    80d2     80d2        0     1                 _start
    80d6     80d6        0     1                 zero_loop
    80d6     80d6        0     1                 .L0 
    80d6     80d6        0     1                 .L0 
    80da     80da        0     1                 .L0 
    80dc     80dc        0     1                 .L0 
    80e0     80e0        0     1                 zero_loop_end
    80e0     80e0        0     1                 .L0 
    80e0     80e0        0     1                 .L0 
    80e2     80e2        0     1                 .L0 
    80e4     80e4        0     1                 .L0 
    80e8     80e8        0     1                 .L0 
    80ea     80ea        0     1                 .L0 
    80ec     80ec        0     1                 .L0 
    80f0     80f0        0     1                 ISR_I2C_ASM
    80f0     80f0        0     1                 .L0 
    80f0     80f0        0     1                 .L0 
    80f2     80f2        0     1                 .L0 
    80f4     80f4        0     1                 .L0 
    80f6     80f6        0     1                 .Lpcrel_hi1
    80f6     80f6        0     1                 .L0 
    80fe     80fe        0     1                 .L0 
    8102     8102        0     1                 ISR_UART_ASM
    8102     8102        0     1                 .L0 
    8102     8102        0     1                 .L0 
    8104     8104        0     1                 .L0 
    8106     8106        0     1                 .L0 
    8108     8108        0     1                 .Lpcrel_hi2
    8108     8108        0     1                 .L0 
    8110     8110        0     1                 .L0 
    8114     8114        0     1                 ISR_GPIO_ASM
    8114     8114        0     1                 .L0 
    8114     8114        0     1                 .L0 
    8116     8116        0     1                 .L0 
    8118     8118        0     1                 .L0 
    811a     811a        0     1                 .Lpcrel_hi3
    811a     811a        0     1                 .L0 
    8122     8122        0     1                 .L0 
    8126     8126        0     1                 ISR_SPIM0_ASM
    8126     8126        0     1                 .L0 
    8126     8126        0     1                 .L0 
    8128     8128        0     1                 .L0 
    812a     812a        0     1                 .L0 
    812c     812c        0     1                 .Lpcrel_hi4
    812c     812c        0     1                 .L0 
    8134     8134        0     1                 .L0 
    8138     8138        0     1                 ISR_SPIM1_ASM
    8138     8138        0     1                 .L0 
    8138     8138        0     1                 .L0 
    813a     813a        0     1                 .L0 
    813c     813c        0     1                 .L0 
    813e     813e        0     1                 .Lpcrel_hi5
    813e     813e        0     1                 .L0 
    8146     8146        0     1                 .L0 
    814a     814a        0     1                 ISR_TA_CMP_ASM
    814a     814a        0     1                 .L0 
    814a     814a        0     1                 .L0 
    814c     814c        0     1                 .L0 
    814e     814e        0     1                 .L0 
    8150     8150        0     1                 .Lpcrel_hi6
    8150     8150        0     1                 .L0 
    8158     8158        0     1                 .L0 
    815c     815c        0     1                 ISR_TA_OVF_ASM
    815c     815c        0     1                 .L0 
    815c     815c        0     1                 .L0 
    815e     815e        0     1                 .L0 
    8160     8160        0     1                 .L0 
    8162     8162        0     1                 .Lpcrel_hi7
    8162     8162        0     1                 .L0 
    816a     816a        0     1                 .L0 
    816e     816e        0     1                 ISR_TB_CMP_ASM
    816e     816e        0     1                 .L0 
    816e     816e        0     1                 .L0 
    8170     8170        0     1                 .L0 
    8172     8172        0     1                 .L0 
    8174     8174        0     1                 .Lpcrel_hi8
    8174     8174        0     1                 .L0 
    817c     817c        0     1                 .L0 
    8180     8180        0     1                 ISR_TB_OVF_ASM
    8180     8180        0     1                 .L0 
    8180     8180        0     1                 .L0 
    8182     8182        0     1                 .L0 
    8184     8184        0     1                 .L0 
    8186     8186        0     1                 .Lpcrel_hi9
    8186     8186        0     1                 .L0 
    818e     818e        0     1                 .L0 
    8192     8192        0     1                 illegal_insn_handler
    8192     8192        0     1                 .L0 
    8192     8192        0     1                 .L0 
    8194     8194        0     1                 .L0 
    8196     8196        0     1                 .L0 
    8198     8198        0     1                 .Lpcrel_hi10
    8198     8198        0     1                 .L0 
    81a0     81a0        0     1                 .L0 
    81a4     81a4        0     1                 ecall_insn_handler
    81a4     81a4        0     1                 .L0 
    81a4     81a4        0     1                 .L0 
    81a6     81a6        0     1                 .L0 
    81a8     81a8        0     1                 .L0 
    81aa     81aa        0     1                 .Lpcrel_hi11
    81aa     81aa        0     1                 .L0 
    81b2     81b2        0     1                 .L0 
    81b6     81b6        0     1                 store_regs
    81b6     81b6        0     1                 .L0 
    81b6     81b6        0     1                 .L0 
    81b8     81b8        0     1                 .L0 
    81ba     81ba        0     1                 .L0 
    81bc     81bc        0     1                 .L0 
    81be     81be        0     1                 .L0 
    81c0     81c0        0     1                 .L0 
    81c2     81c2        0     1                 .L0 
    81c4     81c4        0     1                 .L0 
    81c6     81c6        0     1                 .L0 
    81c8     81c8        0     1                 .L0 
    81ca     81ca        0     1                 .L0 
    81cc     81cc        0     1                 .L0 
    81ce     81ce        0     1                 .L0 
    81d0     81d0        0     1                 .L0 
    81d2     81d2        0     1                 .L0 
    81d4     81d4        0     1                 .L0 
    81d6     81d6        0     1                 .L0 
    81d8     81d8        0     1                 .L0 
    81dc     81dc        0     1                 .L0 
    81e0     81e0        0     1                 .L0 
    81e4     81e4        0     1                 .L0 
    81e6     81e6        0     1                 .L0 
    81e8     81e8        0     1                 .L0 
    81ea     81ea        0     1                 .L0 
    81ee     81ee        0     1                 .L0 
    81f2     81f2        0     1                 .L0 
    81f6     81f6        0     1                 .L0 
    81f8     81f8        0     1                 .L0 
    81fa     81fa        0     1                 .L0 
    81fc     81fc        0     1                 .L0 
    81fe     81fe        0     1                 end_except
    81fe     81fe        0     1                 .L0 
    81fe     81fe        0     1                 .L0 
    8200     8200        0     1                 .L0 
    8202     8202        0     1                 .L0 
    8204     8204        0     1                 .L0 
    8208     8208        0     1                 .L0 
    820c     820c        0     1                 .L0 
    8210     8210        0     1                 .L0 
    8212     8212        0     1                 .L0 
    8214     8214        0     1                 .L0 
    8216     8216        0     1                 .L0 
    821a     821a        0     1                 .L0 
    821e     821e        0     1                 .L0 
    8222     8222        0     1                 .L0 
    8224     8224        0     1                 .L0 
    8226     8226        0     1                 .L0 
    8228     8228        0     1                 .L0 
    822a     822a        0     1                 .L0 
    822c     822c        0     1                 .L0 
    822e     822e        0     1                 .L0 
    8230     8230        0     1                 .L0 
    8232     8232        0     1                 .L0 
    8234     8234        0     1                 .L0 
    8236     8236        0     1                 .L0 
    8238     8238        0     1                 .L0 
    823a     823a        0     1                 .L0 
    823c     823c        0     1                 .L0 
    823e     823e        0     1                 .L0 
    8240     8240        0     1                 .L0 
    8242     8242        0     1                 .L0 
    8244     8244        0     1                 .L0 
    8246     8246        0     1                 .L0 
    8248     8248        0     1                 .L0 
    824c     824c        0     1                 .L0 
    824c     824c        0     1                 .L0 
    824c     824c        0     1                 .L0 
    824c     824c        0     1                 _init
    824c     824c        0     1                 _fini
    824e     824e        0     1                 .L0 
    824e     824e        0     1         _etext = .
    824e     824e        0     1         __CTOR_LIST__ = .
    824e     824e        4     1         LONG((__CTOR_END__ - __CTOR_LIST__) / 4 - 2)
    8252     8252        4     1         LONG(0)
    8256     8256        0     1         __CTOR_END__ = .
    8256     8256        0     1         __DTOR_LIST__ = .
    8256     8256        4     1         LONG((__DTOR_END__ - __DTOR_LIST__) / 4 - 2)
    825a     825a        4     1         LONG(0)
    825e     825e        0     1         __DTOR_END__ = .
    825e     825e        0     1         _endtext = .
    825e     825e        2     2 .text.default_exception_handler_c
    825e     825e        2     2         include/exceptions.o:(.text.default_exception_handler_c)
    825e     825e        0     1                 .L0 
    825e     825e        0     1                 .L0 
    825e     825e        0     1                 .L0 
    825e     825e        0     1                 $x
    825e     825e        0     1                 .L0 
    825e     825e        2     1                 default_exception_handler_c
    8260     8260        0     1                 .L0 
    8260     8260        0     1                 .L0 
    8260     8260        2     2 .text.illegal_insn_handler_c
    8260     8260        2     2         include/exceptions.o:(.text.illegal_insn_handler_c)
    8260     8260        0     1                 .L0 
    8260     8260        0     1                 .L0 
    8260     8260        0     1                 .L0 
    8260     8260        0     1                 $x
    8260     8260        0     1                 .L0 
    8260     8260        2     1                 illegal_insn_handler_c
    8262     8262        0     1                 .L0 
    8262     8262        0     1                 .L0 
    8262     8262        2     2 .text.ecall_insn_handler_c
    8262     8262        2     2         include/exceptions.o:(.text.ecall_insn_handler_c)
    8262     8262        0     1                 .L0 
    8262     8262        0     1                 .L0 
    8262     8262        0     1                 .L0 
    8262     8262        0     1                 $x
    8262     8262        0     1                 .L0 
    8262     8262        2     1                 ecall_insn_handler_c
    8264     8264        0     1                 .L0 
    8264     8264        0     1                 .L0 
    8264     8264        2     2 .text.ISR_I2C
    8264     8264        2     2         include/int.o:(.text.ISR_I2C)
    8264     8264        0     1                 .L0 
    8264     8264        0     1                 .L0 
    8264     8264        0     1                 .L0 
    8264     8264        0     1                 $x
    8264     8264        0     1                 .L0 
    8264     8264        2     1                 ISR_I2C
    8266     8266        0     1                 .L0 
    8266     8266        0     1                 .L0 
    8266     8266        2     2 .text.ISR_UART
    8266     8266        2     2         include/int.o:(.text.ISR_UART)
    8266     8266        0     1                 .L0 
    8266     8266        0     1                 .L0 
    8266     8266        0     1                 .L0 
    8266     8266        0     1                 $x
    8266     8266        0     1                 .L0 
    8266     8266        2     1                 ISR_UART
    8268     8268        0     1                 .L0 
    8268     8268        0     1                 .L0 
    8268     8268        2     2 .text.ISR_GPIO
    8268     8268        2     2         include/int.o:(.text.ISR_GPIO)
    8268     8268        0     1                 .L0 
    8268     8268        0     1                 .L0 
    8268     8268        0     1                 .L0 
    8268     8268        0     1                 $x
    8268     8268        0     1                 .L0 
    8268     8268        2     1                 ISR_GPIO
    826a     826a        0     1                 .L0 
    826a     826a        0     1                 .L0 
    826a     826a        2     2 .text.ISR_SPIM0
    826a     826a        2     2         include/int.o:(.text.ISR_SPIM0)
    826a     826a        0     1                 .L0 
    826a     826a        0     1                 .L0 
    826a     826a        0     1                 .L0 
    826a     826a        0     1                 $x
    826a     826a        0     1                 .L0 
    826a     826a        2     1                 ISR_SPIM0
    826c     826c        0     1                 .L0 
    826c     826c        0     1                 .L0 
    826c     826c        2     2 .text.ISR_SPIM1
    826c     826c        2     2         include/int.o:(.text.ISR_SPIM1)
    826c     826c        0     1                 .L0 
    826c     826c        0     1                 .L0 
    826c     826c        0     1                 .L0 
    826c     826c        0     1                 $x
    826c     826c        0     1                 .L0 
    826c     826c        2     1                 ISR_SPIM1
    826e     826e        0     1                 .L0 
    826e     826e        0     1                 .L0 
    826e     826e        2     2 .text.ISR_TA_OVF
    826e     826e        2     2         include/int.o:(.text.ISR_TA_OVF)
    826e     826e        0     1                 .L0 
    826e     826e        0     1                 .L0 
    826e     826e        0     1                 .L0 
    826e     826e        0     1                 $x
    826e     826e        0     1                 .L0 
    826e     826e        2     1                 ISR_TA_OVF
    8270     8270        0     1                 .L0 
    8270     8270        0     1                 .L0 
    8270     8270        2     2 .text.ISR_TA_CMP
    8270     8270        2     2         include/int.o:(.text.ISR_TA_CMP)
    8270     8270        0     1                 .L0 
    8270     8270        0     1                 .L0 
    8270     8270        0     1                 .L0 
    8270     8270        0     1                 $x
    8270     8270        0     1                 .L0 
    8270     8270        2     1                 ISR_TA_CMP
    8272     8272        0     1                 .L0 
    8272     8272        0     1                 .L0 
    8272     8272        2     2 .text.ISR_TB_OVF
    8272     8272        2     2         include/int.o:(.text.ISR_TB_OVF)
    8272     8272        0     1                 .L0 
    8272     8272        0     1                 .L0 
    8272     8272        0     1                 .L0 
    8272     8272        0     1                 $x
    8272     8272        0     1                 .L0 
    8272     8272        2     1                 ISR_TB_OVF
    8274     8274        0     1                 .L0 
    8274     8274        0     1                 .L0 
    8274     8274        2     2 .text.ISR_TB_CMP
    8274     8274        2     2         include/int.o:(.text.ISR_TB_CMP)
    8274     8274        0     1                 .L0 
    8274     8274        0     1                 .L0 
    8274     8274        0     1                 .L0 
    8274     8274        0     1                 $x
    8274     8274        0     1                 .L0 
    8274     8274        2     1                 ISR_TB_CMP
    8276     8276        0     1                 .L0 
    8276     8276        0     1                 .L0 
    8276     8276       20     2 .text._copy
    8276     8276       20     2         include/tcutils.o:(.text._copy)
    8276     8276        0     1                 .L0 
    8276     8276        0     1                 .L0 
    8276     8276        0     1                 $x
    8276     8276        0     1                 .L0 
    8276     8276       20     1                 _copy
    827c     827c        0     1                 .L0 
    827c     827c        0     1                 .L0 
    8280     8280        0     1                 .L0 
    8282     8282        0     1                 .L0 
    8284     8284        0     1                 .L0 
    8284     8284        0     1                 .L0 
    8286     8286        0     1                 .L0 
    8286     8286        0     1                 .L0 
    8288     8288        0     1                 .L0 
    828a     828a        0     1                 .L0 
    828c     828c        0     1                 .L0 
    828c     828c        0     1                 .L0 
    828c     828c        0     1                 .L0 
    828e     828e        0     1                 .L0 
    8292     8292        0     1                 .L0 
    8296     8296        0     1                 .L0 
    8296     8296        0     1                 .L0 
    8296     8296        2     2 .text._set
    8296     8296        2     2         include/tcutils.o:(.text._set)
    8296     8296        0     1                 .L0 
    8296     8296        0     1                 .L0 
    8296     8296        0     1                 $x
    8296     8296        0     1                 .L0 
    8296     8296        2     1                 _set
    8298     8298        0     1                 .L0 
    8298     8298        0     1                 .L0 
    8298     8298       12     2 .text._double_byte
    8298     8298       12     2         include/tcutils.o:(.text._double_byte)
    8298     8298        0     1                 .L0 
    8298     8298        0     1                 .L0 
    8298     8298        0     1                 $x
    8298     8298        0     1                 .L0 
    8298     8298       12     1                 _double_byte
    829c     829c        0     1                 .L0 
    829e     829e        0     1                 .L0 
    82a2     82a2        0     1                 .L0 
    82a4     82a4        0     1                 .L0 
    82aa     82aa        0     1                 .L0 
    82aa     82aa       24     2 .text._compare
    82aa     82aa       24     2         include/tcutils.o:(.text._compare)
    82aa     82aa        0     1                 .L0 
    82aa     82aa        0     1                 .L0 
    82aa     82aa        0     1                 $x
    82aa     82aa        0     1                 .L0 
    82aa     82aa       24     1                 _compare
    82ac     82ac        0     1                 .L0 
    82ae     82ae        0     1                 .L0 
    82b0     82b0        0     1                 .L0 
    82b0     82b0        0     1                 .L0 
    82b0     82b0        0     1                 .L0 
    82b4     82b4        0     1                 .L0 
    82b8     82b8        0     1                 .L0 
    82ba     82ba        0     1                 .L0 
    82bc     82bc        0     1                 .L0 
    82be     82be        0     1                 .L0 
    82c0     82c0        0     1                 .L0 
    82c4     82c4        0     1                 .L0 
    82c4     82c4        0     1                 .L0 
    82c8     82c8        0     1                 .L0 
    82ca     82ca        0     1                 .L0 
    82ca     82ca        0     1                 .L0 
    82ca     82ca        0     1                 .L0 
    82cc     82cc        0     1                 .L0 
    82cc     82cc        0     1                 .L0 
    82ce     82ce        0     1                 .L0 
    82ce     82ce        0     1                 .L0 
    82ce     82ce       16     2 .text.memset
    82ce     82ce       16     2         include/tcutils.o:(.text.memset)
    82ce     82ce        0     1                 .L0 
    82ce     82ce        0     1                 .L0 
    82ce     82ce        0     1                 $x
    82ce     82ce        0     1                 .L0 
    82ce     82ce       16     1                 memset
    82d2     82d2        0     1                 .L0 
    82d2     82d2        0     1                 .L0 
    82d4     82d4        0     1                 .L0 
    82d4     82d4        0     1                 .L0 
    82d4     82d4        0     1                 .L0 
    82d8     82d8        0     1                 .L0 
    82d8     82d8        0     1                 .L0 
    82de     82de        0     1                 .L0 
    82de     82de        0     1                 .L0 
    82e2     82e2        0     1                 .L0 
    82e2     82e2        0     1                 .L0 
    82e2     82e2        0     1                 .L0 
    82e4     82e4        0     1                 .L0 
    82e4     82e4        0     1                 .L0 
    82e4     82e4       1c     2 .text.memcpy
    82e4     82e4       1c     2         include/tcutils.o:(.text.memcpy)
    82e4     82e4        0     1                 .L0 
    82e4     82e4        0     1                 .L0 
    82e4     82e4        0     1                 $x
    82e4     82e4        0     1                 .L0 
    82e4     82e4       1c     1                 memcpy
    82e8     82e8        0     1                 .L0 
    82e8     82e8        0     1                 .L0 
    82ea     82ea        0     1                 .L0 
    82ea     82ea        0     1                 .L0 
    82ea     82ea        0     1                 .L0 
    82ee     82ee        0     1                 .L0 
    82f0     82f0        0     1                 .L0 
    82f4     82f4        0     1                 .L0 
    82f4     82f4        0     1                 .L0 
    82fa     82fa        0     1                 .L0 
    82fa     82fa        0     1                 .L0 
    82fe     82fe        0     1                 .L0 
    82fe     82fe        0     1                 .L0 
    82fe     82fe        0     1                 .L0 
    8300     8300        0     1                 .L0 
    8300     8300        0     1                 .L0 
    8300     8300        2     2 .text.exit
    8300     8300        2     2         include/utils.o:(.text.exit)
    8300     8300        0     1                 .L0 
    8300     8300        0     1                 .L0 
    8300     8300        0     1                 .L0 
    8300     8300        0     1                 $x
    8300     8300        0     1                 .L0 
    8300     8300        2     1                 exit
    8302     8302        0     1                 .L0 
    8302     8302        0     1                 .L0 
    8302     8302        0     1                 .L0 
    8302     8302        2     2 .text.eoc
    8302     8302        2     2         include/utils.o:(.text.eoc)
    8302     8302        0     1                 .L0 
    8302     8302        0     1                 .L0 
    8302     8302        0     1                 .L0 
    8302     8302        0     1                 $x
    8302     8302        0     1                 .L0 
    8302     8302        2     1                 eoc
    8304     8304        0     1                 .L0 
    8304     8304        0     1                 .L0 
    8304     8304       1a     2 .text.sleep_busy
    8304     8304       1a     2         include/utils.o:(.text.sleep_busy)
    8304     8304        0     1                 .L0 
    8304     8304        0     1                 .L0 
    8304     8304        0     1                 $x
    8304     8304        0     1                 .L0 
    8304     8304       1a     1                 sleep_busy
    8306     8306        0     1                 .L0 
    8308     8308        0     1                 .L0 
    8308     8308        0     1                 .L0 
    830a     830a        0     1                 .L0 
    830e     830e        0     1                 .L0 
    8310     8310        0     1                 .L0 
    8310     8310        0     1                 .L0 
    8310     8310        0     1                 .L0 
    8312     8312        0     1                 .L0 
    8314     8314        0     1                 .L0 
    8316     8316        0     1                 .L0 
    831a     831a        0     1                 .L0 
    831a     831a        0     1                 .L0 
    831a     831a        0     1                 .L0 
    831c     831c        0     1                 .L0 
    831e     831e        0     1                 .L0 
    831e     831e        0     1                 .L0 
    831e     831e       26     2 .text.gf_mult
    831e     831e       26     2         main.o:(.text.gf_mult)
    831e     831e        0     1                 .L0 
    831e     831e        0     1                 .L0 
    831e     831e        0     1                 $x
    831e     831e        0     1                 .L0 
    831e     831e       26     1                 gf_mult
    8322     8322        0     1                 .L0 
    8322     8322        0     1                 .L0 
    8322     8322        0     1                 .L0 
    832e     832e        0     1                 .L0 
    8330     8330        0     1                 .L0 
    8332     8332        0     1                 .L0 
    8336     8336        0     1                 .L0 
    8338     8338        0     1                 .L0 
    833a     833a        0     1                 .L0 
    833c     833c        0     1                 .L0 
    833e     833e        0     1                 .L0 
    833e     833e        0     1                 .L0 
    8342     8342        0     1                 .L0 
    8344     8344        0     1                 .L0 
    8344     8344        0     1                 .L0 
    8344     8344      1c6     2 .text.expand_key
    8344     8344      1c6     2         main.o:(.text.expand_key)
    8344     8344        0     1                 .L0 
    8344     8344        0     1                 .L0 
    8344     8344        0     1                 $x
    8344     8344        0     1                 .L0 
    8344     8344      1c6     1                 expand_key
    8356     8356        0     1                 .L0 
    8356     8356        0     1                 .L0 
    835c     835c        0     1                 .L0 
    835c     835c        0     1                 .L0 
    8360     8360        0     1                 .L0 
    8364     8364        0     1                 .L0 
    8368     8368        0     1                 .L0 
    836c     836c        0     1                 .L0 
    8382     8382        0     1                 .L0 
    8382     8382        0     1                 .L0 
    8382     8382        0     1                 .L0 
    838a     838a        0     1                 .L0 
    838e     838e        0     1                 .L0 
    8392     8392        0     1                 .L0 
    8396     8396        0     1                 .L0 
    8398     8398        0     1                 .L0 
    8398     8398        0     1                 .L0 
    839c     839c        0     1                 .L0 
    839e     839e        0     1                 .L0 
    839e     839e        0     1                 .L0 
    83a2     83a2        0     1                 .L0 
    83a6     83a6        0     1                 .L0 
    83aa     83aa        0     1                 .L0 
    83ae     83ae        0     1                 .L0 
    83b2     83b2        0     1                 .L0 
    83b4     83b4        0     1                 .L0 
    83b8     83b8        0     1                 .L0 
    83bc     83bc        0     1                 .L0 
    83bc     83bc        0     1                 .L0 
    83c0     83c0        0     1                 .L0 
    83c4     83c4        0     1                 .L0 
    83c8     83c8        0     1                 .L0 
    83cc     83cc        0     1                 .L0 
    83cc     83cc        0     1                 .L0 
    83cc     83cc        0     1                 .L0 
    83d0     83d0        0     1                 .L0 
    83d4     83d4        0     1                 .L0 
    83d8     83d8        0     1                 .L0 
    83dc     83dc        0     1                 .L0 
    83e0     83e0        0     1                 .L0 
    83e2     83e2        0     1                 .L0 
    83e2     83e2        0     1                 .L0 
    83e6     83e6        0     1                 .L0 
    83ea     83ea        0     1                 .L0 
    83ee     83ee        0     1                 .L0 
    83f2     83f2        0     1                 .L0 
    83f6     83f6        0     1                 .L0 
    83fa     83fa        0     1                 .L0 
    83fa     83fa        0     1                 .L0 
    83fe     83fe        0     1                 .L0 
    83fe     83fe        0     1                 .L0 
    840e     840e        0     1                 .L0 
    8412     8412        0     1                 .L0 
    8412     8412        0     1                 .L0 
    8416     8416        0     1                 .L0 
    8416     8416        0     1                 .L0 
    8416     8416        0     1                 .L0 
    841a     841a        0     1                 .L0 
    8422     8422        0     1                 .L0 
    8426     8426        0     1                 .L0 
    842a     842a        0     1                 .L0 
    842e     842e        0     1                 .L0 
    8430     8430        0     1                 .L0 
    8432     8432        0     1                 .L0 
    8432     8432        0     1                 .L0 
    8440     8440        0     1                 .L0 
    8440     8440        0     1                 .L0 
    8440     8440        0     1                 .L0 
    844c     844c        0     1                 .L0 
    844e     844e        0     1                 .L0 
    8450     8450        0     1                 .L0 
    8450     8450        0     1                 .L0 
    8454     8454        0     1                 .L0 
    8458     8458        0     1                 .L0 
    845a     845a        0     1                 .L0 
    845c     845c        0     1                 .L0 
    845c     845c        0     1                 .L0 
    845e     845e        0     1                 .L0 
    8460     8460        0     1                 .L0 
    8468     8468        0     1                 .L0 
    8468     8468        0     1                 .L0 
    8468     8468        0     1                 .L0 
    8474     8474        0     1                 .L0 
    8476     8476        0     1                 .L0 
    8478     8478        0     1                 .L0 
    8478     8478        0     1                 .L0 
    847c     847c        0     1                 .L0 
    8480     8480        0     1                 .L0 
    8482     8482        0     1                 .L0 
    8484     8484        0     1                 .L0 
    8484     8484        0     1                 .L0 
    8486     8486        0     1                 .L0 
    8488     8488        0     1                 .L0 
    8490     8490        0     1                 .L0 
    8490     8490        0     1                 .L0 
    8490     8490        0     1                 .L0 
    849c     849c        0     1                 .L0 
    849e     849e        0     1                 .L0 
    84a0     84a0        0     1                 .L0 
    84a0     84a0        0     1                 .L0 
    84a4     84a4        0     1                 .L0 
    84a6     84a6        0     1                 .L0 
    84a8     84a8        0     1                 .L0 
    84aa     84aa        0     1                 .L0 
    84aa     84aa        0     1                 .L0 
    84ac     84ac        0     1                 .L0 
    84ac     84ac        0     1                 .L0 
    84b4     84b4        0     1                 .L0 
    84b4     84b4        0     1                 .L0 
    84b4     84b4        0     1                 .L0 
    84c0     84c0        0     1                 .L0 
    84c2     84c2        0     1                 .L0 
    84c4     84c4        0     1                 .L0 
    84c4     84c4        0     1                 .L0 
    84c8     84c8        0     1                 .L0 
    84ca     84ca        0     1                 .L0 
    84cc     84cc        0     1                 .L0 
    84ce     84ce        0     1                 .L0 
    84ce     84ce        0     1                 .L0 
    84d0     84d0        0     1                 .L0 
    84d0     84d0        0     1                 .L0 
    84d4     84d4        0     1                 .L0 
    84d8     84d8        0     1                 .L0 
    84da     84da        0     1                 .L0 
    84dc     84dc        0     1                 .L0 
    84de     84de        0     1                 .L0 
    84e0     84e0        0     1                 .L0 
    84e8     84e8        0     1                 .L0 
    84e8     84e8        0     1                 .L0 
    84ea     84ea        0     1                 .L0 
    84ee     84ee        0     1                 .L0 
    84ee     84ee        0     1                 .L0 
    84f2     84f2        0     1                 .L0 
    84f2     84f2        0     1                 .L0 
    84f6     84f6        0     1                 .L0 
    84f6     84f6        0     1                 .L0 
    8506     8506        0     1                 .L0 
    850a     850a        0     1                 .L0 
    850a     850a        0     1                 .L0 
    850a     850a       1c     2 .text.add_round_key
    850a     850a       1c     2         main.o:(.text.add_round_key)
    850a     850a        0     1                 .L0 
    850a     850a        0     1                 .L0 
    850a     850a        0     1                 $x
    850a     850a        0     1                 .L0 
    850a     850a       1c     1                 add_round_key
    850e     850e        0     1                 .L0 
    850e     850e        0     1                 .L0 
    8512     8512        0     1                 .L0 
    851c     851c        0     1                 .L0 
    8520     8520        0     1                 .L0 
    8524     8524        0     1                 .L0 
    8524     8524        0     1                 .L0 
    8526     8526        0     1                 .L0 
    8526     8526        0     1                 .L0 
    8526     8526      586     2 .text.aes128_decrypt_block
    8526     8526      586     2         main.o:(.text.aes128_decrypt_block)
    8526     8526        0     1                 .L0 
    8526     8526        0     1                 .L0 
    8526     8526        0     1                 $x
    8526     8526        0     1                 .L0 
    8526     8526      586     1                 aes128_decrypt_block
    8528     8528        0     1                 .L0 
    8528     8528        0     1                 .L0 
    85aa     85aa        0     1                 .L0 
    85ae     85ae        0     1                 .L0 
    85ba     85ba        0     1                 .L0 
    85ba     85ba        0     1                 .L0 
    85be     85be        0     1                 .L0 
    85be     85be        0     1                 .L0 
    85c2     85c2        0     1                 .L0 
    85cc     85cc        0     1                 .L0 
    85d0     85d0        0     1                 .L0 
    85d4     85d4        0     1                 .L0 
    85d4     85d4        0     1                 .L0 
    85d6     85d6        0     1                 .L0 
    85d6     85d6        0     1                 .L0 
    85de     85de        0     1                 .L0 
    85e0     85e0        0     1                 .L0 
    85e4     85e4        0     1                 .L0 
    85e8     85e8        0     1                 .L0 
    85ea     85ea        0     1                 .L0 
    85ee     85ee        0     1                 .L0 
    85f2     85f2        0     1                 .L0 
    85f4     85f4        0     1                 .L0 
    85f8     85f8        0     1                 .L0 
    85fc     85fc        0     1                 .L0 
    8600     8600        0     1                 .L0 
    8604     8604        0     1                 .L0 
    860c     860c        0     1                 .L0 
    8614     8614        0     1                 .L0 
    861c     861c        0     1                 .L0 
    8620     8620        0     1                 .L0 
    8624     8624        0     1                 .L0 
    8628     8628        0     1                 .L0 
    8630     8630        0     1                 .L0 
    8638     8638        0     1                 .L0 
    8640     8640        0     1                 .L0 
    8644     8644        0     1                 .L0 
    8648     8648        0     1                 .L0 
    864c     864c        0     1                 .L0 
    8654     8654        0     1                 .L0 
    865c     865c        0     1                 .L0 
    8664     8664        0     1                 .L0 
    8668     8668        0     1                 .L0 
    866c     866c        0     1                 .L0 
    8670     8670        0     1                 .L0 
    8674     8674        0     1                 .L0 
    8678     8678        0     1                 .L0 
    8678     8678        0     1                 .L0 
    867c     867c        0     1                 .L0 
    8684     8684        0     1                 .L0 
    868c     868c        0     1                 .L0 
    8694     8694        0     1                 .L0 
    8698     8698        0     1                 .L0 
    869c     869c        0     1                 .L0 
    86a0     86a0        0     1                 .L0 
    86a8     86a8        0     1                 .L0 
    86b0     86b0        0     1                 .L0 
    86b8     86b8        0     1                 .L0 
    86bc     86bc        0     1                 .L0 
    86c0     86c0        0     1                 .L0 
    86c4     86c4        0     1                 .L0 
    86cc     86cc        0     1                 .L0 
    86d4     86d4        0     1                 .L0 
    86dc     86dc        0     1                 .L0 
    86e0     86e0        0     1                 .L0 
    86e4     86e4        0     1                 .L0 
    86e8     86e8        0     1                 .L0 
    86f0     86f0        0     1                 .L0 
    86f8     86f8        0     1                 .L0 
    8700     8700        0     1                 .L0 
    8704     8704        0     1                 .L0 
    8706     8706        0     1                 .L0 
    870a     870a        0     1                 .L0 
    870e     870e        0     1                 .L0 
    8712     8712        0     1                 .L0 
    8712     8712        0     1                 .L0 
    8716     8716        0     1                 .L0 
    871c     871c        0     1                 .L0 
    8722     8722        0     1                 .L0 
    8728     8728        0     1                 .L0 
    872c     872c        0     1                 .L0 
    872e     872e        0     1                 .L0 
    8730     8730        0     1                 .L0 
    8736     8736        0     1                 .L0 
    873c     873c        0     1                 .L0 
    8742     8742        0     1                 .L0 
    8746     8746        0     1                 .L0 
    8748     8748        0     1                 .L0 
    874a     874a        0     1                 .L0 
    8750     8750        0     1                 .L0 
    8756     8756        0     1                 .L0 
    875c     875c        0     1                 .L0 
    8760     8760        0     1                 .L0 
    8762     8762        0     1                 .L0 
    8764     8764        0     1                 .L0 
    876a     876a        0     1                 .L0 
    8770     8770        0     1                 .L0 
    8776     8776        0     1                 .L0 
    877a     877a        0     1                 .L0 
    877c     877c        0     1                 .L0 
    8780     8780        0     1                 .L0 
    8784     8784        0     1                 .L0 
    8788     8788        0     1                 .L0 
    8788     8788        0     1                 .L0 
    878a     878a        0     1                 .L0 
    8790     8790        0     1                 .L0 
    8796     8796        0     1                 .L0 
    879c     879c        0     1                 .L0 
    87a0     87a0        0     1                 .L0 
    87a2     87a2        0     1                 .L0 
    87a4     87a4        0     1                 .L0 
    87aa     87aa        0     1                 .L0 
    87b0     87b0        0     1                 .L0 
    87b6     87b6        0     1                 .L0 
    87ba     87ba        0     1                 .L0 
    87bc     87bc        0     1                 .L0 
    87be     87be        0     1                 .L0 
    87c4     87c4        0     1                 .L0 
    87ca     87ca        0     1                 .L0 
    87d0     87d0        0     1                 .L0 
    87d4     87d4        0     1                 .L0 
    87d6     87d6        0     1                 .L0 
    87d8     87d8        0     1                 .L0 
    87de     87de        0     1                 .L0 
    87e4     87e4        0     1                 .L0 
    87ea     87ea        0     1                 .L0 
    87ee     87ee        0     1                 .L0 
    87f0     87f0        0     1                 .L0 
    87f4     87f4        0     1                 .L0 
    87f8     87f8        0     1                 .L0 
    87fc     87fc        0     1                 .L0 
    87fc     87fc        0     1                 .L0 
    87fe     87fe        0     1                 .L0 
    8804     8804        0     1                 .L0 
    880a     880a        0     1                 .L0 
    8810     8810        0     1                 .L0 
    8814     8814        0     1                 .L0 
    8816     8816        0     1                 .L0 
    8818     8818        0     1                 .L0 
    881e     881e        0     1                 .L0 
    8824     8824        0     1                 .L0 
    882a     882a        0     1                 .L0 
    882e     882e        0     1                 .L0 
    8830     8830        0     1                 .L0 
    8832     8832        0     1                 .L0 
    8838     8838        0     1                 .L0 
    883e     883e        0     1                 .L0 
    8844     8844        0     1                 .L0 
    8848     8848        0     1                 .L0 
    884a     884a        0     1                 .L0 
    884c     884c        0     1                 .L0 
    8852     8852        0     1                 .L0 
    8858     8858        0     1                 .L0 
    885e     885e        0     1                 .L0 
    8862     8862        0     1                 .L0 
    8864     8864        0     1                 .L0 
    8868     8868        0     1                 .L0 
    886c     886c        0     1                 .L0 
    8870     8870        0     1                 .L0 
    8870     8870        0     1                 .L0 
    8872     8872        0     1                 .L0 
    8878     8878        0     1                 .L0 
    887e     887e        0     1                 .L0 
    8884     8884        0     1                 .L0 
    8888     8888        0     1                 .L0 
    888a     888a        0     1                 .L0 
    888c     888c        0     1                 .L0 
    8892     8892        0     1                 .L0 
    8898     8898        0     1                 .L0 
    889e     889e        0     1                 .L0 
    88a2     88a2        0     1                 .L0 
    88a4     88a4        0     1                 .L0 
    88a6     88a6        0     1                 .L0 
    88ac     88ac        0     1                 .L0 
    88b2     88b2        0     1                 .L0 
    88b8     88b8        0     1                 .L0 
    88bc     88bc        0     1                 .L0 
    88be     88be        0     1                 .L0 
    88c0     88c0        0     1                 .L0 
    88c6     88c6        0     1                 .L0 
    88cc     88cc        0     1                 .L0 
    88d2     88d2        0     1                 .L0 
    88d6     88d6        0     1                 .L0 
    88d8     88d8        0     1                 .L0 
    88dc     88dc        0     1                 .L0 
    88e0     88e0        0     1                 .L0 
    88e4     88e4        0     1                 .L0 
    88e4     88e4        0     1                 .L0 
    88e6     88e6        0     1                 .L0 
    88ec     88ec        0     1                 .L0 
    88f2     88f2        0     1                 .L0 
    88f8     88f8        0     1                 .L0 
    88fc     88fc        0     1                 .L0 
    88fe     88fe        0     1                 .L0 
    8900     8900        0     1                 .L0 
    8906     8906        0     1                 .L0 
    890c     890c        0     1                 .L0 
    8912     8912        0     1                 .L0 
    8916     8916        0     1                 .L0 
    8918     8918        0     1                 .L0 
    891a     891a        0     1                 .L0 
    8920     8920        0     1                 .L0 
    8926     8926        0     1                 .L0 
    892c     892c        0     1                 .L0 
    8930     8930        0     1                 .L0 
    8932     8932        0     1                 .L0 
    8934     8934        0     1                 .L0 
    893a     893a        0     1                 .L0 
    8940     8940        0     1                 .L0 
    8946     8946        0     1                 .L0 
    894a     894a        0     1                 .L0 
    894c     894c        0     1                 .L0 
    8950     8950        0     1                 .L0 
    8954     8954        0     1                 .L0 
    8958     8958        0     1                 .L0 
    8958     8958        0     1                 .L0 
    895a     895a        0     1                 .L0 
    8960     8960        0     1                 .L0 
    8966     8966        0     1                 .L0 
    896c     896c        0     1                 .L0 
    8970     8970        0     1                 .L0 
    8972     8972        0     1                 .L0 
    8974     8974        0     1                 .L0 
    897a     897a        0     1                 .L0 
    8980     8980        0     1                 .L0 
    8986     8986        0     1                 .L0 
    898a     898a        0     1                 .L0 
    898c     898c        0     1                 .L0 
    898e     898e        0     1                 .L0 
    8994     8994        0     1                 .L0 
    899a     899a        0     1                 .L0 
    89a0     89a0        0     1                 .L0 
    89a4     89a4        0     1                 .L0 
    89a6     89a6        0     1                 .L0 
    89a8     89a8        0     1                 .L0 
    89ae     89ae        0     1                 .L0 
    89b4     89b4        0     1                 .L0 
    89ba     89ba        0     1                 .L0 
    89be     89be        0     1                 .L0 
    89c0     89c0        0     1                 .L0 
    89c4     89c4        0     1                 .L0 
    89c8     89c8        0     1                 .L0 
    89cc     89cc        0     1                 .L0 
    89cc     89cc        0     1                 .L0 
    89ce     89ce        0     1                 .L0 
    89d4     89d4        0     1                 .L0 
    89da     89da        0     1                 .L0 
    89e0     89e0        0     1                 .L0 
    89e4     89e4        0     1                 .L0 
    89e6     89e6        0     1                 .L0 
    89e8     89e8        0     1                 .L0 
    89ee     89ee        0     1                 .L0 
    89f4     89f4        0     1                 .L0 
    89fa     89fa        0     1                 .L0 
    89fe     89fe        0     1                 .L0 
    8a00     8a00        0     1                 .L0 
    8a02     8a02        0     1                 .L0 
    8a08     8a08        0     1                 .L0 
    8a0e     8a0e        0     1                 .L0 
    8a14     8a14        0     1                 .L0 
    8a18     8a18        0     1                 .L0 
    8a1a     8a1a        0     1                 .L0 
    8a1c     8a1c        0     1                 .L0 
    8a22     8a22        0     1                 .L0 
    8a28     8a28        0     1                 .L0 
    8a2e     8a2e        0     1                 .L0 
    8a32     8a32        0     1                 .L0 
    8a32     8a32        0     1                 .L0 
    8a34     8a34        0     1                 .L0 
    8a34     8a34        0     1                 .L0 
    8a38     8a38        0     1                 .L0 
    8a3c     8a3c        0     1                 .L0 
    8a3e     8a3e        0     1                 .L0 
    8a3e     8a3e        0     1                 .L0 
    8a40     8a40        0     1                 .L0 
    8a40     8a40        0     1                 .L0 
    8a46     8a46        0     1                 .L0 
    8a4c     8a4c        0     1                 .L0 
    8a52     8a52        0     1                 .L0 
    8a56     8a56        0     1                 .L0 
    8a58     8a58        0     1                 .L0 
    8a5a     8a5a        0     1                 .L0 
    8a60     8a60        0     1                 .L0 
    8a66     8a66        0     1                 .L0 
    8a6c     8a6c        0     1                 .L0 
    8a70     8a70        0     1                 .L0 
    8a72     8a72        0     1                 .L0 
    8a74     8a74        0     1                 .L0 
    8a7a     8a7a        0     1                 .L0 
    8a80     8a80        0     1                 .L0 
    8a86     8a86        0     1                 .L0 
    8a8a     8a8a        0     1                 .L0 
    8a8c     8a8c        0     1                 .L0 
    8a8e     8a8e        0     1                 .L0 
    8a94     8a94        0     1                 .L0 
    8a9a     8a9a        0     1                 .L0 
    8aa0     8aa0        0     1                 .L0 
    8aa4     8aa4        0     1                 .L0 
    8aa6     8aa6        0     1                 .L0 
    8aa8     8aa8        0     1                 .L0 
    8aaa     8aaa        0     1                 .L0 
    8aac     8aac        0     1                 .L0 
    8aac     8aac        0     1                 .L0 
    8aac     8aac        0     1                 .L0 
    8aac     8aac       5e     2 .text.aes128_ecb_decrypt
    8aac     8aac       5e     2         main.o:(.text.aes128_ecb_decrypt)
    8aac     8aac        0     1                 .L0 
    8aac     8aac        0     1                 .L0 
    8aac     8aac        0     1                 $x
    8aac     8aac        0     1                 .L0 
    8aac     8aac       5e     1                 aes128_ecb_decrypt
    8ac2     8ac2        0     1                 .L0 
    8ac4     8ac4        0     1                 .L0 
    8ac6     8ac6        0     1                 .L0 
    8ac8     8ac8        0     1                 .L0 
    8aca     8aca        0     1                 .L0 
    8acc     8acc        0     1                 .L0 
    8acc     8acc        0     1                 .L0 
    8ad2     8ad2        0     1                 .L0 
    8ad2     8ad2        0     1                 .L0 
    8ad4     8ad4        0     1                 .L0 
    8ad6     8ad6        0     1                 .L0 
    8ad6     8ad6        0     1                 .L0 
    8ad6     8ad6        0     1                 .L0 
    8ae0     8ae0        0     1                 .L0 
    8ae0     8ae0        0     1                 .L0 
    8ae4     8ae4        0     1                 .L0 
    8ae8     8ae8        0     1                 .L0 
    8aec     8aec        0     1                 .L0 
    8aec     8aec        0     1                 .L0 
    8aee     8aee        0     1                 .L0 
    8af2     8af2        0     1                 .L0 
    8af2     8af2        0     1                 .L0 
    8af2     8af2        0     1                 .L0 
    8afe     8afe        0     1                 .L0 
    8b06     8b06        0     1                 .L0 
    8b0a     8b0a        0     1                 .L0 
    8b0a     8b0a        0     1                 .L0 
    8b0a     8b0a        4     2 .text.write_to_address
    8b0a     8b0a        4     2         main.o:(.text.write_to_address)
    8b0a     8b0a        0     1                 .L0 
    8b0a     8b0a        0     1                 .L0 
    8b0a     8b0a        0     1                 $x
    8b0a     8b0a        0     1                 .L0 
    8b0a     8b0a        4     1                 write_to_address
    8b0c     8b0c        0     1                 .L0 
    8b0e     8b0e        0     1                 .L0 
    8b0e     8b0e       12     2 .text.write_v_to_address
    8b0e     8b0e       12     2         main.o:(.text.write_v_to_address)
    8b0e     8b0e        0     1                 .L0 
    8b0e     8b0e        0     1                 .L0 
    8b0e     8b0e        0     1                 $x
    8b0e     8b0e        0     1                 .L0 
    8b0e     8b0e       12     1                 write_v_to_address
    8b12     8b12        0     1                 .L0 
    8b12     8b12        0     1                 .L0 
    8b14     8b14        0     1                 .L0 
    8b14     8b14        0     1                 .L0 
    8b16     8b16        0     1                 .L0 
    8b1a     8b1a        0     1                 .L0 
    8b1e     8b1e        0     1                 .L0 
    8b1e     8b1e        0     1                 .L0 
    8b20     8b20        0     1                 .L0 
    8b20     8b20        0     1                 .L0 
    8b20     8b20        6     2 .text.write_numb_to_address
    8b20     8b20        6     2         main.o:(.text.write_numb_to_address)
    8b20     8b20        0     1                 .L0 
    8b20     8b20        0     1                 .L0 
    8b20     8b20        0     1                 $x
    8b20     8b20        0     1                 .L0 
    8b20     8b20        6     1                 write_numb_to_address
    8b22     8b22        0     1                 .L0 
    8b22     8b22        0     1                 .L0 
    8b24     8b24        0     1                 .L0 
    8b26     8b26        0     1                 .L0 
    8b26     8b26       be     2 .text.main
    8b26     8b26       be     2         main.o:(.text.main)
    8b26     8b26        0     1                 .L0 
    8b26     8b26        0     1                 .L0 
    8b26     8b26        0     1                 $x
    8b26     8b26        0     1                 .L0 
    8b26     8b26       be     1                 main
    8b30     8b30        0     1                 .L0 
    8b34     8b34        0     1                 .L0 
    8b4e     8b4e        0     1                 .L0 
    8b4e     8b4e        0     1                 .L0 
    8b5e     8b5e        0     1                 .L0 
    8b5e     8b5e        0     1                 .L0 
    8b6a     8b6a        0     1                 .L0 
    8b6a     8b6a        0     1                 .L0 
    8b6e     8b6e        0     1                 .L0 
    8b72     8b72        0     1                 .L0 
    8b72     8b72        0     1                 .L0 
    8b7e     8b7e        0     1                 .L0 
    8b7e     8b7e        0     1                 .L0 
    8b80     8b80        0     1                 .L0 
    8b80     8b80        0     1                 .L0 
    8b84     8b84        0     1                 .L0 
    8b84     8b84        0     1                 .L0 
    8b86     8b86        0     1                 .L0 
    8b86     8b86        0     1                 .L0 
    8b8a     8b8a        0     1                 .L0 
    8b8a     8b8a        0     1                 .L0 
    8b8c     8b8c        0     1                 .L0 
    8b8c     8b8c        0     1                 .L0 
    8b90     8b90        0     1                 .L0 
    8b90     8b90        0     1                 .L0 
    8b92     8b92        0     1                 .L0 
    8b92     8b92        0     1                 .L0 
    8b9a     8b9a        0     1                 .L0 
    8b9e     8b9e        0     1                 .L0 
    8b9e     8b9e        0     1                 .L0 
    8baa     8baa        0     1                 .L0 
    8baa     8baa        0     1                 .L0 
    8bae     8bae        0     1                 .L0 
    8bae     8bae        0     1                 .L0 
    8bae     8bae        0     1                 .L0 
    8bb2     8bb2        0     1                 .L0 
    8bb6     8bb6        0     1                 .L0 
    8bb6     8bb6        0     1                 .L0 
    8bba     8bba        0     1                 .L0 
    8bba     8bba        0     1                 .L0 
    8bc0     8bc0        0     1                 .L0 
    8bc2     8bc2        0     1                 .L0 
    8bc2     8bc2        0     1                 .L0 
    8bc4     8bc4        0     1                 .L0 
    8bc4     8bc4        0     1                 .L0 
    8bc4     8bc4        0     1                 .L0 
    8bcc     8bcc        0     1                 .L0 
    8bcc     8bcc        0     1                 .L0 
    8bd4     8bd4        0     1                 .L0 
    8bd4     8bd4        0     1                 .L0 
    8bd6     8bd6        0     1                 .L0 
    8bd8     8bd8        0     1                 .L0 
    8be0     8be0        0     1                 .L0 
    8be4     8be4        0     1                 .L0 
    8be4     8be4        0     1                 .L0 
  100000   100000      14a     1 .rodata
  100000   100000        0     1         . = ALIGN(4)
  100000   100000      100     1         main.o:(.rodata.sbox)
  100000   100000      100     1                 sbox
  100000   100000        0     1                 $d
  100100   100100        a     1         main.o:(.rodata.rcon)
  100100   100100        a     1                 rcon
  100100   100100        0     1                 $d
  10010a   10010a       40     1         <internal>:(.rodata.cst16)
  10014a   10014a        2     1 .shbss
  10014a   10014a        2     1         . = ALIGN(4)
  10014c   10014c        0     1 .data
  10014c   10014c        0     1         . = ALIGN(4)
  10014c   10014c        0     1         sdata = .
  10014c   10014c        0     1         _sdata = .
  10014c   10014c        0     1         edata = .
  10014c   10014c        0     1         _edata = .
  10014c   10014c        0     1 .bss
  10014c   10014c        0     1         . = ALIGN(4)
  10014c   10014c        0     1         _bss_start = .
  10014c   10014c        0     1         _bss_end = .
  104000   104000     4000     1 .stack
  104000   104000        0     1         . = ALIGN(4)
  104000   104000     4000     1         . = . + _min_stack 
  108000   108000        0     1         . = ALIGN(4)
  108000   108000        0     1         stack = . 
  108000   108000        0     1         _stack = . 
  10014c   10014c        0     1 .bss
  10014c   10014c        0     1         . = ALIGN(4)
  10014c   10014c        0     1         _end = .
       0        0      459     1 .debug_abbrev
       0        0       31     1         include/exceptions.o:(.debug_abbrev)
       0        0        0     1                 $d
      31       31       31     1         include/int.o:(.debug_abbrev)
      31       31        0     1                 $d
      62       62       c2     1         include/tcutils.o:(.debug_abbrev)
      62       62        0     1                 $d
     124      124       cf     1         include/utils.o:(.debug_abbrev)
     124      124        0     1                 $d
     1f3      1f3      247     1         main.o:(.debug_abbrev)
     1f3      1f3        0     1                 $d
     43a      43a       1f     1         crt0.riscv.o:(.debug_abbrev)
     43a      43a        0     1                 .L0 
     43a      43a        0     1                 $d
       0        0      c28     1 .debug_info
       0        0       49     1         include/exceptions.o:(.debug_info)
       0        0        0     1                 $d
      49       49       8b     1         include/int.o:(.debug_info)
      49       49        0     1                 $d
      d4       d4      1c8     1         include/tcutils.o:(.debug_info)
      d4       d4        0     1                 $d
     29c      29c       a8     1         include/utils.o:(.debug_info)
     29c      29c        0     1                 $d
     344      344      64f     1         main.o:(.debug_info)
     344      344        0     1                 $d
     993      993      295     1         crt0.riscv.o:(.debug_info)
     993      993        0     1                 .L0 
     993      993        0     1                 $d
       0        0       ff     1 .debug_rnglists
       0        0       1a     1         include/exceptions.o:(.debug_rnglists)
       0        0        0     1                 $d
       c        c        0     1                 .L0 
      1a       1a       2c     1         include/int.o:(.debug_rnglists)
      1a       1a        0     1                 $d
      26       26        0     1                 .L0 
      46       46       23     1         include/tcutils.o:(.debug_rnglists)
      46       46        0     1                 $d
      52       52        0     1                 .L0 
      69       69       1a     1         include/utils.o:(.debug_rnglists)
      69       69        0     1                 $d
      75       75        0     1                 .L0 
      83       83       61     1         main.o:(.debug_rnglists)
      83       83        0     1                 $d
      8f       8f        0     1                 .L0 
      e4       e4       1b     1         crt0.riscv.o:(.debug_rnglists)
      e4       e4        0     1                 $d
      f0       f0        0     1                 .L0 
       0        0      218     1 .debug_str_offsets
       0        0       20     1         include/exceptions.o:(.debug_str_offsets)
       0        0        0     1                 $d
       8        8        0     1                 .L0 
      20       20       38     1         include/int.o:(.debug_str_offsets)
      20       20        0     1                 $d
      28       28        0     1                 .L0 
      58       58       94     1         include/tcutils.o:(.debug_str_offsets)
      58       58        0     1                 $d
      60       60        0     1                 .L0 
      ec       ec       2c     1         include/utils.o:(.debug_str_offsets)
      ec       ec        0     1                 $d
      f4       f4        0     1                 .L0 
     118      118      100     1         main.o:(.debug_str_offsets)
     118      118        0     1                 $d
     120      120        0     1                 .L0 
       0        0      419     1 .debug_str
       0        0      419     1         <internal>:(.debug_str)
       0        0      108     1 .debug_addr
       0        0       14     1         include/exceptions.o:(.debug_addr)
       0        0        0     1                 $d
       8        8        0     1                 .L0 
      14       14       2c     1         include/int.o:(.debug_addr)
      14       14        0     1                 $d
      1c       1c        0     1                 .L0 
      40       40       20     1         include/tcutils.o:(.debug_addr)
      40       40        0     1                 $d
      48       48        0     1                 .L0 
      60       60       18     1         include/utils.o:(.debug_addr)
      60       60        0     1                 $d
      68       68        0     1                 .L0 
      78       78       90     1         main.o:(.debug_addr)
      78       78        0     1                 $d
      80       80        0     1                 .L0 
       0        0       71     1 .comment
       0        0       71     1         <internal>:(.comment)
       0        0       58     1 .riscv.attributes
       0        0       58     1         <internal>:(.riscv.attributes)
       0        0      2bc     4 .debug_frame
       0        0       44     4         include/exceptions.o:(.debug_frame)
       0        0        0     1                 .L0 
       0        0        0     1                 $d
      44       44       a4     4         include/int.o:(.debug_frame)
      44       44        0     1                 .L0 
      44       44        0     1                 $d
      e8       e8       84     4         include/tcutils.o:(.debug_frame)
      e8       e8        0     1                 .L0 
      e8       e8        0     1                 $d
     16c      16c       4c     4         include/utils.o:(.debug_frame)
     16c      16c        0     1                 .L0 
     16c      16c        0     1                 $d
     1b8      1b8      104     4         main.o:(.debug_frame)
     1b8      1b8        0     1                 .L0 
     1b8      1b8        0     1                 $d
       0        0     1694     1 .debug_line
       0        0       82     1         include/exceptions.o:(.debug_line)
       0        0        0     1                 .Lline_table_start0
       0        0        0     1                 $d
      82       82      100     1         include/int.o:(.debug_line)
      82       82        0     1                 .Lline_table_start0
      82       82        0     1                 $d
     182      182      247     1         include/tcutils.o:(.debug_line)
     182      182        0     1                 .Lline_table_start0
     182      182        0     1                 $d
     3c9      3c9       c3     1         include/utils.o:(.debug_line)
     3c9      3c9        0     1                 .Lline_table_start0
     3c9      3c9        0     1                 $d
     48c      48c      d2c     1         main.o:(.debug_line)
     48c      48c        0     1                 .Lline_table_start0
     48c      48c        0     1                 $d
    11b8     11b8      4dc     1         crt0.riscv.o:(.debug_line)
    11b8     11b8        0     1                 .Lline_table_start0
    11b8     11b8        0     1                 $d
       0        0      13b     1 .debug_line_str
       0        0      13b     1         <internal>:(.debug_line_str)
       0        0      58d     1 .debug_loclists
       0        0      115     1         include/tcutils.o:(.debug_loclists)
       0        0        0     1                 $d
       c        c        0     1                 .L0 
     115      115       1f     1         include/utils.o:(.debug_loclists)
     115      115        0     1                 $d
     121      121        0     1                 .L0 
     134      134      459     1         main.o:(.debug_loclists)
     134      134        0     1                 $d
     140      140        0     1                 .L0 
       0        0       28     1 .debug_aranges
       0        0       28     1         crt0.riscv.o:(.debug_aranges)
       0        0        0     1                 $d
       0        0      b20     4 .symtab
       0        0      b20     4         <internal>:(.symtab)
       0        0      323     1 .shstrtab
       0        0      323     1         <internal>:(.shstrtab)
       0        0      48c     1 .strtab
       0        0      48c     1         <internal>:(.strtab)
