     VMA      LMA     Size Align Out     In      Symbol
       0        0        0     1 __DYNAMIC = 0
       0        0        0     1 _min_stack = 0x4000
       0        0        0     1 _stack_len = LENGTH(stack)
       0        0        0     1 _stack_start = ORIGIN(stack) + LENGTH(stack)
    8000     8000       8c     1 .vectors
    8000     8000        0     1         . = ALIGN(4)
    8000     8000       8c     1         crt0.riscv.o:(.vectors)
    8000     8000        0     1                 $x
    8000     8000        0     1                 .L0 
    8004     8004        0     1                 .L0 
    8008     8008        0     1                 .L0 
    800c     800c        0     1                 .L0 
    8010     8010        0     1                 .L0 
    8014     8014        0     1                 .L0 
    8018     8018        0     1                 .L0 
    801c     801c        0     1                 .L0 
    8020     8020        0     1                 .L0 
    8024     8024        0     1                 .L0 
    8028     8028        0     1                 .L0 
    802c     802c        0     1                 .L0 
    8030     8030        0     1                 .L0 
    8034     8034        0     1                 .L0 
    8038     8038        0     1                 .L0 
    803c     803c        0     1                 .L0 
    8040     8040        0     1                 .L0 
    8044     8044        0     1                 .L0 
    8048     8048        0     1                 .L0 
    804c     804c        0     1                 .L0 
    8050     8050        0     1                 .L0 
    8054     8054        0     1                 .L0 
    8058     8058        0     1                 .L0 
    805c     805c        0     1                 .L0 
    8060     8060        0     1                 .L0 
    8064     8064        0     1                 .L0 
    8068     8068        0     1                 .L0 
    806c     806c        0     1                 .L0 
    8070     8070        0     1                 .L0 
    8074     8074        0     1                 .L0 
    8078     8078        0     1                 .L0 
    807c     807c        0     1                 .L0 
    8080     8080        0     1                 .L0 
    8084     8084        0     1                 .L0 
    8088     8088        0     1                 .L0 
    808c     808c        0     1                 .L0 
    808c     808c      1d2     2 .text
    808c     808c        0     1         . = ALIGN(4)
    808c     808c        0     1         _stext = .
    808c     808c        0     2         include/exceptions.o:(.text)
    808c     808c        0     2         include/int.o:(.text)
    808c     808c        0     2         include/tcutils.o:(.text)
    808c     808c        0     2         include/utils.o:(.text)
    808c     808c        0     2         main.o:(.text)
    808c     808c      1c2     2         crt0.riscv.o:(.text)
    808c     808c        0     1                 reset_handler
    808c     808c        0     1                 .L0 
    808c     808c        0     1                 $x
    808c     808c        0     1                 .L0 
    808e     808e        0     1                 .L0 
    8090     8090        0     1                 .L0 
    8092     8092        0     1                 .L0 
    8094     8094        0     1                 .L0 
    8096     8096        0     1                 .L0 
    8098     8098        0     1                 .L0 
    809a     809a        0     1                 .L0 
    809c     809c        0     1                 .L0 
    809e     809e        0     1                 .L0 
    80a0     80a0        0     1                 .L0 
    80a2     80a2        0     1                 .L0 
    80a4     80a4        0     1                 .L0 
    80a6     80a6        0     1                 .L0 
    80a8     80a8        0     1                 .L0 
    80aa     80aa        0     1                 .L0 
    80ac     80ac        0     1                 .L0 
    80ae     80ae        0     1                 .L0 
    80b0     80b0        0     1                 .L0 
    80b2     80b2        0     1                 .L0 
    80b4     80b4        0     1                 .L0 
    80b6     80b6        0     1                 .L0 
    80b8     80b8        0     1                 .L0 
    80ba     80ba        0     1                 .L0 
    80bc     80bc        0     1                 .L0 
    80be     80be        0     1                 .L0 
    80c0     80c0        0     1                 .L0 
    80c2     80c2        0     1                 .L0 
    80c4     80c4        0     1                 .L0 
    80c6     80c6        0     1                 .L0 
    80c8     80c8        0     1                 .L0 
    80ca     80ca        0     1                 .Lpcrel_hi0
    80ca     80ca        0     1                 .L0 
    80d2     80d2        0     1                 .L0 
    80d2     80d2        0     1                 .L0 
    80d2     80d2        0     1                 _start
    80d6     80d6        0     1                 zero_loop
    80d6     80d6        0     1                 .L0 
    80d6     80d6        0     1                 .L0 
    80da     80da        0     1                 .L0 
    80dc     80dc        0     1                 .L0 
    80e0     80e0        0     1                 zero_loop_end
    80e0     80e0        0     1                 .L0 
    80e0     80e0        0     1                 .L0 
    80e2     80e2        0     1                 .L0 
    80e4     80e4        0     1                 .L0 
    80e8     80e8        0     1                 .L0 
    80ea     80ea        0     1                 .L0 
    80ec     80ec        0     1                 .L0 
    80f0     80f0        0     1                 ISR_I2C_ASM
    80f0     80f0        0     1                 .L0 
    80f0     80f0        0     1                 .L0 
    80f2     80f2        0     1                 .L0 
    80f4     80f4        0     1                 .L0 
    80f6     80f6        0     1                 .Lpcrel_hi1
    80f6     80f6        0     1                 .L0 
    80fe     80fe        0     1                 .L0 
    8102     8102        0     1                 ISR_UART_ASM
    8102     8102        0     1                 .L0 
    8102     8102        0     1                 .L0 
    8104     8104        0     1                 .L0 
    8106     8106        0     1                 .L0 
    8108     8108        0     1                 .Lpcrel_hi2
    8108     8108        0     1                 .L0 
    8110     8110        0     1                 .L0 
    8114     8114        0     1                 ISR_GPIO_ASM
    8114     8114        0     1                 .L0 
    8114     8114        0     1                 .L0 
    8116     8116        0     1                 .L0 
    8118     8118        0     1                 .L0 
    811a     811a        0     1                 .Lpcrel_hi3
    811a     811a        0     1                 .L0 
    8122     8122        0     1                 .L0 
    8126     8126        0     1                 ISR_SPIM0_ASM
    8126     8126        0     1                 .L0 
    8126     8126        0     1                 .L0 
    8128     8128        0     1                 .L0 
    812a     812a        0     1                 .L0 
    812c     812c        0     1                 .Lpcrel_hi4
    812c     812c        0     1                 .L0 
    8134     8134        0     1                 .L0 
    8138     8138        0     1                 ISR_SPIM1_ASM
    8138     8138        0     1                 .L0 
    8138     8138        0     1                 .L0 
    813a     813a        0     1                 .L0 
    813c     813c        0     1                 .L0 
    813e     813e        0     1                 .Lpcrel_hi5
    813e     813e        0     1                 .L0 
    8146     8146        0     1                 .L0 
    814a     814a        0     1                 ISR_TA_CMP_ASM
    814a     814a        0     1                 .L0 
    814a     814a        0     1                 .L0 
    814c     814c        0     1                 .L0 
    814e     814e        0     1                 .L0 
    8150     8150        0     1                 .Lpcrel_hi6
    8150     8150        0     1                 .L0 
    8158     8158        0     1                 .L0 
    815c     815c        0     1                 ISR_TA_OVF_ASM
    815c     815c        0     1                 .L0 
    815c     815c        0     1                 .L0 
    815e     815e        0     1                 .L0 
    8160     8160        0     1                 .L0 
    8162     8162        0     1                 .Lpcrel_hi7
    8162     8162        0     1                 .L0 
    816a     816a        0     1                 .L0 
    816e     816e        0     1                 ISR_TB_CMP_ASM
    816e     816e        0     1                 .L0 
    816e     816e        0     1                 .L0 
    8170     8170        0     1                 .L0 
    8172     8172        0     1                 .L0 
    8174     8174        0     1                 .Lpcrel_hi8
    8174     8174        0     1                 .L0 
    817c     817c        0     1                 .L0 
    8180     8180        0     1                 ISR_TB_OVF_ASM
    8180     8180        0     1                 .L0 
    8180     8180        0     1                 .L0 
    8182     8182        0     1                 .L0 
    8184     8184        0     1                 .L0 
    8186     8186        0     1                 .Lpcrel_hi9
    8186     8186        0     1                 .L0 
    818e     818e        0     1                 .L0 
    8192     8192        0     1                 illegal_insn_handler
    8192     8192        0     1                 .L0 
    8192     8192        0     1                 .L0 
    8194     8194        0     1                 .L0 
    8196     8196        0     1                 .L0 
    8198     8198        0     1                 .Lpcrel_hi10
    8198     8198        0     1                 .L0 
    81a0     81a0        0     1                 .L0 
    81a4     81a4        0     1                 ecall_insn_handler
    81a4     81a4        0     1                 .L0 
    81a4     81a4        0     1                 .L0 
    81a6     81a6        0     1                 .L0 
    81a8     81a8        0     1                 .L0 
    81aa     81aa        0     1                 .Lpcrel_hi11
    81aa     81aa        0     1                 .L0 
    81b2     81b2        0     1                 .L0 
    81b6     81b6        0     1                 store_regs
    81b6     81b6        0     1                 .L0 
    81b6     81b6        0     1                 .L0 
    81b8     81b8        0     1                 .L0 
    81ba     81ba        0     1                 .L0 
    81bc     81bc        0     1                 .L0 
    81be     81be        0     1                 .L0 
    81c0     81c0        0     1                 .L0 
    81c2     81c2        0     1                 .L0 
    81c4     81c4        0     1                 .L0 
    81c6     81c6        0     1                 .L0 
    81c8     81c8        0     1                 .L0 
    81ca     81ca        0     1                 .L0 
    81cc     81cc        0     1                 .L0 
    81ce     81ce        0     1                 .L0 
    81d0     81d0        0     1                 .L0 
    81d2     81d2        0     1                 .L0 
    81d4     81d4        0     1                 .L0 
    81d6     81d6        0     1                 .L0 
    81d8     81d8        0     1                 .L0 
    81dc     81dc        0     1                 .L0 
    81e0     81e0        0     1                 .L0 
    81e4     81e4        0     1                 .L0 
    81e6     81e6        0     1                 .L0 
    81e8     81e8        0     1                 .L0 
    81ea     81ea        0     1                 .L0 
    81ee     81ee        0     1                 .L0 
    81f2     81f2        0     1                 .L0 
    81f6     81f6        0     1                 .L0 
    81f8     81f8        0     1                 .L0 
    81fa     81fa        0     1                 .L0 
    81fc     81fc        0     1                 .L0 
    81fe     81fe        0     1                 end_except
    81fe     81fe        0     1                 .L0 
    81fe     81fe        0     1                 .L0 
    8200     8200        0     1                 .L0 
    8202     8202        0     1                 .L0 
    8204     8204        0     1                 .L0 
    8208     8208        0     1                 .L0 
    820c     820c        0     1                 .L0 
    8210     8210        0     1                 .L0 
    8212     8212        0     1                 .L0 
    8214     8214        0     1                 .L0 
    8216     8216        0     1                 .L0 
    821a     821a        0     1                 .L0 
    821e     821e        0     1                 .L0 
    8222     8222        0     1                 .L0 
    8224     8224        0     1                 .L0 
    8226     8226        0     1                 .L0 
    8228     8228        0     1                 .L0 
    822a     822a        0     1                 .L0 
    822c     822c        0     1                 .L0 
    822e     822e        0     1                 .L0 
    8230     8230        0     1                 .L0 
    8232     8232        0     1                 .L0 
    8234     8234        0     1                 .L0 
    8236     8236        0     1                 .L0 
    8238     8238        0     1                 .L0 
    823a     823a        0     1                 .L0 
    823c     823c        0     1                 .L0 
    823e     823e        0     1                 .L0 
    8240     8240        0     1                 .L0 
    8242     8242        0     1                 .L0 
    8244     8244        0     1                 .L0 
    8246     8246        0     1                 .L0 
    8248     8248        0     1                 .L0 
    824c     824c        0     1                 .L0 
    824c     824c        0     1                 .L0 
    824c     824c        0     1                 .L0 
    824c     824c        0     1                 _init
    824c     824c        0     1                 _fini
    824e     824e        0     1                 .L0 
    824e     824e        0     1         _etext = .
    824e     824e        0     1         __CTOR_LIST__ = .
    824e     824e        4     1         LONG((__CTOR_END__ - __CTOR_LIST__) / 4 - 2)
    8252     8252        4     1         LONG(0)
    8256     8256        0     1         __CTOR_END__ = .
    8256     8256        0     1         __DTOR_LIST__ = .
    8256     8256        4     1         LONG((__DTOR_END__ - __DTOR_LIST__) / 4 - 2)
    825a     825a        4     1         LONG(0)
    825e     825e        0     1         __DTOR_END__ = .
    825e     825e        0     1         _endtext = .
    825e     825e        2     2 .text.default_exception_handler_c
    825e     825e        2     2         include/exceptions.o:(.text.default_exception_handler_c)
    825e     825e        0     1                 .L0 
    825e     825e        0     1                 .L0 
    825e     825e        0     1                 .L0 
    825e     825e        0     1                 $x
    825e     825e        0     1                 .L0 
    825e     825e        2     1                 default_exception_handler_c
    8260     8260        0     1                 .L0 
    8260     8260        0     1                 .L0 
    8260     8260        2     2 .text.illegal_insn_handler_c
    8260     8260        2     2         include/exceptions.o:(.text.illegal_insn_handler_c)
    8260     8260        0     1                 .L0 
    8260     8260        0     1                 .L0 
    8260     8260        0     1                 .L0 
    8260     8260        0     1                 $x
    8260     8260        0     1                 .L0 
    8260     8260        2     1                 illegal_insn_handler_c
    8262     8262        0     1                 .L0 
    8262     8262        0     1                 .L0 
    8262     8262        2     2 .text.ecall_insn_handler_c
    8262     8262        2     2         include/exceptions.o:(.text.ecall_insn_handler_c)
    8262     8262        0     1                 .L0 
    8262     8262        0     1                 .L0 
    8262     8262        0     1                 .L0 
    8262     8262        0     1                 $x
    8262     8262        0     1                 .L0 
    8262     8262        2     1                 ecall_insn_handler_c
    8264     8264        0     1                 .L0 
    8264     8264        0     1                 .L0 
    8264     8264        2     2 .text.ISR_I2C
    8264     8264        2     2         include/int.o:(.text.ISR_I2C)
    8264     8264        0     1                 .L0 
    8264     8264        0     1                 .L0 
    8264     8264        0     1                 .L0 
    8264     8264        0     1                 $x
    8264     8264        0     1                 .L0 
    8264     8264        2     1                 ISR_I2C
    8266     8266        0     1                 .L0 
    8266     8266        0     1                 .L0 
    8266     8266        2     2 .text.ISR_UART
    8266     8266        2     2         include/int.o:(.text.ISR_UART)
    8266     8266        0     1                 .L0 
    8266     8266        0     1                 .L0 
    8266     8266        0     1                 .L0 
    8266     8266        0     1                 $x
    8266     8266        0     1                 .L0 
    8266     8266        2     1                 ISR_UART
    8268     8268        0     1                 .L0 
    8268     8268        0     1                 .L0 
    8268     8268        2     2 .text.ISR_GPIO
    8268     8268        2     2         include/int.o:(.text.ISR_GPIO)
    8268     8268        0     1                 .L0 
    8268     8268        0     1                 .L0 
    8268     8268        0     1                 .L0 
    8268     8268        0     1                 $x
    8268     8268        0     1                 .L0 
    8268     8268        2     1                 ISR_GPIO
    826a     826a        0     1                 .L0 
    826a     826a        0     1                 .L0 
    826a     826a        2     2 .text.ISR_SPIM0
    826a     826a        2     2         include/int.o:(.text.ISR_SPIM0)
    826a     826a        0     1                 .L0 
    826a     826a        0     1                 .L0 
    826a     826a        0     1                 .L0 
    826a     826a        0     1                 $x
    826a     826a        0     1                 .L0 
    826a     826a        2     1                 ISR_SPIM0
    826c     826c        0     1                 .L0 
    826c     826c        0     1                 .L0 
    826c     826c        2     2 .text.ISR_SPIM1
    826c     826c        2     2         include/int.o:(.text.ISR_SPIM1)
    826c     826c        0     1                 .L0 
    826c     826c        0     1                 .L0 
    826c     826c        0     1                 .L0 
    826c     826c        0     1                 $x
    826c     826c        0     1                 .L0 
    826c     826c        2     1                 ISR_SPIM1
    826e     826e        0     1                 .L0 
    826e     826e        0     1                 .L0 
    826e     826e        2     2 .text.ISR_TA_OVF
    826e     826e        2     2         include/int.o:(.text.ISR_TA_OVF)
    826e     826e        0     1                 .L0 
    826e     826e        0     1                 .L0 
    826e     826e        0     1                 .L0 
    826e     826e        0     1                 $x
    826e     826e        0     1                 .L0 
    826e     826e        2     1                 ISR_TA_OVF
    8270     8270        0     1                 .L0 
    8270     8270        0     1                 .L0 
    8270     8270        2     2 .text.ISR_TA_CMP
    8270     8270        2     2         include/int.o:(.text.ISR_TA_CMP)
    8270     8270        0     1                 .L0 
    8270     8270        0     1                 .L0 
    8270     8270        0     1                 .L0 
    8270     8270        0     1                 $x
    8270     8270        0     1                 .L0 
    8270     8270        2     1                 ISR_TA_CMP
    8272     8272        0     1                 .L0 
    8272     8272        0     1                 .L0 
    8272     8272        2     2 .text.ISR_TB_OVF
    8272     8272        2     2         include/int.o:(.text.ISR_TB_OVF)
    8272     8272        0     1                 .L0 
    8272     8272        0     1                 .L0 
    8272     8272        0     1                 .L0 
    8272     8272        0     1                 $x
    8272     8272        0     1                 .L0 
    8272     8272        2     1                 ISR_TB_OVF
    8274     8274        0     1                 .L0 
    8274     8274        0     1                 .L0 
    8274     8274        2     2 .text.ISR_TB_CMP
    8274     8274        2     2         include/int.o:(.text.ISR_TB_CMP)
    8274     8274        0     1                 .L0 
    8274     8274        0     1                 .L0 
    8274     8274        0     1                 .L0 
    8274     8274        0     1                 $x
    8274     8274        0     1                 .L0 
    8274     8274        2     1                 ISR_TB_CMP
    8276     8276        0     1                 .L0 
    8276     8276        0     1                 .L0 
    8276     8276       20     2 .text._copy
    8276     8276       20     2         include/tcutils.o:(.text._copy)
    8276     8276        0     1                 .L0 
    8276     8276        0     1                 .L0 
    8276     8276        0     1                 $x
    8276     8276        0     1                 .L0 
    8276     8276       20     1                 _copy
    827c     827c        0     1                 .L0 
    827c     827c        0     1                 .L0 
    8280     8280        0     1                 .L0 
    8282     8282        0     1                 .L0 
    8284     8284        0     1                 .L0 
    8284     8284        0     1                 .L0 
    8286     8286        0     1                 .L0 
    8286     8286        0     1                 .L0 
    8288     8288        0     1                 .L0 
    828a     828a        0     1                 .L0 
    828c     828c        0     1                 .L0 
    828c     828c        0     1                 .L0 
    828c     828c        0     1                 .L0 
    828e     828e        0     1                 .L0 
    8292     8292        0     1                 .L0 
    8296     8296        0     1                 .L0 
    8296     8296        0     1                 .L0 
    8296     8296        2     2 .text._set
    8296     8296        2     2         include/tcutils.o:(.text._set)
    8296     8296        0     1                 .L0 
    8296     8296        0     1                 .L0 
    8296     8296        0     1                 $x
    8296     8296        0     1                 .L0 
    8296     8296        2     1                 _set
    8298     8298        0     1                 .L0 
    8298     8298        0     1                 .L0 
    8298     8298       12     2 .text._double_byte
    8298     8298       12     2         include/tcutils.o:(.text._double_byte)
    8298     8298        0     1                 .L0 
    8298     8298        0     1                 .L0 
    8298     8298        0     1                 $x
    8298     8298        0     1                 .L0 
    8298     8298       12     1                 _double_byte
    829c     829c        0     1                 .L0 
    829e     829e        0     1                 .L0 
    82a2     82a2        0     1                 .L0 
    82a4     82a4        0     1                 .L0 
    82aa     82aa        0     1                 .L0 
    82aa     82aa       24     2 .text._compare
    82aa     82aa       24     2         include/tcutils.o:(.text._compare)
    82aa     82aa        0     1                 .L0 
    82aa     82aa        0     1                 .L0 
    82aa     82aa        0     1                 $x
    82aa     82aa        0     1                 .L0 
    82aa     82aa       24     1                 _compare
    82ac     82ac        0     1                 .L0 
    82ae     82ae        0     1                 .L0 
    82b0     82b0        0     1                 .L0 
    82b0     82b0        0     1                 .L0 
    82b0     82b0        0     1                 .L0 
    82b4     82b4        0     1                 .L0 
    82b8     82b8        0     1                 .L0 
    82ba     82ba        0     1                 .L0 
    82bc     82bc        0     1                 .L0 
    82be     82be        0     1                 .L0 
    82c0     82c0        0     1                 .L0 
    82c4     82c4        0     1                 .L0 
    82c4     82c4        0     1                 .L0 
    82c8     82c8        0     1                 .L0 
    82ca     82ca        0     1                 .L0 
    82ca     82ca        0     1                 .L0 
    82ca     82ca        0     1                 .L0 
    82cc     82cc        0     1                 .L0 
    82cc     82cc        0     1                 .L0 
    82ce     82ce        0     1                 .L0 
    82ce     82ce        0     1                 .L0 
    82ce     82ce       16     2 .text.memset
    82ce     82ce       16     2         include/tcutils.o:(.text.memset)
    82ce     82ce        0     1                 .L0 
    82ce     82ce        0     1                 .L0 
    82ce     82ce        0     1                 $x
    82ce     82ce        0     1                 .L0 
    82ce     82ce       16     1                 memset
    82d2     82d2        0     1                 .L0 
    82d2     82d2        0     1                 .L0 
    82d4     82d4        0     1                 .L0 
    82d4     82d4        0     1                 .L0 
    82d4     82d4        0     1                 .L0 
    82d8     82d8        0     1                 .L0 
    82d8     82d8        0     1                 .L0 
    82de     82de        0     1                 .L0 
    82de     82de        0     1                 .L0 
    82e2     82e2        0     1                 .L0 
    82e2     82e2        0     1                 .L0 
    82e2     82e2        0     1                 .L0 
    82e4     82e4        0     1                 .L0 
    82e4     82e4        0     1                 .L0 
    82e4     82e4       1c     2 .text.memcpy
    82e4     82e4       1c     2         include/tcutils.o:(.text.memcpy)
    82e4     82e4        0     1                 .L0 
    82e4     82e4        0     1                 .L0 
    82e4     82e4        0     1                 $x
    82e4     82e4        0     1                 .L0 
    82e4     82e4       1c     1                 memcpy
    82e8     82e8        0     1                 .L0 
    82e8     82e8        0     1                 .L0 
    82ea     82ea        0     1                 .L0 
    82ea     82ea        0     1                 .L0 
    82ea     82ea        0     1                 .L0 
    82ee     82ee        0     1                 .L0 
    82f0     82f0        0     1                 .L0 
    82f4     82f4        0     1                 .L0 
    82f4     82f4        0     1                 .L0 
    82fa     82fa        0     1                 .L0 
    82fa     82fa        0     1                 .L0 
    82fe     82fe        0     1                 .L0 
    82fe     82fe        0     1                 .L0 
    82fe     82fe        0     1                 .L0 
    8300     8300        0     1                 .L0 
    8300     8300        0     1                 .L0 
    8300     8300        2     2 .text.exit
    8300     8300        2     2         include/utils.o:(.text.exit)
    8300     8300        0     1                 .L0 
    8300     8300        0     1                 .L0 
    8300     8300        0     1                 .L0 
    8300     8300        0     1                 $x
    8300     8300        0     1                 .L0 
    8300     8300        2     1                 exit
    8302     8302        0     1                 .L0 
    8302     8302        0     1                 .L0 
    8302     8302        0     1                 .L0 
    8302     8302        2     2 .text.eoc
    8302     8302        2     2         include/utils.o:(.text.eoc)
    8302     8302        0     1                 .L0 
    8302     8302        0     1                 .L0 
    8302     8302        0     1                 .L0 
    8302     8302        0     1                 $x
    8302     8302        0     1                 .L0 
    8302     8302        2     1                 eoc
    8304     8304        0     1                 .L0 
    8304     8304        0     1                 .L0 
    8304     8304       1a     2 .text.sleep_busy
    8304     8304       1a     2         include/utils.o:(.text.sleep_busy)
    8304     8304        0     1                 .L0 
    8304     8304        0     1                 .L0 
    8304     8304        0     1                 $x
    8304     8304        0     1                 .L0 
    8304     8304       1a     1                 sleep_busy
    8306     8306        0     1                 .L0 
    8308     8308        0     1                 .L0 
    8308     8308        0     1                 .L0 
    830a     830a        0     1                 .L0 
    830e     830e        0     1                 .L0 
    8310     8310        0     1                 .L0 
    8310     8310        0     1                 .L0 
    8310     8310        0     1                 .L0 
    8312     8312        0     1                 .L0 
    8314     8314        0     1                 .L0 
    8316     8316        0     1                 .L0 
    831a     831a        0     1                 .L0 
    831a     831a        0     1                 .L0 
    831a     831a        0     1                 .L0 
    831c     831c        0     1                 .L0 
    831e     831e        0     1                 .L0 
    831e     831e        0     1                 .L0 
    831e     831e       b0     2 .text.expand_key
    831e     831e       b0     2         main.o:(.text.expand_key)
    831e     831e        0     1                 .L0 
    831e     831e        0     1                 .L0 
    831e     831e        0     1                 $x
    831e     831e        0     1                 .L0 
    831e     831e       b0     1                 expand_key
    8322     8322        0     1                 .L0 
    8322     8322        0     1                 .L0 
    8328     8328        0     1                 .L0 
    8328     8328        0     1                 .L0 
    832c     832c        0     1                 .L0 
    8330     8330        0     1                 .L0 
    8334     8334        0     1                 .L0 
    8338     8338        0     1                 .L0 
    834e     834e        0     1                 .L0 
    834e     834e        0     1                 .L0 
    834e     834e        0     1                 .L0 
    8356     8356        0     1                 .L0 
    835a     835a        0     1                 .L0 
    835e     835e        0     1                 .L0 
    8362     8362        0     1                 .L0 
    8364     8364        0     1                 .L0 
    8364     8364        0     1                 .L0 
    8368     8368        0     1                 .L0 
    836a     836a        0     1                 .L0 
    836a     836a        0     1                 .L0 
    836e     836e        0     1                 .L0 
    8372     8372        0     1                 .L0 
    8374     8374        0     1                 .L0 
    8376     8376        0     1                 .L0 
    8376     8376        0     1                 .L0 
    837a     837a        0     1                 .L0 
    837c     837c        0     1                 .L0 
    8380     8380        0     1                 .L0 
    8384     8384        0     1                 .L0 
    8384     8384        0     1                 .L0 
    8388     8388        0     1                 .L0 
    838c     838c        0     1                 .L0 
    8390     8390        0     1                 .L0 
    8394     8394        0     1                 .L0 
    8394     8394        0     1                 .L0 
    8394     8394        0     1                 .L0 
    8398     8398        0     1                 .L0 
    839c     839c        0     1                 .L0 
    83a0     83a0        0     1                 .L0 
    83a4     83a4        0     1                 .L0 
    83a8     83a8        0     1                 .L0 
    83ac     83ac        0     1                 .L0 
    83b0     83b0        0     1                 .L0 
    83b4     83b4        0     1                 .L0 
    83b8     83b8        0     1                 .L0 
    83bc     83bc        0     1                 .L0 
    83c0     83c0        0     1                 .L0 
    83c4     83c4        0     1                 .L0 
    83c4     83c4        0     1                 .L0 
    83c8     83c8        0     1                 .L0 
    83c8     83c8        0     1                 .L0 
    83ca     83ca        0     1                 .L0 
    83ce     83ce        0     1                 .L0 
    83ce     83ce        0     1                 .L0 
    83ce     83ce       22     2 .text.sub_bytes
    83ce     83ce       22     2         main.o:(.text.sub_bytes)
    83ce     83ce        0     1                 .L0 
    83ce     83ce        0     1                 .L0 
    83ce     83ce        0     1                 $x
    83ce     83ce        0     1                 .L0 
    83ce     83ce       22     1                 sub_bytes
    83da     83da        0     1                 .L0 
    83da     83da        0     1                 .L0 
    83da     83da        0     1                 .L0 
    83de     83de        0     1                 .L0 
    83e4     83e4        0     1                 .L0 
    83e8     83e8        0     1                 .L0 
    83ea     83ea        0     1                 .L0 
    83ee     83ee        0     1                 .L0 
    83ee     83ee        0     1                 .L0 
    83f0     83f0        0     1                 .L0 
    83f0     83f0        0     1                 .L0 
    83f0     83f0       62     2 .text.shift_rows
    83f0     83f0       62     2         main.o:(.text.shift_rows)
    83f0     83f0        0     1                 .L0 
    83f0     83f0        0     1                 .L0 
    83f0     83f0        0     1                 $x
    83f0     83f0        0     1                 .L0 
    83f0     83f0       62     1                 shift_rows
    83f4     83f4        0     1                 .L0 
    83f8     83f8        0     1                 .L0 
    83fc     83fc        0     1                 .L0 
    8400     8400        0     1                 .L0 
    8404     8404        0     1                 .L0 
    8408     8408        0     1                 .L0 
    840c     840c        0     1                 .L0 
    8410     8410        0     1                 .L0 
    8414     8414        0     1                 .L0 
    8418     8418        0     1                 .L0 
    841c     841c        0     1                 .L0 
    8420     8420        0     1                 .L0 
    8424     8424        0     1                 .L0 
    8428     8428        0     1                 .L0 
    842c     842c        0     1                 .L0 
    8430     8430        0     1                 .L0 
    8434     8434        0     1                 .L0 
    8438     8438        0     1                 .L0 
    843c     843c        0     1                 .L0 
    8440     8440        0     1                 .L0 
    8444     8444        0     1                 .L0 
    8448     8448        0     1                 .L0 
    844c     844c        0     1                 .L0 
    8450     8450        0     1                 .L0 
    8452     8452        0     1                 .L0 
    8452     8452       26     2 .text.gf_mult
    8452     8452       26     2         main.o:(.text.gf_mult)
    8452     8452        0     1                 .L0 
    8452     8452        0     1                 .L0 
    8452     8452        0     1                 $x
    8452     8452        0     1                 .L0 
    8452     8452       26     1                 gf_mult
    8456     8456        0     1                 .L0 
    8456     8456        0     1                 .L0 
    8456     8456        0     1                 .L0 
    8462     8462        0     1                 .L0 
    8464     8464        0     1                 .L0 
    8466     8466        0     1                 .L0 
    846a     846a        0     1                 .L0 
    846c     846c        0     1                 .L0 
    846e     846e        0     1                 .L0 
    8470     8470        0     1                 .L0 
    8472     8472        0     1                 .L0 
    8472     8472        0     1                 .L0 
    8476     8476        0     1                 .L0 
    8478     8478        0     1                 .L0 
    8478     8478        0     1                 .L0 
    8478     8478      1be     2 .text.mix_columns
    8478     8478      1be     2         main.o:(.text.mix_columns)
    8478     8478        0     1                 .L0 
    8478     8478        0     1                 .L0 
    8478     8478        0     1                 $x
    8478     8478        0     1                 .L0 
    8478     8478      1be     1                 mix_columns
    8484     8484        0     1                 .L0 
    848c     848c        0     1                 .L0 
    848e     848e        0     1                 .L0 
    848e     848e        0     1                 .L0 
    8492     8492        0     1                 .L0 
    84a0     84a0        0     1                 .L0 
    84a0     84a0        0     1                 .L0 
    84a0     84a0        0     1                 .L0 
    84ac     84ac        0     1                 .L0 
    84ae     84ae        0     1                 .L0 
    84b0     84b0        0     1                 .L0 
    84b2     84b2        0     1                 .L0 
    84b6     84b6        0     1                 .L0 
    84b8     84b8        0     1                 .L0 
    84ba     84ba        0     1                 .L0 
    84bc     84bc        0     1                 .L0 
    84be     84be        0     1                 .L0 
    84be     84be        0     1                 .L0 
    84c0     84c0        0     1                 .L0 
    84c4     84c4        0     1                 .L0 
    84d2     84d2        0     1                 .L0 
    84d2     84d2        0     1                 .L0 
    84d2     84d2        0     1                 .L0 
    84de     84de        0     1                 .L0 
    84e0     84e0        0     1                 .L0 
    84e2     84e2        0     1                 .L0 
    84e2     84e2        0     1                 .L0 
    84e4     84e4        0     1                 .L0 
    84e4     84e4        0     1                 .L0 
    84e8     84e8        0     1                 .L0 
    84ea     84ea        0     1                 .L0 
    84ec     84ec        0     1                 .L0 
    84ee     84ee        0     1                 .L0 
    84ee     84ee        0     1                 .L0 
    84f0     84f0        0     1                 .L0 
    84f0     84f0        0     1                 .L0 
    84f2     84f2        0     1                 .L0 
    84f6     84f6        0     1                 .L0 
    84fa     84fa        0     1                 .L0 
    84fe     84fe        0     1                 .L0 
    8502     8502        0     1                 .L0 
    8506     8506        0     1                 .L0 
    850a     850a        0     1                 .L0 
    850c     850c        0     1                 .L0 
    850c     850c        0     1                 .L0 
    850e     850e        0     1                 .L0 
    8512     8512        0     1                 .L0 
    8516     8516        0     1                 .L0 
    851e     851e        0     1                 .L0 
    851e     851e        0     1                 .L0 
    851e     851e        0     1                 .L0 
    852a     852a        0     1                 .L0 
    852c     852c        0     1                 .L0 
    852e     852e        0     1                 .L0 
    852e     852e        0     1                 .L0 
    8530     8530        0     1                 .L0 
    8530     8530        0     1                 .L0 
    8534     8534        0     1                 .L0 
    8536     8536        0     1                 .L0 
    8538     8538        0     1                 .L0 
    853a     853a        0     1                 .L0 
    853a     853a        0     1                 .L0 
    853c     853c        0     1                 .L0 
    853c     853c        0     1                 .L0 
    8542     8542        0     1                 .L0 
    8542     8542        0     1                 .L0 
    8542     8542        0     1                 .L0 
    854e     854e        0     1                 .L0 
    8550     8550        0     1                 .L0 
    8552     8552        0     1                 .L0 
    8552     8552        0     1                 .L0 
    8554     8554        0     1                 .L0 
    8554     8554        0     1                 .L0 
    8558     8558        0     1                 .L0 
    855a     855a        0     1                 .L0 
    855c     855c        0     1                 .L0 
    855e     855e        0     1                 .L0 
    855e     855e        0     1                 .L0 
    8560     8560        0     1                 .L0 
    8560     8560        0     1                 .L0 
    8564     8564        0     1                 .L0 
    8566     8566        0     1                 .L0 
    8568     8568        0     1                 .L0 
    856c     856c        0     1                 .L0 
    8574     8574        0     1                 .L0 
    8574     8574        0     1                 .L0 
    8574     8574        0     1                 .L0 
    8580     8580        0     1                 .L0 
    8582     8582        0     1                 .L0 
    8584     8584        0     1                 .L0 
    8584     8584        0     1                 .L0 
    8586     8586        0     1                 .L0 
    8586     8586        0     1                 .L0 
    858a     858a        0     1                 .L0 
    858c     858c        0     1                 .L0 
    858e     858e        0     1                 .L0 
    8590     8590        0     1                 .L0 
    8590     8590        0     1                 .L0 
    8592     8592        0     1                 .L0 
    8592     8592        0     1                 .L0 
    859a     859a        0     1                 .L0 
    859a     859a        0     1                 .L0 
    859a     859a        0     1                 .L0 
    85a6     85a6        0     1                 .L0 
    85a8     85a8        0     1                 .L0 
    85aa     85aa        0     1                 .L0 
    85aa     85aa        0     1                 .L0 
    85ac     85ac        0     1                 .L0 
    85ac     85ac        0     1                 .L0 
    85b0     85b0        0     1                 .L0 
    85b2     85b2        0     1                 .L0 
    85b4     85b4        0     1                 .L0 
    85b6     85b6        0     1                 .L0 
    85b6     85b6        0     1                 .L0 
    85b8     85b8        0     1                 .L0 
    85b8     85b8        0     1                 .L0 
    85bc     85bc        0     1                 .L0 
    85be     85be        0     1                 .L0 
    85c0     85c0        0     1                 .L0 
    85c4     85c4        0     1                 .L0 
    85ca     85ca        0     1                 .L0 
    85ca     85ca        0     1                 .L0 
    85ca     85ca        0     1                 .L0 
    85d6     85d6        0     1                 .L0 
    85d8     85d8        0     1                 .L0 
    85da     85da        0     1                 .L0 
    85da     85da        0     1                 .L0 
    85dc     85dc        0     1                 .L0 
    85dc     85dc        0     1                 .L0 
    85e0     85e0        0     1                 .L0 
    85e2     85e2        0     1                 .L0 
    85e4     85e4        0     1                 .L0 
    85e8     85e8        0     1                 .L0 
    85e8     85e8        0     1                 .L0 
    85ea     85ea        0     1                 .L0 
    85ea     85ea        0     1                 .L0 
    85ee     85ee        0     1                 .L0 
    85ee     85ee        0     1                 .L0 
    85ee     85ee        0     1                 .L0 
    85fa     85fa        0     1                 .L0 
    85fc     85fc        0     1                 .L0 
    85fe     85fe        0     1                 .L0 
    85fe     85fe        0     1                 .L0 
    8600     8600        0     1                 .L0 
    8600     8600        0     1                 .L0 
    8604     8604        0     1                 .L0 
    8606     8606        0     1                 .L0 
    8608     8608        0     1                 .L0 
    860c     860c        0     1                 .L0 
    860c     860c        0     1                 .L0 
    860e     860e        0     1                 .L0 
    860e     860e        0     1                 .L0 
    8612     8612        0     1                 .L0 
    8614     8614        0     1                 .L0 
    8616     8616        0     1                 .L0 
    8618     8618        0     1                 .L0 
    8618     8618        0     1                 .L0 
    861a     861a        0     1                 .L0 
    861a     861a        0     1                 .L0 
    861e     861e        0     1                 .L0 
    861e     861e        0     1                 .L0 
    8622     8622        0     1                 .L0 
    8622     8622        0     1                 .L0 
    8628     8628        0     1                 .L0 
    8628     8628        0     1                 .L0 
    8632     8632        0     1                 .L0 
    8636     8636        0     1                 .L0 
    8636     8636        0     1                 .L0 
    8636     8636       1c     2 .text.add_round_key
    8636     8636       1c     2         main.o:(.text.add_round_key)
    8636     8636        0     1                 .L0 
    8636     8636        0     1                 .L0 
    8636     8636        0     1                 $x
    8636     8636        0     1                 .L0 
    8636     8636       1c     1                 add_round_key
    863a     863a        0     1                 .L0 
    863a     863a        0     1                 .L0 
    863e     863e        0     1                 .L0 
    8648     8648        0     1                 .L0 
    864c     864c        0     1                 .L0 
    8650     8650        0     1                 .L0 
    8650     8650        0     1                 .L0 
    8652     8652        0     1                 .L0 
    8652     8652        0     1                 .L0 
    8652     8652      5a6     2 .text.aes128_encrypt_block
    8652     8652      5a6     2         main.o:(.text.aes128_encrypt_block)
    8652     8652        0     1                 .L0 
    8652     8652        0     1                 .L0 
    8652     8652        0     1                 $x
    8652     8652        0     1                 .L0 
    8652     8652      5a6     1                 aes128_encrypt_block
    8654     8654        0     1                 .L0 
    8656     8656        0     1                 .L0 
    86e0     86e0        0     1                 .L0 
    86e0     86e0        0     1                 .L0 
    86e4     86e4        0     1                 .L0 
    86e4     86e4        0     1                 .L0 
    86e8     86e8        0     1                 .L0 
    86f2     86f2        0     1                 .L0 
    86f6     86f6        0     1                 .L0 
    86fa     86fa        0     1                 .L0 
    86fa     86fa        0     1                 .L0 
    86fc     86fc        0     1                 .L0 
    86fc     86fc        0     1                 .L0 
    8702     8702        0     1                 .L0 
    8704     8704        0     1                 .L0 
    8706     8706        0     1                 .L0 
    870a     870a        0     1                 .L0 
    870c     870c        0     1                 .L0 
    870e     870e        0     1                 .L0 
    8712     8712        0     1                 .L0 
    8714     8714        0     1                 .L0 
    8716     8716        0     1                 .L0 
    871a     871a        0     1                 .L0 
    871c     871c        0     1                 .L0 
    871e     871e        0     1                 .L0 
    8724     8724        0     1                 .L0 
    872a     872a        0     1                 .L0 
    8730     8730        0     1                 .L0 
    8734     8734        0     1                 .L0 
    8736     8736        0     1                 .L0 
    8738     8738        0     1                 .L0 
    873e     873e        0     1                 .L0 
    8744     8744        0     1                 .L0 
    874a     874a        0     1                 .L0 
    874e     874e        0     1                 .L0 
    8750     8750        0     1                 .L0 
    8752     8752        0     1                 .L0 
    8758     8758        0     1                 .L0 
    875e     875e        0     1                 .L0 
    8764     8764        0     1                 .L0 
    8768     8768        0     1                 .L0 
    876a     876a        0     1                 .L0 
    876c     876c        0     1                 .L0 
    8770     8770        0     1                 .L0 
    8774     8774        0     1                 .L0 
    8774     8774        0     1                 .L0 
    8776     8776        0     1                 .L0 
    877c     877c        0     1                 .L0 
    8782     8782        0     1                 .L0 
    8788     8788        0     1                 .L0 
    878c     878c        0     1                 .L0 
    878e     878e        0     1                 .L0 
    8790     8790        0     1                 .L0 
    8796     8796        0     1                 .L0 
    879c     879c        0     1                 .L0 
    87a2     87a2        0     1                 .L0 
    87a6     87a6        0     1                 .L0 
    87a8     87a8        0     1                 .L0 
    87aa     87aa        0     1                 .L0 
    87b0     87b0        0     1                 .L0 
    87b6     87b6        0     1                 .L0 
    87bc     87bc        0     1                 .L0 
    87c0     87c0        0     1                 .L0 
    87c2     87c2        0     1                 .L0 
    87c4     87c4        0     1                 .L0 
    87ca     87ca        0     1                 .L0 
    87d0     87d0        0     1                 .L0 
    87d6     87d6        0     1                 .L0 
    87da     87da        0     1                 .L0 
    87dc     87dc        0     1                 .L0 
    87de     87de        0     1                 .L0 
    87e2     87e2        0     1                 .L0 
    87e6     87e6        0     1                 .L0 
    87e6     87e6        0     1                 .L0 
    87e8     87e8        0     1                 .L0 
    87ee     87ee        0     1                 .L0 
    87f4     87f4        0     1                 .L0 
    87fa     87fa        0     1                 .L0 
    87fe     87fe        0     1                 .L0 
    8800     8800        0     1                 .L0 
    8802     8802        0     1                 .L0 
    8808     8808        0     1                 .L0 
    880e     880e        0     1                 .L0 
    8814     8814        0     1                 .L0 
    8818     8818        0     1                 .L0 
    881a     881a        0     1                 .L0 
    881c     881c        0     1                 .L0 
    8822     8822        0     1                 .L0 
    8828     8828        0     1                 .L0 
    882e     882e        0     1                 .L0 
    8832     8832        0     1                 .L0 
    8834     8834        0     1                 .L0 
    8836     8836        0     1                 .L0 
    883c     883c        0     1                 .L0 
    8842     8842        0     1                 .L0 
    8848     8848        0     1                 .L0 
    884c     884c        0     1                 .L0 
    884e     884e        0     1                 .L0 
    8850     8850        0     1                 .L0 
    8854     8854        0     1                 .L0 
    8858     8858        0     1                 .L0 
    8858     8858        0     1                 .L0 
    885a     885a        0     1                 .L0 
    8860     8860        0     1                 .L0 
    8866     8866        0     1                 .L0 
    886c     886c        0     1                 .L0 
    8870     8870        0     1                 .L0 
    8872     8872        0     1                 .L0 
    8874     8874        0     1                 .L0 
    887a     887a        0     1                 .L0 
    8880     8880        0     1                 .L0 
    8886     8886        0     1                 .L0 
    888a     888a        0     1                 .L0 
    888c     888c        0     1                 .L0 
    888e     888e        0     1                 .L0 
    8894     8894        0     1                 .L0 
    889a     889a        0     1                 .L0 
    88a0     88a0        0     1                 .L0 
    88a4     88a4        0     1                 .L0 
    88a6     88a6        0     1                 .L0 
    88a8     88a8        0     1                 .L0 
    88ae     88ae        0     1                 .L0 
    88b4     88b4        0     1                 .L0 
    88ba     88ba        0     1                 .L0 
    88be     88be        0     1                 .L0 
    88c0     88c0        0     1                 .L0 
    88c2     88c2        0     1                 .L0 
    88c6     88c6        0     1                 .L0 
    88ca     88ca        0     1                 .L0 
    88ca     88ca        0     1                 .L0 
    88cc     88cc        0     1                 .L0 
    88d2     88d2        0     1                 .L0 
    88d8     88d8        0     1                 .L0 
    88de     88de        0     1                 .L0 
    88e2     88e2        0     1                 .L0 
    88e4     88e4        0     1                 .L0 
    88e6     88e6        0     1                 .L0 
    88ec     88ec        0     1                 .L0 
    88f2     88f2        0     1                 .L0 
    88f8     88f8        0     1                 .L0 
    88fc     88fc        0     1                 .L0 
    88fe     88fe        0     1                 .L0 
    8900     8900        0     1                 .L0 
    8906     8906        0     1                 .L0 
    890c     890c        0     1                 .L0 
    8912     8912        0     1                 .L0 
    8916     8916        0     1                 .L0 
    8918     8918        0     1                 .L0 
    891a     891a        0     1                 .L0 
    8920     8920        0     1                 .L0 
    8926     8926        0     1                 .L0 
    892c     892c        0     1                 .L0 
    8930     8930        0     1                 .L0 
    8932     8932        0     1                 .L0 
    8934     8934        0     1                 .L0 
    8938     8938        0     1                 .L0 
    893c     893c        0     1                 .L0 
    893c     893c        0     1                 .L0 
    893e     893e        0     1                 .L0 
    8944     8944        0     1                 .L0 
    894a     894a        0     1                 .L0 
    8950     8950        0     1                 .L0 
    8954     8954        0     1                 .L0 
    8956     8956        0     1                 .L0 
    8958     8958        0     1                 .L0 
    895e     895e        0     1                 .L0 
    8964     8964        0     1                 .L0 
    896a     896a        0     1                 .L0 
    896e     896e        0     1                 .L0 
    8970     8970        0     1                 .L0 
    8972     8972        0     1                 .L0 
    8978     8978        0     1                 .L0 
    897e     897e        0     1                 .L0 
    8984     8984        0     1                 .L0 
    8988     8988        0     1                 .L0 
    898a     898a        0     1                 .L0 
    898c     898c        0     1                 .L0 
    8992     8992        0     1                 .L0 
    8998     8998        0     1                 .L0 
    899e     899e        0     1                 .L0 
    89a2     89a2        0     1                 .L0 
    89a4     89a4        0     1                 .L0 
    89a6     89a6        0     1                 .L0 
    89aa     89aa        0     1                 .L0 
    89ae     89ae        0     1                 .L0 
    89ae     89ae        0     1                 .L0 
    89b0     89b0        0     1                 .L0 
    89b6     89b6        0     1                 .L0 
    89bc     89bc        0     1                 .L0 
    89c2     89c2        0     1                 .L0 
    89c6     89c6        0     1                 .L0 
    89c8     89c8        0     1                 .L0 
    89ca     89ca        0     1                 .L0 
    89d0     89d0        0     1                 .L0 
    89d6     89d6        0     1                 .L0 
    89dc     89dc        0     1                 .L0 
    89e0     89e0        0     1                 .L0 
    89e2     89e2        0     1                 .L0 
    89e4     89e4        0     1                 .L0 
    89ea     89ea        0     1                 .L0 
    89f0     89f0        0     1                 .L0 
    89f6     89f6        0     1                 .L0 
    89fa     89fa        0     1                 .L0 
    89fc     89fc        0     1                 .L0 
    89fe     89fe        0     1                 .L0 
    8a04     8a04        0     1                 .L0 
    8a0a     8a0a        0     1                 .L0 
    8a10     8a10        0     1                 .L0 
    8a14     8a14        0     1                 .L0 
    8a18     8a18        0     1                 .L0 
    8a1a     8a1a        0     1                 .L0 
    8a1e     8a1e        0     1                 .L0 
    8a22     8a22        0     1                 .L0 
    8a22     8a22        0     1                 .L0 
    8a24     8a24        0     1                 .L0 
    8a2c     8a2c        0     1                 .L0 
    8a34     8a34        0     1                 .L0 
    8a3c     8a3c        0     1                 .L0 
    8a40     8a40        0     1                 .L0 
    8a44     8a44        0     1                 .L0 
    8a48     8a48        0     1                 .L0 
    8a50     8a50        0     1                 .L0 
    8a58     8a58        0     1                 .L0 
    8a60     8a60        0     1                 .L0 
    8a64     8a64        0     1                 .L0 
    8a68     8a68        0     1                 .L0 
    8a6c     8a6c        0     1                 .L0 
    8a74     8a74        0     1                 .L0 
    8a7c     8a7c        0     1                 .L0 
    8a84     8a84        0     1                 .L0 
    8a88     8a88        0     1                 .L0 
    8a8c     8a8c        0     1                 .L0 
    8a90     8a90        0     1                 .L0 
    8a98     8a98        0     1                 .L0 
    8aa0     8aa0        0     1                 .L0 
    8aa8     8aa8        0     1                 .L0 
    8aac     8aac        0     1                 .L0 
    8ab0     8ab0        0     1                 .L0 
    8ab4     8ab4        0     1                 .L0 
    8ab8     8ab8        0     1                 .L0 
    8abc     8abc        0     1                 .L0 
    8abc     8abc        0     1                 .L0 
    8ac0     8ac0        0     1                 .L0 
    8ac8     8ac8        0     1                 .L0 
    8ad0     8ad0        0     1                 .L0 
    8ad8     8ad8        0     1                 .L0 
    8adc     8adc        0     1                 .L0 
    8ae0     8ae0        0     1                 .L0 
    8ae4     8ae4        0     1                 .L0 
    8aec     8aec        0     1                 .L0 
    8af4     8af4        0     1                 .L0 
    8afc     8afc        0     1                 .L0 
    8b00     8b00        0     1                 .L0 
    8b04     8b04        0     1                 .L0 
    8b08     8b08        0     1                 .L0 
    8b10     8b10        0     1                 .L0 
    8b18     8b18        0     1                 .L0 
    8b20     8b20        0     1                 .L0 
    8b24     8b24        0     1                 .L0 
    8b28     8b28        0     1                 .L0 
    8b2c     8b2c        0     1                 .L0 
    8b34     8b34        0     1                 .L0 
    8b3c     8b3c        0     1                 .L0 
    8b44     8b44        0     1                 .L0 
    8b48     8b48        0     1                 .L0 
    8b48     8b48        0     1                 .L0 
    8b4c     8b4c        0     1                 .L0 
    8b4c     8b4c        0     1                 .L0 
    8b50     8b50        0     1                 .L0 
    8b54     8b54        0     1                 .L0 
    8b58     8b58        0     1                 .L0 
    8b58     8b58        0     1                 .L0 
    8b5c     8b5c        0     1                 .L0 
    8b5c     8b5c        0     1                 .L0 
    8b64     8b64        0     1                 .L0 
    8b6c     8b6c        0     1                 .L0 
    8b74     8b74        0     1                 .L0 
    8b78     8b78        0     1                 .L0 
    8b7c     8b7c        0     1                 .L0 
    8b80     8b80        0     1                 .L0 
    8b88     8b88        0     1                 .L0 
    8b90     8b90        0     1                 .L0 
    8b98     8b98        0     1                 .L0 
    8b9c     8b9c        0     1                 .L0 
    8ba0     8ba0        0     1                 .L0 
    8ba4     8ba4        0     1                 .L0 
    8bac     8bac        0     1                 .L0 
    8bb4     8bb4        0     1                 .L0 
    8bbc     8bbc        0     1                 .L0 
    8bc0     8bc0        0     1                 .L0 
    8bc4     8bc4        0     1                 .L0 
    8bc8     8bc8        0     1                 .L0 
    8bcc     8bcc        0     1                 .L0 
    8bcc     8bcc        0     1                 .L0 
    8bd4     8bd4        0     1                 .L0 
    8bdc     8bdc        0     1                 .L0 
    8be4     8be4        0     1                 .L0 
    8be8     8be8        0     1                 .L0 
    8bea     8bea        0     1                 .L0 
    8bee     8bee        0     1                 .L0 
    8bf2     8bf2        0     1                 .L0 
    8bf2     8bf2        0     1                 .L0 
    8bf4     8bf4        0     1                 .L0 
    8bf8     8bf8        0     1                 .L0 
    8bf8     8bf8        0     1                 .L0 
    8bf8     8bf8        0     1                 .L0 
    8bf8     8bf8       62     2 .text.aes128_ecb_encrypt
    8bf8     8bf8       62     2         main.o:(.text.aes128_ecb_encrypt)
    8bf8     8bf8        0     1                 .L0 
    8bf8     8bf8        0     1                 .L0 
    8bf8     8bf8        0     1                 $x
    8bf8     8bf8        0     1                 .L0 
    8bf8     8bf8       62     1                 aes128_ecb_encrypt
    8c0e     8c0e        0     1                 .L0 
    8c10     8c10        0     1                 .L0 
    8c12     8c12        0     1                 .L0 
    8c14     8c14        0     1                 .L0 
    8c16     8c16        0     1                 .L0 
    8c18     8c18        0     1                 .L0 
    8c18     8c18        0     1                 .L0 
    8c20     8c20        0     1                 .L0 
    8c20     8c20        0     1                 .L0 
    8c22     8c22        0     1                 .L0 
    8c24     8c24        0     1                 .L0 
    8c24     8c24        0     1                 .L0 
    8c24     8c24        0     1                 .L0 
    8c30     8c30        0     1                 .L0 
    8c30     8c30        0     1                 .L0 
    8c34     8c34        0     1                 .L0 
    8c38     8c38        0     1                 .L0 
    8c3c     8c3c        0     1                 .L0 
    8c3c     8c3c        0     1                 .L0 
    8c3e     8c3e        0     1                 .L0 
    8c42     8c42        0     1                 .L0 
    8c42     8c42        0     1                 .L0 
    8c42     8c42        0     1                 .L0 
    8c4e     8c4e        0     1                 .L0 
    8c56     8c56        0     1                 .L0 
    8c5a     8c5a        0     1                 .L0 
    8c5a     8c5a        0     1                 .L0 
    8c5a     8c5a        4     2 .text.write_to_address
    8c5a     8c5a        4     2         main.o:(.text.write_to_address)
    8c5a     8c5a        0     1                 .L0 
    8c5a     8c5a        0     1                 .L0 
    8c5a     8c5a        0     1                 $x
    8c5a     8c5a        0     1                 .L0 
    8c5a     8c5a        4     1                 write_to_address
    8c5c     8c5c        0     1                 .L0 
    8c5e     8c5e        0     1                 .L0 
    8c5e     8c5e       12     2 .text.write_v_to_address
    8c5e     8c5e       12     2         main.o:(.text.write_v_to_address)
    8c5e     8c5e        0     1                 .L0 
    8c5e     8c5e        0     1                 .L0 
    8c5e     8c5e        0     1                 $x
    8c5e     8c5e        0     1                 .L0 
    8c5e     8c5e       12     1                 write_v_to_address
    8c62     8c62        0     1                 .L0 
    8c62     8c62        0     1                 .L0 
    8c64     8c64        0     1                 .L0 
    8c64     8c64        0     1                 .L0 
    8c66     8c66        0     1                 .L0 
    8c6a     8c6a        0     1                 .L0 
    8c6e     8c6e        0     1                 .L0 
    8c6e     8c6e        0     1                 .L0 
    8c70     8c70        0     1                 .L0 
    8c70     8c70        0     1                 .L0 
    8c70     8c70        6     2 .text.write_numb_to_address
    8c70     8c70        6     2         main.o:(.text.write_numb_to_address)
    8c70     8c70        0     1                 .L0 
    8c70     8c70        0     1                 .L0 
    8c70     8c70        0     1                 $x
    8c70     8c70        0     1                 .L0 
    8c70     8c70        6     1                 write_numb_to_address
    8c72     8c72        0     1                 .L0 
    8c72     8c72        0     1                 .L0 
    8c74     8c74        0     1                 .L0 
    8c76     8c76        0     1                 .L0 
    8c76     8c76       be     2 .text.main
    8c76     8c76       be     2         main.o:(.text.main)
    8c76     8c76        0     1                 .L0 
    8c76     8c76        0     1                 .L0 
    8c76     8c76        0     1                 $x
    8c76     8c76        0     1                 .L0 
    8c76     8c76       be     1                 main
    8c80     8c80        0     1                 .L0 
    8c84     8c84        0     1                 .L0 
    8c9e     8c9e        0     1                 .L0 
    8c9e     8c9e        0     1                 .L0 
    8cae     8cae        0     1                 .L0 
    8cae     8cae        0     1                 .L0 
    8cba     8cba        0     1                 .L0 
    8cba     8cba        0     1                 .L0 
    8cbe     8cbe        0     1                 .L0 
    8cc2     8cc2        0     1                 .L0 
    8cc2     8cc2        0     1                 .L0 
    8cce     8cce        0     1                 .L0 
    8cce     8cce        0     1                 .L0 
    8cd0     8cd0        0     1                 .L0 
    8cd0     8cd0        0     1                 .L0 
    8cd4     8cd4        0     1                 .L0 
    8cd4     8cd4        0     1                 .L0 
    8cd6     8cd6        0     1                 .L0 
    8cd6     8cd6        0     1                 .L0 
    8cda     8cda        0     1                 .L0 
    8cda     8cda        0     1                 .L0 
    8cdc     8cdc        0     1                 .L0 
    8cdc     8cdc        0     1                 .L0 
    8ce0     8ce0        0     1                 .L0 
    8ce0     8ce0        0     1                 .L0 
    8ce2     8ce2        0     1                 .L0 
    8ce2     8ce2        0     1                 .L0 
    8cea     8cea        0     1                 .L0 
    8cee     8cee        0     1                 .L0 
    8cee     8cee        0     1                 .L0 
    8cfa     8cfa        0     1                 .L0 
    8cfa     8cfa        0     1                 .L0 
    8cfe     8cfe        0     1                 .L0 
    8cfe     8cfe        0     1                 .L0 
    8cfe     8cfe        0     1                 .L0 
    8d02     8d02        0     1                 .L0 
    8d06     8d06        0     1                 .L0 
    8d06     8d06        0     1                 .L0 
    8d0a     8d0a        0     1                 .L0 
    8d0a     8d0a        0     1                 .L0 
    8d10     8d10        0     1                 .L0 
    8d12     8d12        0     1                 .L0 
    8d12     8d12        0     1                 .L0 
    8d14     8d14        0     1                 .L0 
    8d14     8d14        0     1                 .L0 
    8d14     8d14        0     1                 .L0 
    8d1c     8d1c        0     1                 .L0 
    8d1c     8d1c        0     1                 .L0 
    8d24     8d24        0     1                 .L0 
    8d24     8d24        0     1                 .L0 
    8d26     8d26        0     1                 .L0 
    8d28     8d28        0     1                 .L0 
    8d30     8d30        0     1                 .L0 
    8d34     8d34        0     1                 .L0 
    8d34     8d34        0     1                 .L0 
  100000   100000      13a     1 .rodata
  100000   100000        0     1         . = ALIGN(4)
  100000   100000      100     1         main.o:(.rodata.sbox)
  100000   100000      100     1                 sbox
  100000   100000        0     1                 $d
  100100   100100        a     1         main.o:(.rodata.rcon)
  100100   100100        a     1                 rcon
  100100   100100        0     1                 $d
  10010a   10010a       30     1         <internal>:(.rodata.cst16)
  10013a   10013a        2     1 .shbss
  10013a   10013a        2     1         . = ALIGN(4)
  10013c   10013c        0     1 .data
  10013c   10013c        0     1         . = ALIGN(4)
  10013c   10013c        0     1         sdata = .
  10013c   10013c        0     1         _sdata = .
  10013c   10013c        0     1         edata = .
  10013c   10013c        0     1         _edata = .
  10013c   10013c        0     1 .bss
  10013c   10013c        0     1         . = ALIGN(4)
  10013c   10013c        0     1         _bss_start = .
  10013c   10013c        0     1         _bss_end = .
  104000   104000     4000     1 .stack
  104000   104000        0     1         . = ALIGN(4)
  104000   104000     4000     1         . = . + _min_stack 
  108000   108000        0     1         . = ALIGN(4)
  108000   108000        0     1         stack = . 
  108000   108000        0     1         _stack = . 
  10013c   10013c        0     1 .bss
  10013c   10013c        0     1         . = ALIGN(4)
  10013c   10013c        0     1         _end = .
       0        0      459     1 .debug_abbrev
       0        0       31     1         include/exceptions.o:(.debug_abbrev)
       0        0        0     1                 $d
      31       31       31     1         include/int.o:(.debug_abbrev)
      31       31        0     1                 $d
      62       62       c2     1         include/tcutils.o:(.debug_abbrev)
      62       62        0     1                 $d
     124      124       cf     1         include/utils.o:(.debug_abbrev)
     124      124        0     1                 $d
     1f3      1f3      247     1         main.o:(.debug_abbrev)
     1f3      1f3        0     1                 $d
     43a      43a       1f     1         crt0.riscv.o:(.debug_abbrev)
     43a      43a        0     1                 .L0 
     43a      43a        0     1                 $d
       0        0      cd1     1 .debug_info
       0        0       49     1         include/exceptions.o:(.debug_info)
       0        0        0     1                 $d
      49       49       8b     1         include/int.o:(.debug_info)
      49       49        0     1                 $d
      d4       d4      1c8     1         include/tcutils.o:(.debug_info)
      d4       d4        0     1                 $d
     29c      29c       a8     1         include/utils.o:(.debug_info)
     29c      29c        0     1                 $d
     344      344      6f8     1         main.o:(.debug_info)
     344      344        0     1                 $d
     a3c      a3c      295     1         crt0.riscv.o:(.debug_info)
     a3c      a3c        0     1                 .L0 
     a3c      a3c        0     1                 $d
       0        0      119     1 .debug_rnglists
       0        0       1a     1         include/exceptions.o:(.debug_rnglists)
       0        0        0     1                 $d
       c        c        0     1                 .L0 
      1a       1a       2c     1         include/int.o:(.debug_rnglists)
      1a       1a        0     1                 $d
      26       26        0     1                 .L0 
      46       46       23     1         include/tcutils.o:(.debug_rnglists)
      46       46        0     1                 $d
      52       52        0     1                 .L0 
      69       69       1a     1         include/utils.o:(.debug_rnglists)
      69       69        0     1                 $d
      75       75        0     1                 .L0 
      83       83       7b     1         main.o:(.debug_rnglists)
      83       83        0     1                 $d
      8f       8f        0     1                 .L0 
      fe       fe       1b     1         crt0.riscv.o:(.debug_rnglists)
      fe       fe        0     1                 $d
     10a      10a        0     1                 .L0 
       0        0      200     1 .debug_str_offsets
       0        0       20     1         include/exceptions.o:(.debug_str_offsets)
       0        0        0     1                 $d
       8        8        0     1                 .L0 
      20       20       38     1         include/int.o:(.debug_str_offsets)
      20       20        0     1                 $d
      28       28        0     1                 .L0 
      58       58       94     1         include/tcutils.o:(.debug_str_offsets)
      58       58        0     1                 $d
      60       60        0     1                 .L0 
      ec       ec       2c     1         include/utils.o:(.debug_str_offsets)
      ec       ec        0     1                 $d
      f4       f4        0     1                 .L0 
     118      118       e8     1         main.o:(.debug_str_offsets)
     118      118        0     1                 $d
     120      120        0     1                 .L0 
       0        0      406     1 .debug_str
       0        0      406     1         <internal>:(.debug_str)
       0        0      11c     1 .debug_addr
       0        0       14     1         include/exceptions.o:(.debug_addr)
       0        0        0     1                 $d
       8        8        0     1                 .L0 
      14       14       2c     1         include/int.o:(.debug_addr)
      14       14        0     1                 $d
      1c       1c        0     1                 .L0 
      40       40       20     1         include/tcutils.o:(.debug_addr)
      40       40        0     1                 $d
      48       48        0     1                 .L0 
      60       60       18     1         include/utils.o:(.debug_addr)
      60       60        0     1                 $d
      68       68        0     1                 .L0 
      78       78       a4     1         main.o:(.debug_addr)
      78       78        0     1                 $d
      80       80        0     1                 .L0 
       0        0       71     1 .comment
       0        0       71     1         <internal>:(.comment)
       0        0       58     1 .riscv.attributes
       0        0       58     1         <internal>:(.riscv.attributes)
       0        0      2f0     4 .debug_frame
       0        0       44     4         include/exceptions.o:(.debug_frame)
       0        0        0     1                 .L0 
       0        0        0     1                 $d
      44       44       a4     4         include/int.o:(.debug_frame)
      44       44        0     1                 .L0 
      44       44        0     1                 $d
      e8       e8       84     4         include/tcutils.o:(.debug_frame)
      e8       e8        0     1                 .L0 
      e8       e8        0     1                 $d
     16c      16c       4c     4         include/utils.o:(.debug_frame)
     16c      16c        0     1                 .L0 
     16c      16c        0     1                 $d
     1b8      1b8      138     4         main.o:(.debug_frame)
     1b8      1b8        0     1                 .L0 
     1b8      1b8        0     1                 $d
       0        0     1965     1 .debug_line
       0        0       82     1         include/exceptions.o:(.debug_line)
       0        0        0     1                 .Lline_table_start0
       0        0        0     1                 $d
      82       82      100     1         include/int.o:(.debug_line)
      82       82        0     1                 .Lline_table_start0
      82       82        0     1                 $d
     182      182      247     1         include/tcutils.o:(.debug_line)
     182      182        0     1                 .Lline_table_start0
     182      182        0     1                 $d
     3c9      3c9       c3     1         include/utils.o:(.debug_line)
     3c9      3c9        0     1                 .Lline_table_start0
     3c9      3c9        0     1                 $d
     48c      48c      ffd     1         main.o:(.debug_line)
     48c      48c        0     1                 .Lline_table_start0
     48c      48c        0     1                 $d
    1489     1489      4dc     1         crt0.riscv.o:(.debug_line)
    1489     1489        0     1                 .Lline_table_start0
    1489     1489        0     1                 $d
       0        0      139     1 .debug_line_str
       0        0      139     1         <internal>:(.debug_line_str)
       0        0      6fd     1 .debug_loclists
       0        0      115     1         include/tcutils.o:(.debug_loclists)
       0        0        0     1                 $d
       c        c        0     1                 .L0 
     115      115       1f     1         include/utils.o:(.debug_loclists)
     115      115        0     1                 $d
     121      121        0     1                 .L0 
     134      134      5c9     1         main.o:(.debug_loclists)
     134      134        0     1                 $d
     140      140        0     1                 .L0 
       0        0       28     1 .debug_aranges
       0        0       28     1         crt0.riscv.o:(.debug_aranges)
       0        0        0     1                 $d
       0        0      b70     4 .symtab
       0        0      b70     4         <internal>:(.symtab)
       0        0      356     1 .shstrtab
       0        0      356     1         <internal>:(.shstrtab)
       0        0      4a9     1 .strtab
       0        0      4a9     1         <internal>:(.strtab)
