     VMA      LMA     Size Align Out     In      Symbol
       0        0        0     1 __DYNAMIC = 0
       0        0        0     1 _min_stack = 0x4000
       0        0        0     1 _stack_len = LENGTH(stack)
       0        0        0     1 _stack_start = ORIGIN(stack) + LENGTH(stack)
    8000     8000       8c     1 .vectors
    8000     8000        0     1         . = ALIGN(4)
    8000     8000       8c     1         crt0.riscv.o:(.vectors)
    8000     8000        0     1                 $x
    8000     8000        0     1                 .L0 
    8004     8004        0     1                 .L0 
    8008     8008        0     1                 .L0 
    800c     800c        0     1                 .L0 
    8010     8010        0     1                 .L0 
    8014     8014        0     1                 .L0 
    8018     8018        0     1                 .L0 
    801c     801c        0     1                 .L0 
    8020     8020        0     1                 .L0 
    8024     8024        0     1                 .L0 
    8028     8028        0     1                 .L0 
    802c     802c        0     1                 .L0 
    8030     8030        0     1                 .L0 
    8034     8034        0     1                 .L0 
    8038     8038        0     1                 .L0 
    803c     803c        0     1                 .L0 
    8040     8040        0     1                 .L0 
    8044     8044        0     1                 .L0 
    8048     8048        0     1                 .L0 
    804c     804c        0     1                 .L0 
    8050     8050        0     1                 .L0 
    8054     8054        0     1                 .L0 
    8058     8058        0     1                 .L0 
    805c     805c        0     1                 .L0 
    8060     8060        0     1                 .L0 
    8064     8064        0     1                 .L0 
    8068     8068        0     1                 .L0 
    806c     806c        0     1                 .L0 
    8070     8070        0     1                 .L0 
    8074     8074        0     1                 .L0 
    8078     8078        0     1                 .L0 
    807c     807c        0     1                 .L0 
    8080     8080        0     1                 .L0 
    8084     8084        0     1                 .L0 
    8088     8088        0     1                 .L0 
    808c     808c        0     1                 .L0 
    808c     808c      1d2     2 .text
    808c     808c        0     1         . = ALIGN(4)
    808c     808c        0     1         _stext = .
    808c     808c        0     2         include/exceptions.o:(.text)
    808c     808c        0     2         include/int.o:(.text)
    808c     808c        0     2         include/tcutils.o:(.text)
    808c     808c        0     2         include/utils.o:(.text)
    808c     808c        0     2         main_d.o:(.text)
    808c     808c      1c2     2         crt0.riscv.o:(.text)
    808c     808c        0     1                 reset_handler
    808c     808c        0     1                 .L0 
    808c     808c        0     1                 $x
    808c     808c        0     1                 .L0 
    808e     808e        0     1                 .L0 
    8090     8090        0     1                 .L0 
    8092     8092        0     1                 .L0 
    8094     8094        0     1                 .L0 
    8096     8096        0     1                 .L0 
    8098     8098        0     1                 .L0 
    809a     809a        0     1                 .L0 
    809c     809c        0     1                 .L0 
    809e     809e        0     1                 .L0 
    80a0     80a0        0     1                 .L0 
    80a2     80a2        0     1                 .L0 
    80a4     80a4        0     1                 .L0 
    80a6     80a6        0     1                 .L0 
    80a8     80a8        0     1                 .L0 
    80aa     80aa        0     1                 .L0 
    80ac     80ac        0     1                 .L0 
    80ae     80ae        0     1                 .L0 
    80b0     80b0        0     1                 .L0 
    80b2     80b2        0     1                 .L0 
    80b4     80b4        0     1                 .L0 
    80b6     80b6        0     1                 .L0 
    80b8     80b8        0     1                 .L0 
    80ba     80ba        0     1                 .L0 
    80bc     80bc        0     1                 .L0 
    80be     80be        0     1                 .L0 
    80c0     80c0        0     1                 .L0 
    80c2     80c2        0     1                 .L0 
    80c4     80c4        0     1                 .L0 
    80c6     80c6        0     1                 .L0 
    80c8     80c8        0     1                 .L0 
    80ca     80ca        0     1                 .Lpcrel_hi0
    80ca     80ca        0     1                 .L0 
    80d2     80d2        0     1                 .L0 
    80d2     80d2        0     1                 .L0 
    80d2     80d2        0     1                 _start
    80d6     80d6        0     1                 zero_loop
    80d6     80d6        0     1                 .L0 
    80d6     80d6        0     1                 .L0 
    80da     80da        0     1                 .L0 
    80dc     80dc        0     1                 .L0 
    80e0     80e0        0     1                 zero_loop_end
    80e0     80e0        0     1                 .L0 
    80e0     80e0        0     1                 .L0 
    80e2     80e2        0     1                 .L0 
    80e4     80e4        0     1                 .L0 
    80e8     80e8        0     1                 .L0 
    80ea     80ea        0     1                 .L0 
    80ec     80ec        0     1                 .L0 
    80f0     80f0        0     1                 ISR_I2C_ASM
    80f0     80f0        0     1                 .L0 
    80f0     80f0        0     1                 .L0 
    80f2     80f2        0     1                 .L0 
    80f4     80f4        0     1                 .L0 
    80f6     80f6        0     1                 .Lpcrel_hi1
    80f6     80f6        0     1                 .L0 
    80fe     80fe        0     1                 .L0 
    8102     8102        0     1                 ISR_UART_ASM
    8102     8102        0     1                 .L0 
    8102     8102        0     1                 .L0 
    8104     8104        0     1                 .L0 
    8106     8106        0     1                 .L0 
    8108     8108        0     1                 .Lpcrel_hi2
    8108     8108        0     1                 .L0 
    8110     8110        0     1                 .L0 
    8114     8114        0     1                 ISR_GPIO_ASM
    8114     8114        0     1                 .L0 
    8114     8114        0     1                 .L0 
    8116     8116        0     1                 .L0 
    8118     8118        0     1                 .L0 
    811a     811a        0     1                 .Lpcrel_hi3
    811a     811a        0     1                 .L0 
    8122     8122        0     1                 .L0 
    8126     8126        0     1                 ISR_SPIM0_ASM
    8126     8126        0     1                 .L0 
    8126     8126        0     1                 .L0 
    8128     8128        0     1                 .L0 
    812a     812a        0     1                 .L0 
    812c     812c        0     1                 .Lpcrel_hi4
    812c     812c        0     1                 .L0 
    8134     8134        0     1                 .L0 
    8138     8138        0     1                 ISR_SPIM1_ASM
    8138     8138        0     1                 .L0 
    8138     8138        0     1                 .L0 
    813a     813a        0     1                 .L0 
    813c     813c        0     1                 .L0 
    813e     813e        0     1                 .Lpcrel_hi5
    813e     813e        0     1                 .L0 
    8146     8146        0     1                 .L0 
    814a     814a        0     1                 ISR_TA_CMP_ASM
    814a     814a        0     1                 .L0 
    814a     814a        0     1                 .L0 
    814c     814c        0     1                 .L0 
    814e     814e        0     1                 .L0 
    8150     8150        0     1                 .Lpcrel_hi6
    8150     8150        0     1                 .L0 
    8158     8158        0     1                 .L0 
    815c     815c        0     1                 ISR_TA_OVF_ASM
    815c     815c        0     1                 .L0 
    815c     815c        0     1                 .L0 
    815e     815e        0     1                 .L0 
    8160     8160        0     1                 .L0 
    8162     8162        0     1                 .Lpcrel_hi7
    8162     8162        0     1                 .L0 
    816a     816a        0     1                 .L0 
    816e     816e        0     1                 ISR_TB_CMP_ASM
    816e     816e        0     1                 .L0 
    816e     816e        0     1                 .L0 
    8170     8170        0     1                 .L0 
    8172     8172        0     1                 .L0 
    8174     8174        0     1                 .Lpcrel_hi8
    8174     8174        0     1                 .L0 
    817c     817c        0     1                 .L0 
    8180     8180        0     1                 ISR_TB_OVF_ASM
    8180     8180        0     1                 .L0 
    8180     8180        0     1                 .L0 
    8182     8182        0     1                 .L0 
    8184     8184        0     1                 .L0 
    8186     8186        0     1                 .Lpcrel_hi9
    8186     8186        0     1                 .L0 
    818e     818e        0     1                 .L0 
    8192     8192        0     1                 illegal_insn_handler
    8192     8192        0     1                 .L0 
    8192     8192        0     1                 .L0 
    8194     8194        0     1                 .L0 
    8196     8196        0     1                 .L0 
    8198     8198        0     1                 .Lpcrel_hi10
    8198     8198        0     1                 .L0 
    81a0     81a0        0     1                 .L0 
    81a4     81a4        0     1                 ecall_insn_handler
    81a4     81a4        0     1                 .L0 
    81a4     81a4        0     1                 .L0 
    81a6     81a6        0     1                 .L0 
    81a8     81a8        0     1                 .L0 
    81aa     81aa        0     1                 .Lpcrel_hi11
    81aa     81aa        0     1                 .L0 
    81b2     81b2        0     1                 .L0 
    81b6     81b6        0     1                 store_regs
    81b6     81b6        0     1                 .L0 
    81b6     81b6        0     1                 .L0 
    81b8     81b8        0     1                 .L0 
    81ba     81ba        0     1                 .L0 
    81bc     81bc        0     1                 .L0 
    81be     81be        0     1                 .L0 
    81c0     81c0        0     1                 .L0 
    81c2     81c2        0     1                 .L0 
    81c4     81c4        0     1                 .L0 
    81c6     81c6        0     1                 .L0 
    81c8     81c8        0     1                 .L0 
    81ca     81ca        0     1                 .L0 
    81cc     81cc        0     1                 .L0 
    81ce     81ce        0     1                 .L0 
    81d0     81d0        0     1                 .L0 
    81d2     81d2        0     1                 .L0 
    81d4     81d4        0     1                 .L0 
    81d6     81d6        0     1                 .L0 
    81d8     81d8        0     1                 .L0 
    81dc     81dc        0     1                 .L0 
    81e0     81e0        0     1                 .L0 
    81e4     81e4        0     1                 .L0 
    81e6     81e6        0     1                 .L0 
    81e8     81e8        0     1                 .L0 
    81ea     81ea        0     1                 .L0 
    81ee     81ee        0     1                 .L0 
    81f2     81f2        0     1                 .L0 
    81f6     81f6        0     1                 .L0 
    81f8     81f8        0     1                 .L0 
    81fa     81fa        0     1                 .L0 
    81fc     81fc        0     1                 .L0 
    81fe     81fe        0     1                 end_except
    81fe     81fe        0     1                 .L0 
    81fe     81fe        0     1                 .L0 
    8200     8200        0     1                 .L0 
    8202     8202        0     1                 .L0 
    8204     8204        0     1                 .L0 
    8208     8208        0     1                 .L0 
    820c     820c        0     1                 .L0 
    8210     8210        0     1                 .L0 
    8212     8212        0     1                 .L0 
    8214     8214        0     1                 .L0 
    8216     8216        0     1                 .L0 
    821a     821a        0     1                 .L0 
    821e     821e        0     1                 .L0 
    8222     8222        0     1                 .L0 
    8224     8224        0     1                 .L0 
    8226     8226        0     1                 .L0 
    8228     8228        0     1                 .L0 
    822a     822a        0     1                 .L0 
    822c     822c        0     1                 .L0 
    822e     822e        0     1                 .L0 
    8230     8230        0     1                 .L0 
    8232     8232        0     1                 .L0 
    8234     8234        0     1                 .L0 
    8236     8236        0     1                 .L0 
    8238     8238        0     1                 .L0 
    823a     823a        0     1                 .L0 
    823c     823c        0     1                 .L0 
    823e     823e        0     1                 .L0 
    8240     8240        0     1                 .L0 
    8242     8242        0     1                 .L0 
    8244     8244        0     1                 .L0 
    8246     8246        0     1                 .L0 
    8248     8248        0     1                 .L0 
    824c     824c        0     1                 .L0 
    824c     824c        0     1                 .L0 
    824c     824c        0     1                 .L0 
    824c     824c        0     1                 _init
    824c     824c        0     1                 _fini
    824e     824e        0     1                 .L0 
    824e     824e        0     1         _etext = .
    824e     824e        0     1         __CTOR_LIST__ = .
    824e     824e        4     1         LONG((__CTOR_END__ - __CTOR_LIST__) / 4 - 2)
    8252     8252        4     1         LONG(0)
    8256     8256        0     1         __CTOR_END__ = .
    8256     8256        0     1         __DTOR_LIST__ = .
    8256     8256        4     1         LONG((__DTOR_END__ - __DTOR_LIST__) / 4 - 2)
    825a     825a        4     1         LONG(0)
    825e     825e        0     1         __DTOR_END__ = .
    825e     825e        0     1         _endtext = .
    825e     825e        2     2 .text.default_exception_handler_c
    825e     825e        2     2         include/exceptions.o:(.text.default_exception_handler_c)
    825e     825e        0     1                 .L0 
    825e     825e        0     1                 .L0 
    825e     825e        0     1                 .L0 
    825e     825e        0     1                 $x
    825e     825e        0     1                 .L0 
    825e     825e        2     1                 default_exception_handler_c
    8260     8260        0     1                 .L0 
    8260     8260        0     1                 .L0 
    8260     8260        2     2 .text.illegal_insn_handler_c
    8260     8260        2     2         include/exceptions.o:(.text.illegal_insn_handler_c)
    8260     8260        0     1                 .L0 
    8260     8260        0     1                 .L0 
    8260     8260        0     1                 .L0 
    8260     8260        0     1                 $x
    8260     8260        0     1                 .L0 
    8260     8260        2     1                 illegal_insn_handler_c
    8262     8262        0     1                 .L0 
    8262     8262        0     1                 .L0 
    8262     8262        2     2 .text.ecall_insn_handler_c
    8262     8262        2     2         include/exceptions.o:(.text.ecall_insn_handler_c)
    8262     8262        0     1                 .L0 
    8262     8262        0     1                 .L0 
    8262     8262        0     1                 .L0 
    8262     8262        0     1                 $x
    8262     8262        0     1                 .L0 
    8262     8262        2     1                 ecall_insn_handler_c
    8264     8264        0     1                 .L0 
    8264     8264        0     1                 .L0 
    8264     8264        2     2 .text.ISR_I2C
    8264     8264        2     2         include/int.o:(.text.ISR_I2C)
    8264     8264        0     1                 .L0 
    8264     8264        0     1                 .L0 
    8264     8264        0     1                 .L0 
    8264     8264        0     1                 $x
    8264     8264        0     1                 .L0 
    8264     8264        2     1                 ISR_I2C
    8266     8266        0     1                 .L0 
    8266     8266        0     1                 .L0 
    8266     8266        2     2 .text.ISR_UART
    8266     8266        2     2         include/int.o:(.text.ISR_UART)
    8266     8266        0     1                 .L0 
    8266     8266        0     1                 .L0 
    8266     8266        0     1                 .L0 
    8266     8266        0     1                 $x
    8266     8266        0     1                 .L0 
    8266     8266        2     1                 ISR_UART
    8268     8268        0     1                 .L0 
    8268     8268        0     1                 .L0 
    8268     8268        2     2 .text.ISR_GPIO
    8268     8268        2     2         include/int.o:(.text.ISR_GPIO)
    8268     8268        0     1                 .L0 
    8268     8268        0     1                 .L0 
    8268     8268        0     1                 .L0 
    8268     8268        0     1                 $x
    8268     8268        0     1                 .L0 
    8268     8268        2     1                 ISR_GPIO
    826a     826a        0     1                 .L0 
    826a     826a        0     1                 .L0 
    826a     826a        2     2 .text.ISR_SPIM0
    826a     826a        2     2         include/int.o:(.text.ISR_SPIM0)
    826a     826a        0     1                 .L0 
    826a     826a        0     1                 .L0 
    826a     826a        0     1                 .L0 
    826a     826a        0     1                 $x
    826a     826a        0     1                 .L0 
    826a     826a        2     1                 ISR_SPIM0
    826c     826c        0     1                 .L0 
    826c     826c        0     1                 .L0 
    826c     826c        2     2 .text.ISR_SPIM1
    826c     826c        2     2         include/int.o:(.text.ISR_SPIM1)
    826c     826c        0     1                 .L0 
    826c     826c        0     1                 .L0 
    826c     826c        0     1                 .L0 
    826c     826c        0     1                 $x
    826c     826c        0     1                 .L0 
    826c     826c        2     1                 ISR_SPIM1
    826e     826e        0     1                 .L0 
    826e     826e        0     1                 .L0 
    826e     826e        2     2 .text.ISR_TA_OVF
    826e     826e        2     2         include/int.o:(.text.ISR_TA_OVF)
    826e     826e        0     1                 .L0 
    826e     826e        0     1                 .L0 
    826e     826e        0     1                 .L0 
    826e     826e        0     1                 $x
    826e     826e        0     1                 .L0 
    826e     826e        2     1                 ISR_TA_OVF
    8270     8270        0     1                 .L0 
    8270     8270        0     1                 .L0 
    8270     8270        2     2 .text.ISR_TA_CMP
    8270     8270        2     2         include/int.o:(.text.ISR_TA_CMP)
    8270     8270        0     1                 .L0 
    8270     8270        0     1                 .L0 
    8270     8270        0     1                 .L0 
    8270     8270        0     1                 $x
    8270     8270        0     1                 .L0 
    8270     8270        2     1                 ISR_TA_CMP
    8272     8272        0     1                 .L0 
    8272     8272        0     1                 .L0 
    8272     8272        2     2 .text.ISR_TB_OVF
    8272     8272        2     2         include/int.o:(.text.ISR_TB_OVF)
    8272     8272        0     1                 .L0 
    8272     8272        0     1                 .L0 
    8272     8272        0     1                 .L0 
    8272     8272        0     1                 $x
    8272     8272        0     1                 .L0 
    8272     8272        2     1                 ISR_TB_OVF
    8274     8274        0     1                 .L0 
    8274     8274        0     1                 .L0 
    8274     8274        2     2 .text.ISR_TB_CMP
    8274     8274        2     2         include/int.o:(.text.ISR_TB_CMP)
    8274     8274        0     1                 .L0 
    8274     8274        0     1                 .L0 
    8274     8274        0     1                 .L0 
    8274     8274        0     1                 $x
    8274     8274        0     1                 .L0 
    8274     8274        2     1                 ISR_TB_CMP
    8276     8276        0     1                 .L0 
    8276     8276        0     1                 .L0 
    8276     8276       20     2 .text._copy
    8276     8276       20     2         include/tcutils.o:(.text._copy)
    8276     8276        0     1                 .L0 
    8276     8276        0     1                 .L0 
    8276     8276        0     1                 $x
    8276     8276        0     1                 .L0 
    8276     8276       20     1                 _copy
    827c     827c        0     1                 .L0 
    827c     827c        0     1                 .L0 
    8280     8280        0     1                 .L0 
    8282     8282        0     1                 .L0 
    8284     8284        0     1                 .L0 
    8284     8284        0     1                 .L0 
    8286     8286        0     1                 .L0 
    8286     8286        0     1                 .L0 
    8288     8288        0     1                 .L0 
    828a     828a        0     1                 .L0 
    828c     828c        0     1                 .L0 
    828c     828c        0     1                 .L0 
    828c     828c        0     1                 .L0 
    828e     828e        0     1                 .L0 
    8292     8292        0     1                 .L0 
    8296     8296        0     1                 .L0 
    8296     8296        0     1                 .L0 
    8296     8296        2     2 .text._set
    8296     8296        2     2         include/tcutils.o:(.text._set)
    8296     8296        0     1                 .L0 
    8296     8296        0     1                 .L0 
    8296     8296        0     1                 $x
    8296     8296        0     1                 .L0 
    8296     8296        2     1                 _set
    8298     8298        0     1                 .L0 
    8298     8298        0     1                 .L0 
    8298     8298       12     2 .text._double_byte
    8298     8298       12     2         include/tcutils.o:(.text._double_byte)
    8298     8298        0     1                 .L0 
    8298     8298        0     1                 .L0 
    8298     8298        0     1                 $x
    8298     8298        0     1                 .L0 
    8298     8298       12     1                 _double_byte
    829c     829c        0     1                 .L0 
    829e     829e        0     1                 .L0 
    82a2     82a2        0     1                 .L0 
    82a4     82a4        0     1                 .L0 
    82aa     82aa        0     1                 .L0 
    82aa     82aa       24     2 .text._compare
    82aa     82aa       24     2         include/tcutils.o:(.text._compare)
    82aa     82aa        0     1                 .L0 
    82aa     82aa        0     1                 .L0 
    82aa     82aa        0     1                 $x
    82aa     82aa        0     1                 .L0 
    82aa     82aa       24     1                 _compare
    82ac     82ac        0     1                 .L0 
    82ae     82ae        0     1                 .L0 
    82b0     82b0        0     1                 .L0 
    82b0     82b0        0     1                 .L0 
    82b0     82b0        0     1                 .L0 
    82b4     82b4        0     1                 .L0 
    82b8     82b8        0     1                 .L0 
    82ba     82ba        0     1                 .L0 
    82bc     82bc        0     1                 .L0 
    82be     82be        0     1                 .L0 
    82c0     82c0        0     1                 .L0 
    82c4     82c4        0     1                 .L0 
    82c4     82c4        0     1                 .L0 
    82c8     82c8        0     1                 .L0 
    82ca     82ca        0     1                 .L0 
    82ca     82ca        0     1                 .L0 
    82ca     82ca        0     1                 .L0 
    82cc     82cc        0     1                 .L0 
    82cc     82cc        0     1                 .L0 
    82ce     82ce        0     1                 .L0 
    82ce     82ce        0     1                 .L0 
    82ce     82ce       16     2 .text.memset
    82ce     82ce       16     2         include/tcutils.o:(.text.memset)
    82ce     82ce        0     1                 .L0 
    82ce     82ce        0     1                 .L0 
    82ce     82ce        0     1                 $x
    82ce     82ce        0     1                 .L0 
    82ce     82ce       16     1                 memset
    82d2     82d2        0     1                 .L0 
    82d2     82d2        0     1                 .L0 
    82d4     82d4        0     1                 .L0 
    82d4     82d4        0     1                 .L0 
    82d4     82d4        0     1                 .L0 
    82d8     82d8        0     1                 .L0 
    82d8     82d8        0     1                 .L0 
    82de     82de        0     1                 .L0 
    82de     82de        0     1                 .L0 
    82e2     82e2        0     1                 .L0 
    82e2     82e2        0     1                 .L0 
    82e2     82e2        0     1                 .L0 
    82e4     82e4        0     1                 .L0 
    82e4     82e4        0     1                 .L0 
    82e4     82e4       1c     2 .text.memcpy
    82e4     82e4       1c     2         include/tcutils.o:(.text.memcpy)
    82e4     82e4        0     1                 .L0 
    82e4     82e4        0     1                 .L0 
    82e4     82e4        0     1                 $x
    82e4     82e4        0     1                 .L0 
    82e4     82e4       1c     1                 memcpy
    82e8     82e8        0     1                 .L0 
    82e8     82e8        0     1                 .L0 
    82ea     82ea        0     1                 .L0 
    82ea     82ea        0     1                 .L0 
    82ea     82ea        0     1                 .L0 
    82ee     82ee        0     1                 .L0 
    82f0     82f0        0     1                 .L0 
    82f4     82f4        0     1                 .L0 
    82f4     82f4        0     1                 .L0 
    82fa     82fa        0     1                 .L0 
    82fa     82fa        0     1                 .L0 
    82fe     82fe        0     1                 .L0 
    82fe     82fe        0     1                 .L0 
    82fe     82fe        0     1                 .L0 
    8300     8300        0     1                 .L0 
    8300     8300        0     1                 .L0 
    8300     8300        2     2 .text.exit
    8300     8300        2     2         include/utils.o:(.text.exit)
    8300     8300        0     1                 .L0 
    8300     8300        0     1                 .L0 
    8300     8300        0     1                 .L0 
    8300     8300        0     1                 $x
    8300     8300        0     1                 .L0 
    8300     8300        2     1                 exit
    8302     8302        0     1                 .L0 
    8302     8302        0     1                 .L0 
    8302     8302        0     1                 .L0 
    8302     8302        2     2 .text.eoc
    8302     8302        2     2         include/utils.o:(.text.eoc)
    8302     8302        0     1                 .L0 
    8302     8302        0     1                 .L0 
    8302     8302        0     1                 .L0 
    8302     8302        0     1                 $x
    8302     8302        0     1                 .L0 
    8302     8302        2     1                 eoc
    8304     8304        0     1                 .L0 
    8304     8304        0     1                 .L0 
    8304     8304       1a     2 .text.sleep_busy
    8304     8304       1a     2         include/utils.o:(.text.sleep_busy)
    8304     8304        0     1                 .L0 
    8304     8304        0     1                 .L0 
    8304     8304        0     1                 $x
    8304     8304        0     1                 .L0 
    8304     8304       1a     1                 sleep_busy
    8306     8306        0     1                 .L0 
    8308     8308        0     1                 .L0 
    8308     8308        0     1                 .L0 
    830a     830a        0     1                 .L0 
    830e     830e        0     1                 .L0 
    8310     8310        0     1                 .L0 
    8310     8310        0     1                 .L0 
    8310     8310        0     1                 .L0 
    8312     8312        0     1                 .L0 
    8314     8314        0     1                 .L0 
    8316     8316        0     1                 .L0 
    831a     831a        0     1                 .L0 
    831a     831a        0     1                 .L0 
    831a     831a        0     1                 .L0 
    831c     831c        0     1                 .L0 
    831e     831e        0     1                 .L0 
    831e     831e        0     1                 .L0 
    831e     831e       26     2 .text.gf_mult
    831e     831e       26     2         main_d.o:(.text.gf_mult)
    831e     831e        0     1                 .L0 
    831e     831e        0     1                 .L0 
    831e     831e        0     1                 $x
    831e     831e        0     1                 .L0 
    831e     831e       26     1                 gf_mult
    8322     8322        0     1                 .L0 
    8322     8322        0     1                 .L0 
    8322     8322        0     1                 .L0 
    832e     832e        0     1                 .L0 
    8330     8330        0     1                 .L0 
    8332     8332        0     1                 .L0 
    8336     8336        0     1                 .L0 
    8338     8338        0     1                 .L0 
    833a     833a        0     1                 .L0 
    833c     833c        0     1                 .L0 
    833e     833e        0     1                 .L0 
    833e     833e        0     1                 .L0 
    8342     8342        0     1                 .L0 
    8344     8344        0     1                 .L0 
    8344     8344        0     1                 .L0 
    8344     8344      1c4     2 .text.expand_key
    8344     8344      1c4     2         main_d.o:(.text.expand_key)
    8344     8344        0     1                 .L0 
    8344     8344        0     1                 .L0 
    8344     8344        0     1                 $x
    8344     8344        0     1                 .L0 
    8344     8344      1c4     1                 expand_key
    8354     8354        0     1                 .L0 
    8354     8354        0     1                 .L0 
    835a     835a        0     1                 .L0 
    835a     835a        0     1                 .L0 
    835e     835e        0     1                 .L0 
    8362     8362        0     1                 .L0 
    8366     8366        0     1                 .L0 
    836a     836a        0     1                 .L0 
    8380     8380        0     1                 .L0 
    8380     8380        0     1                 .L0 
    8380     8380        0     1                 .L0 
    8388     8388        0     1                 .L0 
    838c     838c        0     1                 .L0 
    8390     8390        0     1                 .L0 
    8394     8394        0     1                 .L0 
    8396     8396        0     1                 .L0 
    8396     8396        0     1                 .L0 
    839a     839a        0     1                 .L0 
    839c     839c        0     1                 .L0 
    839c     839c        0     1                 .L0 
    83a0     83a0        0     1                 .L0 
    83a4     83a4        0     1                 .L0 
    83a8     83a8        0     1                 .L0 
    83ac     83ac        0     1                 .L0 
    83b0     83b0        0     1                 .L0 
    83b2     83b2        0     1                 .L0 
    83b6     83b6        0     1                 .L0 
    83ba     83ba        0     1                 .L0 
    83ba     83ba        0     1                 .L0 
    83be     83be        0     1                 .L0 
    83c2     83c2        0     1                 .L0 
    83c6     83c6        0     1                 .L0 
    83ca     83ca        0     1                 .L0 
    83ca     83ca        0     1                 .L0 
    83ca     83ca        0     1                 .L0 
    83ce     83ce        0     1                 .L0 
    83d2     83d2        0     1                 .L0 
    83d6     83d6        0     1                 .L0 
    83da     83da        0     1                 .L0 
    83de     83de        0     1                 .L0 
    83e0     83e0        0     1                 .L0 
    83e0     83e0        0     1                 .L0 
    83e4     83e4        0     1                 .L0 
    83e8     83e8        0     1                 .L0 
    83ec     83ec        0     1                 .L0 
    83f0     83f0        0     1                 .L0 
    83f4     83f4        0     1                 .L0 
    83f8     83f8        0     1                 .L0 
    83f8     83f8        0     1                 .L0 
    83fc     83fc        0     1                 .L0 
    83fc     83fc        0     1                 .L0 
    840c     840c        0     1                 .L0 
    8410     8410        0     1                 .L0 
    8410     8410        0     1                 .L0 
    8414     8414        0     1                 .L0 
    8414     8414        0     1                 .L0 
    8414     8414        0     1                 .L0 
    8418     8418        0     1                 .L0 
    8420     8420        0     1                 .L0 
    8424     8424        0     1                 .L0 
    8428     8428        0     1                 .L0 
    842c     842c        0     1                 .L0 
    842e     842e        0     1                 .L0 
    8430     8430        0     1                 .L0 
    8430     8430        0     1                 .L0 
    8440     8440        0     1                 .L0 
    8440     8440        0     1                 .L0 
    8440     8440        0     1                 .L0 
    844c     844c        0     1                 .L0 
    844e     844e        0     1                 .L0 
    8450     8450        0     1                 .L0 
    8450     8450        0     1                 .L0 
    8454     8454        0     1                 .L0 
    8458     8458        0     1                 .L0 
    845a     845a        0     1                 .L0 
    845c     845c        0     1                 .L0 
    845c     845c        0     1                 .L0 
    845e     845e        0     1                 .L0 
    8460     8460        0     1                 .L0 
    8468     8468        0     1                 .L0 
    8468     8468        0     1                 .L0 
    8468     8468        0     1                 .L0 
    8474     8474        0     1                 .L0 
    8476     8476        0     1                 .L0 
    8478     8478        0     1                 .L0 
    8478     8478        0     1                 .L0 
    847c     847c        0     1                 .L0 
    847e     847e        0     1                 .L0 
    8480     8480        0     1                 .L0 
    8482     8482        0     1                 .L0 
    8482     8482        0     1                 .L0 
    8484     8484        0     1                 .L0 
    8486     8486        0     1                 .L0 
    848e     848e        0     1                 .L0 
    848e     848e        0     1                 .L0 
    848e     848e        0     1                 .L0 
    849a     849a        0     1                 .L0 
    849c     849c        0     1                 .L0 
    849e     849e        0     1                 .L0 
    849e     849e        0     1                 .L0 
    84a2     84a2        0     1                 .L0 
    84a4     84a4        0     1                 .L0 
    84a6     84a6        0     1                 .L0 
    84a8     84a8        0     1                 .L0 
    84a8     84a8        0     1                 .L0 
    84aa     84aa        0     1                 .L0 
    84aa     84aa        0     1                 .L0 
    84ae     84ae        0     1                 .L0 
    84b6     84b6        0     1                 .L0 
    84b6     84b6        0     1                 .L0 
    84b6     84b6        0     1                 .L0 
    84c2     84c2        0     1                 .L0 
    84c4     84c4        0     1                 .L0 
    84c6     84c6        0     1                 .L0 
    84c6     84c6        0     1                 .L0 
    84ca     84ca        0     1                 .L0 
    84cc     84cc        0     1                 .L0 
    84ce     84ce        0     1                 .L0 
    84d0     84d0        0     1                 .L0 
    84d0     84d0        0     1                 .L0 
    84d2     84d2        0     1                 .L0 
    84d2     84d2        0     1                 .L0 
    84d6     84d6        0     1                 .L0 
    84da     84da        0     1                 .L0 
    84dc     84dc        0     1                 .L0 
    84de     84de        0     1                 .L0 
    84e0     84e0        0     1                 .L0 
    84e8     84e8        0     1                 .L0 
    84e8     84e8        0     1                 .L0 
    84ea     84ea        0     1                 .L0 
    84ee     84ee        0     1                 .L0 
    84ee     84ee        0     1                 .L0 
    84f2     84f2        0     1                 .L0 
    84f2     84f2        0     1                 .L0 
    84f6     84f6        0     1                 .L0 
    84f6     84f6        0     1                 .L0 
    8504     8504        0     1                 .L0 
    8508     8508        0     1                 .L0 
    8508     8508        0     1                 .L0 
    8508     8508       1c     2 .text.add_round_key
    8508     8508       1c     2         main_d.o:(.text.add_round_key)
    8508     8508        0     1                 .L0 
    8508     8508        0     1                 .L0 
    8508     8508        0     1                 $x
    8508     8508        0     1                 .L0 
    8508     8508       1c     1                 add_round_key
    850c     850c        0     1                 .L0 
    850c     850c        0     1                 .L0 
    8510     8510        0     1                 .L0 
    851a     851a        0     1                 .L0 
    851e     851e        0     1                 .L0 
    8522     8522        0     1                 .L0 
    8522     8522        0     1                 .L0 
    8524     8524        0     1                 .L0 
    8524     8524        0     1                 .L0 
    8524     8524      1de     2 .text.aes128_decrypt_block
    8524     8524      1de     2         main_d.o:(.text.aes128_decrypt_block)
    8524     8524        0     1                 .L0 
    8524     8524        0     1                 .L0 
    8524     8524        0     1                 $x
    8524     8524        0     1                 .L0 
    8524     8524      1de     1                 aes128_decrypt_block
    8526     8526        0     1                 .L0 
    8526     8526        0     1                 .L0 
    85a8     85a8        0     1                 .L0 
    85ac     85ac        0     1                 .L0 
    85b8     85b8        0     1                 .L0 
    85b8     85b8        0     1                 .L0 
    85bc     85bc        0     1                 .L0 
    85bc     85bc        0     1                 .L0 
    85c0     85c0        0     1                 .L0 
    85ca     85ca        0     1                 .L0 
    85ce     85ce        0     1                 .L0 
    85d2     85d2        0     1                 .L0 
    85d2     85d2        0     1                 .L0 
    85d4     85d4        0     1                 .L0 
    85d4     85d4        0     1                 .L0 
    85dc     85dc        0     1                 .L0 
    85dc     85dc        0     1                 .L0 
    85dc     85dc        0     1                 .L0 
    85e4     85e4        0     1                 .L0 
    85e6     85e6        0     1                 .L0 
    85ea     85ea        0     1                 .L0 
    85ee     85ee        0     1                 .L0 
    85f0     85f0        0     1                 .L0 
    85f4     85f4        0     1                 .L0 
    85f8     85f8        0     1                 .L0 
    85fa     85fa        0     1                 .L0 
    85fe     85fe        0     1                 .L0 
    8602     8602        0     1                 .L0 
    8606     8606        0     1                 .L0 
    860a     860a        0     1                 .L0 
    8612     8612        0     1                 .L0 
    861a     861a        0     1                 .L0 
    8622     8622        0     1                 .L0 
    8626     8626        0     1                 .L0 
    862a     862a        0     1                 .L0 
    862e     862e        0     1                 .L0 
    8636     8636        0     1                 .L0 
    863e     863e        0     1                 .L0 
    8646     8646        0     1                 .L0 
    864a     864a        0     1                 .L0 
    864c     864c        0     1                 .L0 
    8650     8650        0     1                 .L0 
    8656     8656        0     1                 .L0 
    865c     865c        0     1                 .L0 
    8662     8662        0     1                 .L0 
    8666     8666        0     1                 .L0 
    866a     866a        0     1                 .L0 
    866e     866e        0     1                 .L0 
    8672     8672        0     1                 .L0 
    8674     8674        0     1                 .L0 
    8674     8674        0     1                 .L0 
    8676     8676        0     1                 .L0 
    8676     8676        0     1                 .L0 
    8678     8678        0     1                 .L0 
    867a     867a        0     1                 .L0 
    867c     867c        0     1                 .L0 
    867c     867c        0     1                 .L0 
    8680     8680        0     1                 .L0 
    8680     8680        0     1                 .L0 
    868c     868c        0     1                 .L0 
    8694     8694        0     1                 .L0 
    869c     869c        0     1                 .L0 
    86a0     86a0        0     1                 .L0 
    86a2     86a2        0     1                 .L0 
    86a6     86a6        0     1                 .L0 
    86ac     86ac        0     1                 .L0 
    86b2     86b2        0     1                 .L0 
    86b8     86b8        0     1                 .L0 
    86bc     86bc        0     1                 .L0 
    86c0     86c0        0     1                 .L0 
    86c2     86c2        0     1                 .L0 
    86ca     86ca        0     1                 .L0 
    86d2     86d2        0     1                 .L0 
    86da     86da        0     1                 .L0 
    86de     86de        0     1                 .L0 
    86e0     86e0        0     1                 .L0 
    86e4     86e4        0     1                 .L0 
    86ea     86ea        0     1                 .L0 
    86f0     86f0        0     1                 .L0 
    86f6     86f6        0     1                 .L0 
    86fa     86fa        0     1                 .L0 
    86fc     86fc        0     1                 .L0 
    86fe     86fe        0     1                 .L0 
    8700     8700        0     1                 .L0 
    8702     8702        0     1                 .L0 
    8702     8702        0     1                 .L0 
    8702     8702        0     1                 .L0 
    8702     8702       5e     2 .text.aes128_ecb_decrypt
    8702     8702       5e     2         main_d.o:(.text.aes128_ecb_decrypt)
    8702     8702        0     1                 .L0 
    8702     8702        0     1                 .L0 
    8702     8702        0     1                 $x
    8702     8702        0     1                 .L0 
    8702     8702       5e     1                 aes128_ecb_decrypt
    8718     8718        0     1                 .L0 
    871a     871a        0     1                 .L0 
    871c     871c        0     1                 .L0 
    871e     871e        0     1                 .L0 
    8720     8720        0     1                 .L0 
    8722     8722        0     1                 .L0 
    8722     8722        0     1                 .L0 
    8728     8728        0     1                 .L0 
    8728     8728        0     1                 .L0 
    872a     872a        0     1                 .L0 
    872c     872c        0     1                 .L0 
    872c     872c        0     1                 .L0 
    872c     872c        0     1                 .L0 
    8736     8736        0     1                 .L0 
    8736     8736        0     1                 .L0 
    873a     873a        0     1                 .L0 
    873e     873e        0     1                 .L0 
    8742     8742        0     1                 .L0 
    8742     8742        0     1                 .L0 
    8744     8744        0     1                 .L0 
    8748     8748        0     1                 .L0 
    8748     8748        0     1                 .L0 
    8748     8748        0     1                 .L0 
    8754     8754        0     1                 .L0 
    875c     875c        0     1                 .L0 
    8760     8760        0     1                 .L0 
    8760     8760        0     1                 .L0 
    8760     8760        4     2 .text.write_to_address
    8760     8760        4     2         main_d.o:(.text.write_to_address)
    8760     8760        0     1                 .L0 
    8760     8760        0     1                 .L0 
    8760     8760        0     1                 $x
    8760     8760        0     1                 .L0 
    8760     8760        4     1                 write_to_address
    8762     8762        0     1                 .L0 
    8764     8764        0     1                 .L0 
    8764     8764       12     2 .text.write_v_to_address
    8764     8764       12     2         main_d.o:(.text.write_v_to_address)
    8764     8764        0     1                 .L0 
    8764     8764        0     1                 .L0 
    8764     8764        0     1                 $x
    8764     8764        0     1                 .L0 
    8764     8764       12     1                 write_v_to_address
    8768     8768        0     1                 .L0 
    8768     8768        0     1                 .L0 
    876a     876a        0     1                 .L0 
    876a     876a        0     1                 .L0 
    876c     876c        0     1                 .L0 
    8770     8770        0     1                 .L0 
    8774     8774        0     1                 .L0 
    8774     8774        0     1                 .L0 
    8776     8776        0     1                 .L0 
    8776     8776        0     1                 .L0 
    8776     8776        6     2 .text.write_numb_to_address
    8776     8776        6     2         main_d.o:(.text.write_numb_to_address)
    8776     8776        0     1                 .L0 
    8776     8776        0     1                 .L0 
    8776     8776        0     1                 $x
    8776     8776        0     1                 .L0 
    8776     8776        6     1                 write_numb_to_address
    8778     8778        0     1                 .L0 
    8778     8778        0     1                 .L0 
    877a     877a        0     1                 .L0 
    877c     877c        0     1                 .L0 
    877c     877c       be     2 .text.main
    877c     877c       be     2         main_d.o:(.text.main)
    877c     877c        0     1                 .L0 
    877c     877c        0     1                 .L0 
    877c     877c        0     1                 $x
    877c     877c        0     1                 .L0 
    877c     877c       be     1                 main
    8786     8786        0     1                 .L0 
    878a     878a        0     1                 .L0 
    87a4     87a4        0     1                 .L0 
    87a4     87a4        0     1                 .L0 
    87b4     87b4        0     1                 .L0 
    87b4     87b4        0     1                 .L0 
    87c0     87c0        0     1                 .L0 
    87c0     87c0        0     1                 .L0 
    87c4     87c4        0     1                 .L0 
    87c8     87c8        0     1                 .L0 
    87c8     87c8        0     1                 .L0 
    87d4     87d4        0     1                 .L0 
    87d4     87d4        0     1                 .L0 
    87d6     87d6        0     1                 .L0 
    87d6     87d6        0     1                 .L0 
    87da     87da        0     1                 .L0 
    87da     87da        0     1                 .L0 
    87dc     87dc        0     1                 .L0 
    87dc     87dc        0     1                 .L0 
    87e0     87e0        0     1                 .L0 
    87e0     87e0        0     1                 .L0 
    87e2     87e2        0     1                 .L0 
    87e2     87e2        0     1                 .L0 
    87e6     87e6        0     1                 .L0 
    87e6     87e6        0     1                 .L0 
    87e8     87e8        0     1                 .L0 
    87e8     87e8        0     1                 .L0 
    87f0     87f0        0     1                 .L0 
    87f4     87f4        0     1                 .L0 
    87f4     87f4        0     1                 .L0 
    8800     8800        0     1                 .L0 
    8800     8800        0     1                 .L0 
    8804     8804        0     1                 .L0 
    8804     8804        0     1                 .L0 
    8804     8804        0     1                 .L0 
    8808     8808        0     1                 .L0 
    880c     880c        0     1                 .L0 
    880c     880c        0     1                 .L0 
    8810     8810        0     1                 .L0 
    8810     8810        0     1                 .L0 
    8812     8812        0     1                 .L0 
    8816     8816        0     1                 .L0 
    8818     8818        0     1                 .L0 
    8818     8818        0     1                 .L0 
    881a     881a        0     1                 .L0 
    881a     881a        0     1                 .L0 
    881a     881a        0     1                 .L0 
    8822     8822        0     1                 .L0 
    8822     8822        0     1                 .L0 
    882a     882a        0     1                 .L0 
    882a     882a        0     1                 .L0 
    882c     882c        0     1                 .L0 
    882e     882e        0     1                 .L0 
    8836     8836        0     1                 .L0 
    883a     883a        0     1                 .L0 
    883a     883a        0     1                 .L0 
  100000   100000      14a     1 .rodata
  100000   100000        0     1         . = ALIGN(4)
  100000   100000      100     1         main_d.o:(.rodata.sbox)
  100000   100000      100     1                 sbox
  100000   100000        0     1                 $d
  100100   100100        a     1         main_d.o:(.rodata.rcon)
  100100   100100        a     1                 rcon
  100100   100100        0     1                 $d
  10010a   10010a       40     1         <internal>:(.rodata.cst16)
  10014a   10014a        2     1 .shbss
  10014a   10014a        2     1         . = ALIGN(4)
  10014c   10014c        0     1 .data
  10014c   10014c        0     1         . = ALIGN(4)
  10014c   10014c        0     1         sdata = .
  10014c   10014c        0     1         _sdata = .
  10014c   10014c        0     1         edata = .
  10014c   10014c        0     1         _edata = .
  10014c   10014c        0     1 .bss
  10014c   10014c        0     1         . = ALIGN(4)
  10014c   10014c        0     1         _bss_start = .
  10014c   10014c        0     1         _bss_end = .
  104000   104000     4000     1 .stack
  104000   104000        0     1         . = ALIGN(4)
  104000   104000     4000     1         . = . + _min_stack 
  108000   108000        0     1         . = ALIGN(4)
  108000   108000        0     1         stack = . 
  108000   108000        0     1         _stack = . 
  10014c   10014c        0     1 .bss
  10014c   10014c        0     1         . = ALIGN(4)
  10014c   10014c        0     1         _end = .
       0        0      459     1 .debug_abbrev
       0        0       31     1         include/exceptions.o:(.debug_abbrev)
       0        0        0     1                 $d
      31       31       31     1         include/int.o:(.debug_abbrev)
      31       31        0     1                 $d
      62       62       c2     1         include/tcutils.o:(.debug_abbrev)
      62       62        0     1                 $d
     124      124       cf     1         include/utils.o:(.debug_abbrev)
     124      124        0     1                 $d
     1f3      1f3      247     1         main_d.o:(.debug_abbrev)
     1f3      1f3        0     1                 $d
     43a      43a       1f     1         crt0.riscv.o:(.debug_abbrev)
     43a      43a        0     1                 .L0 
     43a      43a        0     1                 $d
       0        0      c2b     1 .debug_info
       0        0       49     1         include/exceptions.o:(.debug_info)
       0        0        0     1                 $d
      49       49       8b     1         include/int.o:(.debug_info)
      49       49        0     1                 $d
      d4       d4      1c8     1         include/tcutils.o:(.debug_info)
      d4       d4        0     1                 $d
     29c      29c       a8     1         include/utils.o:(.debug_info)
     29c      29c        0     1                 $d
     344      344      652     1         main_d.o:(.debug_info)
     344      344        0     1                 $d
     996      996      295     1         crt0.riscv.o:(.debug_info)
     996      996        0     1                 .L0 
     996      996        0     1                 $d
       0        0       ff     1 .debug_rnglists
       0        0       1a     1         include/exceptions.o:(.debug_rnglists)
       0        0        0     1                 $d
       c        c        0     1                 .L0 
      1a       1a       2c     1         include/int.o:(.debug_rnglists)
      1a       1a        0     1                 $d
      26       26        0     1                 .L0 
      46       46       23     1         include/tcutils.o:(.debug_rnglists)
      46       46        0     1                 $d
      52       52        0     1                 .L0 
      69       69       1a     1         include/utils.o:(.debug_rnglists)
      69       69        0     1                 $d
      75       75        0     1                 .L0 
      83       83       61     1         main_d.o:(.debug_rnglists)
      83       83        0     1                 $d
      8f       8f        0     1                 .L0 
      e4       e4       1b     1         crt0.riscv.o:(.debug_rnglists)
      e4       e4        0     1                 $d
      f0       f0        0     1                 .L0 
       0        0      218     1 .debug_str_offsets
       0        0       20     1         include/exceptions.o:(.debug_str_offsets)
       0        0        0     1                 $d
       8        8        0     1                 .L0 
      20       20       38     1         include/int.o:(.debug_str_offsets)
      20       20        0     1                 $d
      28       28        0     1                 .L0 
      58       58       94     1         include/tcutils.o:(.debug_str_offsets)
      58       58        0     1                 $d
      60       60        0     1                 .L0 
      ec       ec       2c     1         include/utils.o:(.debug_str_offsets)
      ec       ec        0     1                 $d
      f4       f4        0     1                 .L0 
     118      118      100     1         main_d.o:(.debug_str_offsets)
     118      118        0     1                 $d
     120      120        0     1                 .L0 
       0        0      419     1 .debug_str
       0        0      419     1         <internal>:(.debug_str)
       0        0      10c     1 .debug_addr
       0        0       14     1         include/exceptions.o:(.debug_addr)
       0        0        0     1                 $d
       8        8        0     1                 .L0 
      14       14       2c     1         include/int.o:(.debug_addr)
      14       14        0     1                 $d
      1c       1c        0     1                 .L0 
      40       40       20     1         include/tcutils.o:(.debug_addr)
      40       40        0     1                 $d
      48       48        0     1                 .L0 
      60       60       18     1         include/utils.o:(.debug_addr)
      60       60        0     1                 $d
      68       68        0     1                 .L0 
      78       78       94     1         main_d.o:(.debug_addr)
      78       78        0     1                 $d
      80       80        0     1                 .L0 
       0        0       71     1 .comment
       0        0       71     1         <internal>:(.comment)
       0        0       60     1 .riscv.attributes
       0        0       60     1         <internal>:(.riscv.attributes)
       0        0      2b8     4 .debug_frame
       0        0       44     4         include/exceptions.o:(.debug_frame)
       0        0        0     1                 .L0 
       0        0        0     1                 $d
      44       44       a4     4         include/int.o:(.debug_frame)
      44       44        0     1                 .L0 
      44       44        0     1                 $d
      e8       e8       84     4         include/tcutils.o:(.debug_frame)
      e8       e8        0     1                 .L0 
      e8       e8        0     1                 $d
     16c      16c       4c     4         include/utils.o:(.debug_frame)
     16c      16c        0     1                 .L0 
     16c      16c        0     1                 $d
     1b8      1b8      100     4         main_d.o:(.debug_frame)
     1b8      1b8        0     1                 .L0 
     1b8      1b8        0     1                 $d
       0        0     1185     1 .debug_line
       0        0       82     1         include/exceptions.o:(.debug_line)
       0        0        0     1                 .Lline_table_start0
       0        0        0     1                 $d
      82       82      100     1         include/int.o:(.debug_line)
      82       82        0     1                 .Lline_table_start0
      82       82        0     1                 $d
     182      182      247     1         include/tcutils.o:(.debug_line)
     182      182        0     1                 .Lline_table_start0
     182      182        0     1                 $d
     3c9      3c9       c3     1         include/utils.o:(.debug_line)
     3c9      3c9        0     1                 .Lline_table_start0
     3c9      3c9        0     1                 $d
     48c      48c      81d     1         main_d.o:(.debug_line)
     48c      48c        0     1                 .Lline_table_start0
     48c      48c        0     1                 $d
     ca9      ca9      4dc     1         crt0.riscv.o:(.debug_line)
     ca9      ca9        0     1                 .Lline_table_start0
     ca9      ca9        0     1                 $d
       0        0      13b     1 .debug_line_str
       0        0      13b     1         <internal>:(.debug_line_str)
       0        0      4ff     1 .debug_loclists
       0        0      115     1         include/tcutils.o:(.debug_loclists)
       0        0        0     1                 $d
       c        c        0     1                 .L0 
     115      115       1f     1         include/utils.o:(.debug_loclists)
     115      115        0     1                 $d
     121      121        0     1                 .L0 
     134      134      3cb     1         main_d.o:(.debug_loclists)
     134      134        0     1                 $d
     140      140        0     1                 .L0 
       0        0       28     1 .debug_aranges
       0        0       28     1         crt0.riscv.o:(.debug_aranges)
       0        0        0     1                 $d
       0        0      b20     4 .symtab
       0        0      b20     4         <internal>:(.symtab)
       0        0      323     1 .shstrtab
       0        0      323     1         <internal>:(.shstrtab)
       0        0      48c     1 .strtab
       0        0      48c     1         <internal>:(.strtab)
